DEFINED_CRT_ORG_CODE            = $0001 ; const, local, , cpc_crt0, , C:/Users/Jaume/AppData/Local/Temp/zcc000029C4E4604/zcc_opt.def:3
CRT_ORG_CODE                    = $0400 ; const, local, , cpc_crt0, , C:/Users/Jaume/AppData/Local/Temp/zcc000029C4E4604/zcc_opt.def:4
start                           = $0400 ; addr, local, , cpc_crt0, , crt.asm:7
T_WIDTH                         = $0020 ; const, local, , tilemap_conf_asm, , tilemap_conf.asm:66
T_HEIGHT                        = $0018 ; const, local, , tilemap_conf_asm, , tilemap_conf.asm:67
vpClipStruct                    = $1704 ; addr, local, , mk1_c, code_compiler, definitions.h:4
fsClipStruct                    = $1708 ; addr, local, , mk1_c, code_compiler, definitions.h:4
i_1                             = $56D1 ; addr, local, , mk1_c, rodata_compiler, mk1.c::main::0::124:118
HLshr6_A                        = $1724 ; addr, local, , mk1_c, code_compiler, mtasmlib.h:6
Ashl16_HL                       = $172F ; addr, local, , mk1_c, code_compiler, mtasmlib.h:6
withSign                        = $173B ; addr, local, , mk1_c, code_compiler, mtasmlib.h:6
depack                          = $1743 ; addr, local, , mk1_c, code_compiler, aplib.h:11
apbranch1                       = $1746 ; addr, local, , mk1_c, code_compiler, aplib.h:11
aploop0                         = $1748 ; addr, local, , mk1_c, code_compiler, aplib.h:11
ap_getbit                       = $17CA ; addr, local, , mk1_c, code_compiler, aplib.h:11
aploop                          = $174B ; addr, local, , mk1_c, code_compiler, aplib.h:11
apbranch2                       = $1789 ; addr, local, , mk1_c, code_compiler, aplib.h:11
apbranch3                       = $1775 ; addr, local, , mk1_c, code_compiler, aplib.h:11
apget4bits                      = $175E ; addr, local, , mk1_c, code_compiler, aplib.h:11
apbranch4                       = $176C ; addr, local, , mk1_c, code_compiler, aplib.h:11
apwritebyte                     = $1768 ; addr, local, , mk1_c, code_compiler, aplib.h:11
ap_finishup2                    = $17B7 ; addr, local, , mk1_c, code_compiler, aplib.h:11
ap_getgamma                     = $17D6 ; addr, local, , mk1_c, code_compiler, aplib.h:11
ap_r0_gamma                     = $17BE ; addr, local, , mk1_c, code_compiler, aplib.h:11
apskip2                         = $17A8 ; addr, local, , mk1_c, code_compiler, aplib.h:11
apskip3                         = $17B1 ; addr, local, , mk1_c, code_compiler, aplib.h:11
ap_finishup                     = $17B4 ; addr, local, , mk1_c, code_compiler, aplib.h:11
ap_getgammaloop                 = $17D9 ; addr, local, , mk1_c, code_compiler, aplib.h:11
bo_l1                           = $23DC ; addr, local, , mk1_c, code_compiler, pantallas.h::blackout::0::1:32
_font                           = $23FF ; addr, local, , mk1_c, code_compiler, assets/tileset.h::show_buffer_and_tiles::0::3:5
_tspatterns                     = $27FF ; addr, local, , mk1_c, code_compiler, assets/tileset.h::show_buffer_and_tiles::0::3:5
_attr_2                         = $38EE ; addr, local, , mk1_c, code_compiler, printer.h::attr::0::3:6
_attr_1                         = $38F6 ; addr, local, , mk1_c, code_compiler, printer.h::attr::0::3:6
_attr_1b                        = $3900 ; addr, local, , mk1_c, code_compiler, printer.h::attr::0::3:6
_map_attr                       = $C600 ; const, local, , mk1_c, code_compiler, mk1.c::main::0::124:118
_attr_end                       = $3913 ; addr, local, , mk1_c, code_compiler, printer.h::attr::0::3:6
qtile_do                        = $391E ; addr, local, , mk1_c, code_compiler, printer.h::qtile::0::4:61
_map_buff                       = $C696 ; const, local, , mk1_c, code_compiler, mk1.c::main::0::124:118
_draw_decorations_loop          = $39B3 ; addr, local, , mk1_c, code_compiler, printer.h::draw_decorations::0::11:491
print_str_loop                  = $3A65 ; addr, local, , mk1_c, code_compiler, printer.h::print_str::0::14:663
print_str_inv                   = $3A77 ; addr, local, , mk1_c, code_compiler, printer.h::print_str::0::14:663
i_16                            = $3A96 ; addr, local, , mk1_c, code_compiler, printer.h::clear_sprites::0::15:717
i_14                            = $3A91 ; addr, local, , mk1_c, code_compiler, printer.h::clear_sprites::0::15:717
i_15                            = $3AB7 ; addr, local, , mk1_c, code_compiler, printer.h::clear_sprites::0::15:717
_sp_sw                          = $E600 ; const, local, , mk1_c, code_compiler, mk1.c::main::0::124:118
i_17                            = $3ABD ; addr, local, , mk1_c, code_compiler, printer.h::pal_set::0::17:727
i_18                            = $3AE5 ; addr, local, , mk1_c, code_compiler, printer.h::pal_set::0::17:727
i_19                            = $3B1B ; addr, local, , mk1_c, code_compiler, engine/update.h::cpc_UpdateNow::0::18:9
_cpc_screen_update_inv_loop     = $3AF2 ; addr, local, , mk1_c, code_compiler, engine/update.h::cpc_UpdateNow::0::18:9
_cpc_screen_update_inv_ret      = $3B14 ; addr, local, , mk1_c, code_compiler, engine/update.h::cpc_UpdateNow::0::18:9
_cpc_screen_update_upd_buffer   = $3B1B ; addr, local, , mk1_c, code_compiler, engine/update.h::cpc_UpdateNow::0::18:9
i_20                            = $3B52 ; addr, local, , mk1_c, code_compiler, engine/update.h::cpc_UpdateNow::0::18:9
_cpc_screen_update_upd_loop     = $3B2A ; addr, local, , mk1_c, code_compiler, engine/update.h::cpc_UpdateNow::0::18:9
_cpc_screen_update_upd_ret      = $3B4D ; addr, local, , mk1_c, code_compiler, engine/update.h::cpc_UpdateNow::0::18:9
_cpc_screen_update_done         = $3B52 ; addr, local, , mk1_c, code_compiler, engine/update.h::cpc_UpdateNow::0::18:9
_cm_two_points_at1_reset        = $3B99 ; addr, local, , mk1_c, code_compiler, engine/general.h::cm_two_points::0::22:63
_cm_two_points_at1_do           = $3B9C ; addr, local, , mk1_c, code_compiler, engine/general.h::cm_two_points::0::22:63
_cm_two_points_at1_done         = $3BB6 ; addr, local, , mk1_c, code_compiler, engine/general.h::cm_two_points::0::22:63
_cm_two_points_at2_reset        = $3BC7 ; addr, local, , mk1_c, code_compiler, engine/general.h::cm_two_points::0::22:63
_cm_two_points_at2_do           = $3BCA ; addr, local, , mk1_c, code_compiler, engine/general.h::cm_two_points::0::22:63
_cm_two_points_at2_done         = $3BE4 ; addr, local, , mk1_c, code_compiler, engine/general.h::cm_two_points::0::22:63
rand16                          = $3BE8 ; addr, local, , mk1_c, code_compiler, engine/general.h::rand::0::23:138
nextrand                        = $3C04 ; addr, local, , mk1_c, code_compiler, engine/general.h::rand::0::23:138
i_21                            = $3C22 ; addr, local, , mk1_c, code_compiler, engine/general.h::abs::0::24:182
i_22                            = $3C27 ; addr, local, , mk1_c, code_compiler, engine/general.h::abs::0::24:182
i_23                            = $3CAB ; addr, local, , mk1_c, code_compiler, engine.h::addsign::0::27:20
i_24                            = $3CB3 ; addr, local, , mk1_c, code_compiler, engine.h::addsign::0::27:20
i_25                            = $3CB4 ; addr, local, , mk1_c, code_compiler, engine.h::espera_activa::0::28:28
i_26                            = $3CBC ; addr, local, , mk1_c, code_compiler, engine.h::espera_activa::0::28:28
i_29                            = $3CBC ; addr, local, , mk1_c, code_compiler, engine.h::espera_activa::0::28:28
i_28                            = $3CD4 ; addr, local, , mk1_c, code_compiler, engine.h::espera_activa::0::28:28
i_30                            = $3CCA ; addr, local, , mk1_c, code_compiler, engine.h::espera_activa::0::28:28
i_27                            = $3CCA ; addr, local, , mk1_c, code_compiler, engine.h::espera_activa::0::28:28
i_33                            = $3D09 ; addr, local, , mk1_c, code_compiler, engine.h::draw_scr_background::0::30:352
i_31                            = $3D02 ; addr, local, , mk1_c, code_compiler, engine.h::draw_scr_background::0::30:352
i_32                            = $3D56 ; addr, local, , mk1_c, code_compiler, engine.h::draw_scr_background::0::30:352
_advance_worm_no_inc_y          = $3D50 ; addr, local, , mk1_c, code_compiler, engine.h::draw_scr_background::0::30:352
_hotspots_setup_done            = $3DD3 ; addr, local, , mk1_c, code_compiler, engine.h::draw_scr::1::33:669
_hotspots_setup_do              = $3D99 ; addr, local, , mk1_c, code_compiler, engine.h::draw_scr::1::33:553
_hotspots_setup_set             = $3DCB ; addr, local, , mk1_c, code_compiler, engine.h::draw_scr::1::33:553
_hotspots_setup_set_refill      = $3DCA ; addr, local, , mk1_c, code_compiler, engine.h::draw_scr::1::33:553
_mons_col_sc_x_lineal           = $3DDE ; addr, local, , mk1_c, code_compiler, engine.h::mons_col_sc_x::0::33:768
_mons_col_sc_x_compare          = $3DE4 ; addr, local, , mk1_c, code_compiler, engine.h::mons_col_sc_x::0::33:768
_mons_col_sc_x_horz_positive    = $3DF1 ; addr, local, , mk1_c, code_compiler, engine.h::mons_col_sc_x::0::33:768
_mons_col_sc_x_horz_negative_zero = $3DEE ; addr, local, , mk1_c, code_compiler, engine.h::mons_col_sc_x::0::33:768
_mons_col_sc_x_horz_set         = $3DF2 ; addr, local, , mk1_c, code_compiler, engine.h::mons_col_sc_x::0::33:768
i_34                            = $3E46 ; addr, local, , mk1_c, code_compiler, engine.h::mons_col_sc_x::0::33:768
i_35                            = $3E49 ; addr, local, , mk1_c, code_compiler, engine.h::mons_col_sc_x::0::33:768
_mons_col_sc_y_lineal           = $3E4C ; addr, local, , mk1_c, code_compiler, engine.h::mons_col_sc_y::0::34:849
_mons_col_sc_y_compare          = $3E52 ; addr, local, , mk1_c, code_compiler, engine.h::mons_col_sc_y::0::34:849
_mons_col_sc_y_vert_positive    = $3E5F ; addr, local, , mk1_c, code_compiler, engine.h::mons_col_sc_y::0::34:849
_mons_col_sc_y_vert_negative_zero = $3E5C ; addr, local, , mk1_c, code_compiler, engine.h::mons_col_sc_y::0::34:849
_mons_col_sc_y_vert_set         = $3E60 ; addr, local, , mk1_c, code_compiler, engine.h::mons_col_sc_y::0::34:849
i_36                            = $3EA4 ; addr, local, , mk1_c, code_compiler, engine.h::mons_col_sc_y::0::34:849
i_37                            = $3EA7 ; addr, local, , mk1_c, code_compiler, engine.h::mons_col_sc_y::0::34:849
_player_gravity_add             = $3F75 ; addr, local, , mk1_c, code_compiler, engine/player.h::player_move::0::37:247
_player_gravity_maximum         = $3F7B ; addr, local, , mk1_c, code_compiler, engine/player.h::player_move::0::37:247
_player_gravity_vy_set          = $3F7E ; addr, local, , mk1_c, code_compiler, engine/player.h::player_move::0::37:247
_player_gravity_done            = $3F81 ; addr, local, , mk1_c, code_compiler, engine/player.h::player_move::0::37:247
_player_gravity_p_gotten_done   = $3F91 ; addr, local, , mk1_c, code_compiler, engine/player.h::player_move::0::37:247
i_38                            = $3FAE ; addr, local, , mk1_c, code_compiler, engine/player.h::player_move::1::39:372
i_39                            = $3FBC ; addr, local, , mk1_c, code_compiler, engine/player.h::player_move::1::39:372
i_40                            = $3FCF ; addr, local, , mk1_c, code_compiler, engine/player.h::player_move::1::39:372
i_41                            = $403C ; addr, local, , mk1_c, code_compiler, engine/player.h::player_move::3::41:410
i_43                            = $401C ; addr, local, , mk1_c, code_compiler, engine/player.h::player_move::1::39:372
i_42                            = $403C ; addr, local, , mk1_c, code_compiler, engine/player.h::player_move::3::41:410
i_45                            = $40AA ; addr, local, , mk1_c, code_compiler, engine/player.h::player_move::3::43:487
i_47                            = $4085 ; addr, local, , mk1_c, code_compiler, engine/player.h::player_move::3::41:410
i_48                            = $40AA ; addr, local, , mk1_c, code_compiler, engine/player.h::player_move::3::41:410
i_49                            = $4085 ; addr, local, , mk1_c, code_compiler, engine/player.h::player_move::3::41:410
i_46                            = $40AA ; addr, local, , mk1_c, code_compiler, engine/player.h::player_move::3::43:487
i_52_i_48                       = $4085 ; addr, local, , mk1_c, code_compiler, engine/player.h::player_move::3::41:410
evil_tile_check_vert_done       = $40CD ; addr, local, , mk1_c, code_compiler, engine/player.h::player_move::3::43:487
i_53                            = $4101 ; addr, local, , mk1_c, code_compiler, engine/player.h::player_move::3::43:487
i_54                            = $4104 ; addr, local, , mk1_c, code_compiler, engine/player.h::player_move::3::43:487
i_55                            = $4183 ; addr, local, , mk1_c, code_compiler, engine/player.h::player_move::3::45:640
i_56                            = $413D ; addr, local, , mk1_c, code_compiler, engine/player.h::player_move::3::45:640
i_58                            = $412B ; addr, local, , mk1_c, code_compiler, engine/player.h::player_move::3::45:640
i_57                            = $4187 ; addr, local, , mk1_c, code_compiler, engine/player.h::player_move::3::45:640
i_60                            = $4187 ; addr, local, , mk1_c, code_compiler, engine/player.h::player_move::3::45:640
i_61                            = $416C ; addr, local, , mk1_c, code_compiler, engine/player.h::player_move::3::45:640
i_62                            = $4187 ; addr, local, , mk1_c, code_compiler, engine/player.h::player_move::3::45:640
i_63                            = $4187 ; addr, local, , mk1_c, code_compiler, engine/player.h::player_move::3::45:640
i_65                            = $419D ; addr, local, , mk1_c, code_compiler, engine/player.h::player_move::3::45:640
i_66                            = $41A0 ; addr, local, , mk1_c, code_compiler, engine/player.h::player_move::3::45:640
i_64                            = $41D2 ; addr, local, , mk1_c, code_compiler, engine/player.h::player_move::3::45:640
decelerate_right                = $41C1 ; addr, local, , mk1_c, code_compiler, engine/player.h::player_move::3::45:640
decelerate_left                 = $41B1 ; addr, local, , mk1_c, code_compiler, engine/player.h::player_move::3::45:640
h_acceleration_set              = $41BC ; addr, local, , mk1_c, code_compiler, engine/player.h::player_move::3::45:640
h_acceleration_done             = $421B ; addr, local, , mk1_c, code_compiler, engine/player.h::player_move::2::51:802
h_decelerate_done               = $41D2 ; addr, local, , mk1_c, code_compiler, engine/player.h::player_move::3::45:640
i_67                            = $41F6 ; addr, local, , mk1_c, code_compiler, engine/player.h::player_move::2::50:763
accelerate_left_done            = $41F6 ; addr, local, , mk1_c, code_compiler, engine/player.h::player_move::2::50:763
i_68                            = $421B ; addr, local, , mk1_c, code_compiler, engine/player.h::player_move::2::51:802
accelerate_right_done           = $421B ; addr, local, , mk1_c, code_compiler, engine/player.h::player_move::2::51:802
i_69                            = $4239 ; addr, local, , mk1_c, code_compiler, engine/player.h::player_move::1::51:846
i_70                            = $424C ; addr, local, , mk1_c, code_compiler, engine/player.h::player_move::1::51:846
i_71                            = $42CF ; addr, local, , mk1_c, code_compiler, engine/player.h::player_move::3::53:886
i_73                            = $4298 ; addr, local, , mk1_c, code_compiler, engine/player.h::player_move::1::51:846
i_72                            = $42C0 ; addr, local, , mk1_c, code_compiler, engine/player.h::player_move::3::53:886
i_75                            = $42CF ; addr, local, , mk1_c, code_compiler, engine/player.h::player_move::3::53:886
i_76                            = $4334 ; addr, local, , mk1_c, code_compiler, engine/player.h::player_move::3::56:961
i_78                            = $42FE ; addr, local, , mk1_c, code_compiler, engine/player.h::player_move::3::53:886
i_77                            = $4325 ; addr, local, , mk1_c, code_compiler, engine/player.h::player_move::3::56:961
i_80                            = $4334 ; addr, local, , mk1_c, code_compiler, engine/player.h::player_move::3::56:961
i_81                            = $4384 ; addr, local, , mk1_c, code_compiler, engine/player.h::player_move::1::59:1108
i_82                            = $4384 ; addr, local, , mk1_c, code_compiler, ./my/ci/player_center_checks.h::player_move::1::57:0
i_83                            = $4395 ; addr, local, , mk1_c, code_compiler, engine/player.h::player_move::2::60:1112
i_84                            = $439A ; addr, local, , mk1_c, code_compiler, engine/player.h::player_move::2::60:1112
i_85                            = $43C0 ; addr, local, , mk1_c, code_compiler, engine/player.h::player_move::2::60:1112
i_86                            = $43DF ; addr, local, , mk1_c, code_compiler, engine/player.h::player_move::2::60:1112
i_87                            = $43DF ; addr, local, , mk1_c, code_compiler, engine/player.h::player_move::2::60:1112
i_88                            = $43F4 ; addr, local, , mk1_c, code_compiler, engine/player.h::player_move::2::60:1112
i_89                            = $43F4 ; addr, local, , mk1_c, code_compiler, engine/player.h::player_move::2::60:1112
i_91                            = $4419 ; addr, local, , mk1_c, code_compiler, engine/player.h::player_move::2::60:1112
i_90                            = $4419 ; addr, local, , mk1_c, code_compiler, engine/player.h::player_move::2::60:1112
i_92_i_91                       = $4402 ; addr, local, , mk1_c, code_compiler, engine/player.h::player_move::2::60:1112
i_93                            = $440F ; addr, local, , mk1_c, code_compiler, engine/player.h::player_move::2::60:1112
i_94                            = $4412 ; addr, local, , mk1_c, code_compiler, engine/player.h::player_move::2::60:1112
i_95                            = $446D ; addr, local, , mk1_c, code_compiler, engine/player.h::player_move::2::60:1112
i_96                            = $4426 ; addr, local, , mk1_c, code_compiler, engine/player.h::player_move::2::60:1112
i_97                            = $4429 ; addr, local, , mk1_c, code_compiler, engine/player.h::player_move::2::60:1112
i_98                            = $443F ; addr, local, , mk1_c, code_compiler, engine/player.h::player_move::2::60:1112
i_99                            = $446D ; addr, local, , mk1_c, code_compiler, engine/player.h::player_move::2::60:1112
i_100                           = $445C ; addr, local, , mk1_c, code_compiler, engine/player.h::player_move::2::60:1112
_player_spr_setup               = $4483 ; addr, local, , mk1_c, code_compiler, engine/player.h::player_move::2::60:1112
_player_spr_setup_done          = $44B2 ; addr, local, , mk1_c, code_compiler, engine/player.h::player_move::2::60:1112
i_101                           = $44D4 ; addr, local, , mk1_c, code_compiler, engine/player.h::player_deplete::0::69:1488
i_102                           = $44D7 ; addr, local, , mk1_c, code_compiler, engine/player.h::player_deplete::0::69:1488
calc_baddies_pointer            = $44FF ; addr, local, , mk1_c, code_compiler, engine/enengine.h::player_kill::0::71:6
i_103                           = $4511 ; addr, local, , mk1_c, code_compiler, engine/enengine.h::enems_init::0::71:66
i_104                           = $4556 ; addr, local, , mk1_c, code_compiler, engine/enengine.h::enems_init::0::71:66
i_107                           = $4571 ; addr, local, , mk1_c, code_compiler, engine/enengine.h::enems_load::0::73:79
i_105                           = $456A ; addr, local, , mk1_c, code_compiler, engine/enengine.h::enems_load::0::73:79
i_106                           = $4727 ; addr, local, , mk1_c, code_compiler, engine/enengine.h::enems_load::3::80:231
_en_an_frame                    = $D603 ; const, local, , mk1_c, code_compiler, mk1.c::main::0::124:118
_en_an_state                    = $D60C ; const, local, , mk1_c, code_compiler, mk1.c::main::0::124:118
_en_an_count                    = $D606 ; const, local, , mk1_c, code_compiler, mk1.c::main::0::124:118
_en_an_next_frame               = $D63C ; const, local, , mk1_c, code_compiler, mk1.c::main::0::124:118
i_108                           = $4630 ; addr, local, , mk1_c, code_compiler, engine/enengine.h::enems_load::5::77:202
i_111                           = $45DC ; addr, local, , mk1_c, code_compiler, engine/enengine.h::enems_load::3::75:122
i_112                           = $45F4 ; addr, local, , mk1_c, code_compiler, engine/enengine.h::enems_load::3::75:122
i_113                           = $45F4 ; addr, local, , mk1_c, code_compiler, engine/enengine.h::enems_load::3::75:122
i_114                           = $45F4 ; addr, local, , mk1_c, code_compiler, engine/enengine.h::enems_load::3::75:122
i_115                           = $45F4 ; addr, local, , mk1_c, code_compiler, engine/enengine.h::enems_load::3::75:122
i_116                           = $4622 ; addr, local, , mk1_c, code_compiler, engine/enengine.h::enems_load::5::77:202
_en_an_base_frame               = $D600 ; const, local, , mk1_c, code_compiler, mk1.c::main::0::124:118
i_110                           = $463B ; addr, local, , mk1_c, code_compiler, engine/enengine.h::enems_load::5::77:202
i_117                           = $463B ; addr, local, , mk1_c, code_compiler, engine/enengine.h::enems_load::5::77:202
i_118                           = $4711 ; addr, local, , mk1_c, code_compiler, engine/enengine.h::enems_load::5::77:202
redefine_sp_sw                  = $4659 ; addr, local, , mk1_c, code_compiler, engine/enengine.h::enems_load::5::77:202
i_119                           = $4724 ; addr, local, , mk1_c, code_compiler, engine/enengine.h::enems_load::5::77:202
enems_kill_noflag               = $4734 ; addr, local, , mk1_c, code_compiler, engine/enengine.h::enems_kill::0::80:235
i_122                           = $4755 ; addr, local, , mk1_c, code_compiler, engine/enengine.h::enems_move::0::81:265
i_120                           = $4750 ; addr, local, , mk1_c, code_compiler, engine/enengine.h::enems_move::0::81:265
i_121                           = $49EA ; addr, local, , mk1_c, code_compiler, engine/enengine.h::enems_move::4::90:787
_en_dying                       = $47A5 ; addr, local, , mk1_c, code_compiler, engine/enengine.h::enems_move::0::81:265
_en_dying_done                  = $47D0 ; addr, local, , mk1_c, code_compiler, engine/enengine.h::enems_move::0::81:265
_en_dying_dead                  = $47BB ; addr, local, , mk1_c, code_compiler, engine/enengine.h::enems_move::0::81:265
_pregotten_calc                 = $47D0 ; addr, local, , mk1_c, code_compiler, engine/enengine.h::enems_move::0::81:265
_pregotten_reset                = $47EC ; addr, local, , mk1_c, code_compiler, engine/enengine.h::enems_move::0::81:265
_pregotten_set                  = $47E8 ; addr, local, , mk1_c, code_compiler, engine/enengine.h::enems_move::0::81:265
_pregotten_write                = $47ED ; addr, local, , mk1_c, code_compiler, engine/enengine.h::enems_move::0::81:265
i_125                           = $47F5 ; addr, local, , mk1_c, code_compiler, engine/enengine.h::enems_move::3::83:416
i_126                           = $480D ; addr, local, , mk1_c, code_compiler, engine/enengine.h::enems_move::3::83:416
i_127                           = $480D ; addr, local, , mk1_c, code_compiler, engine/enengine.h::enems_move::3::83:416
i_128                           = $480D ; addr, local, , mk1_c, code_compiler, engine/enengine.h::enems_move::3::83:416
i_129                           = $480D ; addr, local, , mk1_c, code_compiler, engine/enengine.h::enems_move::3::83:416
i_124                           = $4863 ; addr, local, , mk1_c, code_compiler, engine/enengine.h::enems_move::4::84:444
_enems_lm_change_axis_x         = $4831 ; addr, local, , mk1_c, code_compiler, ./engine/enem_mods/enem_type_lineal.h::enems_move::4::84:0
_enems_lm_change_axis_x_done    = $4839 ; addr, local, , mk1_c, code_compiler, ./engine/enem_mods/enem_type_lineal.h::enems_move::4::84:0
_enems_lm_change_axis_y         = $4858 ; addr, local, , mk1_c, code_compiler, ./engine/enem_mods/enem_type_lineal.h::enems_move::4::84:0
_enems_lm_change_axis_y_done    = $4860 ; addr, local, , mk1_c, code_compiler, ./engine/enem_mods/enem_type_lineal.h::enems_move::4::84:0
enems_just_moved                = $4863 ; addr, local, , mk1_c, code_compiler, engine/enengine.h::enems_move::4::84:444
i_130                           = $4960 ; addr, local, , mk1_c, code_compiler, engine/enengine.h::enems_move::4::90:787
_enems_move_update_frame_done   = $48A9 ; addr, local, , mk1_c, code_compiler, engine/enengine.h::enems_move::4::84:444
i_132                           = $4960 ; addr, local, , mk1_c, code_compiler, engine/enengine.h::enems_move::5::86:545
i_131                           = $4960 ; addr, local, , mk1_c, code_compiler, engine/enengine.h::enems_move::7::90:602
i_133_i_132                     = $48CB ; addr, local, , mk1_c, code_compiler, engine/enengine.h::enems_move::5::86:545
i_135                           = $4930 ; addr, local, , mk1_c, code_compiler, engine/enengine.h::enems_move::5::86:545
i_134                           = $4930 ; addr, local, , mk1_c, code_compiler, engine/enengine.h::enems_move::5::86:545
i_136_i_135                     = $48F5 ; addr, local, , mk1_c, code_compiler, engine/enengine.h::enems_move::5::86:545
i_137                           = $4960 ; addr, local, , mk1_c, code_compiler, engine/enengine.h::enems_move::7::90:602
i_138                           = $4960 ; addr, local, , mk1_c, code_compiler, engine/enengine.h::enems_move::7::90:602
_enem_spr_setup                 = $4960 ; addr, local, , mk1_c, code_compiler, engine/enengine.h::enems_move::4::90:787
_en_an_sprid                    = $D609 ; const, local, , mk1_c, code_compiler, mk1.c::main::0::124:118
_set_current_frame              = $49A2 ; addr, local, , mk1_c, code_compiler, engine/enengine.h::enems_move::4::90:787
_enem_spr_setup_done            = $49B7 ; addr, local, , mk1_c, code_compiler, engine/enengine.h::enems_move::4::90:787
init_hotspots_loop              = $49F5 ; addr, local, , mk1_c, code_compiler, engine/hotspots.h::hotspots_init::0::90:7
i_139                           = $4A11 ; addr, local, , mk1_c, code_compiler, engine/hotspots.h::hotspots_do::0::91:30
i_140                           = $4AC7 ; addr, local, , mk1_c, code_compiler, engine/hotspots.h::hotspots_do::3::94:117
i_143                           = $4A40 ; addr, local, , mk1_c, code_compiler, engine/hotspots.h::hotspots_do::0::91:30
i_142                           = $4A76 ; addr, local, , mk1_c, code_compiler, engine/hotspots.h::hotspots_do::3::94:117
i_144                           = $4A46 ; addr, local, , mk1_c, code_compiler, engine/hotspots.h::hotspots_do::0::91:30
i_145                           = $4A68 ; addr, local, , mk1_c, code_compiler, engine/hotspots.h::hotspots_do::0::91:30
i_146                           = $4A6D ; addr, local, , mk1_c, code_compiler, engine/hotspots.h::hotspots_do::0::91:30
i_147                           = $4AC7 ; addr, local, , mk1_c, code_compiler, engine/hotspots.h::hotspots_do::3::94:117
EFECTO0                         = $4AC8 ; addr, local, , mk1_c, code_compiler, my/wyz/efectos.h::hotspots_do::0::95:29
EFECTO1                         = $4B23 ; addr, local, , mk1_c, code_compiler, my/wyz/efectos.h::hotspots_do::0::95:29
EFECTO2                         = $4B24 ; addr, local, , mk1_c, code_compiler, my/wyz/efectos.h::hotspots_do::0::95:29
EFECTO3                         = $4B25 ; addr, local, , mk1_c, code_compiler, my/wyz/efectos.h::hotspots_do::0::95:29
EFECTO4                         = $4B56 ; addr, local, , mk1_c, code_compiler, my/wyz/efectos.h::hotspots_do::0::95:29
EFECTO5                         = $4B57 ; addr, local, , mk1_c, code_compiler, my/wyz/efectos.h::hotspots_do::0::95:29
EFECTO6                         = $4B6D ; addr, local, , mk1_c, code_compiler, my/wyz/efectos.h::hotspots_do::0::95:29
EFECTO7                         = $4B6E ; addr, local, , mk1_c, code_compiler, my/wyz/efectos.h::hotspots_do::0::95:29
EFECTO8                         = $4B6F ; addr, local, , mk1_c, code_compiler, my/wyz/efectos.h::hotspots_do::0::95:29
EFECTO9                         = $4B70 ; addr, local, , mk1_c, code_compiler, my/wyz/efectos.h::hotspots_do::0::95:29
EFECTO10                        = $4B71 ; addr, local, , mk1_c, code_compiler, my/wyz/efectos.h::hotspots_do::0::95:29
EFECTO11                        = $4B72 ; addr, local, , mk1_c, code_compiler, my/wyz/efectos.h::hotspots_do::0::95:29
EFECTO12                        = $4B73 ; addr, local, , mk1_c, code_compiler, my/wyz/efectos.h::hotspots_do::0::95:29
EFECTO13                        = $4B98 ; addr, local, , mk1_c, code_compiler, my/wyz/efectos.h::hotspots_do::0::95:29
EFECTO14                        = $4BBD ; addr, local, , mk1_c, code_compiler, my/wyz/efectos.h::hotspots_do::0::95:29
TABLA_PAUTAS                    = $4BDC ; addr, local, , mk1_c, code_compiler, my/wyz/instrumentos.h::hotspots_do::0::95:7
PAUTA_0                         = $4BE0 ; addr, local, , mk1_c, code_compiler, my/wyz/instrumentos.h::hotspots_do::0::95:7
TABLA_SONIDOS                   = $4BDE ; addr, local, , mk1_c, code_compiler, my/wyz/instrumentos.h::hotspots_do::0::95:7
_00_title_mus_bin               = $4BE9 ; addr, local, , mk1_c, code_compiler, my/wyz/songs.h::hotspots_do::0::95:6
_01_ingame_mus_bin              = $4C3B ; addr, local, , mk1_c, code_compiler, my/wyz/songs.h::hotspots_do::0::95:6
WYZPLAYER_INIT                  = $4C8E ; addr, local, , mk1_c, code_compiler, wyz_player.h::wyz_stop_sound::0::99:51
CARGA_CANCION                   = $4DF2 ; addr, local, , mk1_c, code_compiler, wyz_player.h::wyz_stop_sound::0::99:51
INICIA_EFECTO                   = $4CCE ; addr, local, , mk1_c, code_compiler, wyz_player.h::wyz_stop_sound::0::99:51
PLAYER_OFF                      = $4DCF ; addr, local, , mk1_c, code_compiler, wyz_player.h::wyz_stop_sound::0::99:51
CANAL_A                         = $5208 ; addr, local, , mk1_c, code_compiler, wyz_player.h::wyz_stop_sound::0::99:51
CANAL_B                         = $520A ; addr, local, , mk1_c, code_compiler, wyz_player.h::wyz_stop_sound::0::99:51
CANAL_C                         = $520C ; addr, local, , mk1_c, code_compiler, wyz_player.h::wyz_stop_sound::0::99:51
CANAL_P                         = $5236 ; addr, local, , mk1_c, code_compiler, wyz_player.h::wyz_stop_sound::0::99:51
INICIO                          = $4CA7 ; addr, local, , mk1_c, code_compiler, wyz_player.h::wyz_stop_sound::0::99:51
WYZ_PLAYER_ISR                  = $4CA7 ; addr, local, , mk1_c, code_compiler, wyz_player.h::wyz_stop_sound::0::99:51
ROUT                            = $4D93 ; addr, local, , mk1_c, code_compiler, wyz_player.h::wyz_stop_sound::0::99:51
PSG_REG                         = $524D ; addr, local, , mk1_c, code_compiler, wyz_player.h::wyz_stop_sound::0::99:51
PSG_REG_SEC                     = $525D ; addr, local, , mk1_c, code_compiler, wyz_player.h::wyz_stop_sound::0::99:51
REPRODUCE_SONIDO                = $4CE9 ; addr, local, , mk1_c, code_compiler, wyz_player.h::wyz_stop_sound::0::99:51
PLAY                            = $4F2B ; addr, local, , mk1_c, code_compiler, wyz_player.h::wyz_stop_sound::0::99:51
REPRODUCE_EFECTO                = $4D08 ; addr, local, , mk1_c, code_compiler, wyz_player.h::wyz_stop_sound::0::99:51
INICIA_SONIDO                   = $4CBE ; addr, local, , mk1_c, code_compiler, wyz_player.h::wyz_stop_sound::0::99:51
EXT_WORD                        = $51DA ; addr, local, , mk1_c, code_compiler, wyz_player.h::wyz_stop_sound::0::99:51
PUNTERO_SONIDO                  = $5247 ; addr, local, , mk1_c, code_compiler, wyz_player.h::wyz_stop_sound::0::99:51
INTERR                          = $51FE ; addr, local, , mk1_c, code_compiler, wyz_player.h::wyz_stop_sound::0::99:51
TABLA_EFECTOS                   = $52ED ; addr, local, , mk1_c, code_compiler, wyz_player.h::wyz_stop_sound::0::99:51
PUNTERO_EFECTO                  = $5226 ; addr, local, , mk1_c, code_compiler, wyz_player.h::wyz_stop_sound::0::99:51
TABLA_DATOS_CANAL_SFX           = $51E3 ; addr, local, , mk1_c, code_compiler, wyz_player.h::wyz_stop_sound::0::99:51
EFECTO_REGS                     = $5249 ; addr, local, , mk1_c, code_compiler, wyz_player.h::wyz_stop_sound::0::99:51
SONIDO_REGS                     = $524B ; addr, local, , mk1_c, code_compiler, wyz_player.h::wyz_stop_sound::0::99:51
REPRODUCE_SONIDO_O_EFECTO       = $4D27 ; addr, local, , mk1_c, code_compiler, wyz_player.h::wyz_stop_sound::0::99:51
REPRODUCE_SONIDO_LIMPIA_BIT     = $4D02 ; addr, local, , mk1_c, code_compiler, wyz_player.h::wyz_stop_sound::0::99:51
REPRODUCE_EFECTO_LIMPIA_BIT     = $4D21 ; addr, local, , mk1_c, code_compiler, wyz_player.h::wyz_stop_sound::0::99:51
FIN_SONIDO                      = $4D83 ; addr, local, , mk1_c, code_compiler, wyz_player.h::wyz_stop_sound::0::99:51
NO_ENVOLVENTES_SONIDO           = $4D69 ; addr, local, , mk1_c, code_compiler, wyz_player.h::wyz_stop_sound::0::99:51
NO_RUIDO                        = $4D76 ; addr, local, , mk1_c, code_compiler, wyz_player.h::wyz_stop_sound::0::99:51
SI_RUIDO                        = $4D7C ; addr, local, , mk1_c, code_compiler, wyz_player.h::wyz_stop_sound::0::99:51
ENVOLVENTE_BACK                 = $526E ; addr, local, , mk1_c, code_compiler, wyz_player.h::wyz_stop_sound::0::99:51
FIN_NOPLAYER                    = $4D8C ; addr, local, , mk1_c, code_compiler, wyz_player.h::wyz_stop_sound::0::99:51
NO_BACKUP_ENVOLVENTE            = $4D9D ; addr, local, , mk1_c, code_compiler, wyz_player.h::wyz_stop_sound::0::99:51
LOUT                            = $4DA0 ; addr, local, , mk1_c, code_compiler, wyz_player.h::wyz_stop_sound::0::99:51
WRITEPSGHL                      = $4DB8 ; addr, local, , mk1_c, code_compiler, wyz_player.h::wyz_stop_sound::0::99:51
CLEAR_PSG_BUFFER                = $4DD3 ; addr, local, , mk1_c, code_compiler, wyz_player.h::wyz_stop_sound::0::99:51
SONG                            = $51FF ; addr, local, , mk1_c, code_compiler, wyz_player.h::wyz_stop_sound::0::99:51
DECODE_SONG                     = $4DFB ; addr, local, , mk1_c, code_compiler, wyz_player.h::wyz_stop_sound::0::99:51
TABLA_SONG                      = $52EB ; addr, local, , mk1_c, code_compiler, wyz_player.h::wyz_stop_sound::0::99:51
TEMPO                           = $5200 ; addr, local, , mk1_c, code_compiler, wyz_player.h::wyz_stop_sound::0::99:51
TTEMPO                          = $5201 ; addr, local, , mk1_c, code_compiler, wyz_player.h::wyz_stop_sound::0::99:51
NPTJP0                          = $4E17 ; addr, local, , mk1_c, code_compiler, wyz_player.h::wyz_stop_sound::0::99:51
PUNTERO_P_DECA                  = $521A ; addr, local, , mk1_c, code_compiler, wyz_player.h::wyz_stop_sound::0::99:51
PUNTERO_L_DECA                  = $522E ; addr, local, , mk1_c, code_compiler, wyz_player.h::wyz_stop_sound::0::99:51
BGICMODBC1                      = $4EA8 ; addr, local, , mk1_c, code_compiler, wyz_player.h::wyz_stop_sound::0::99:51
PUNTERO_P_DECB                  = $521C ; addr, local, , mk1_c, code_compiler, wyz_player.h::wyz_stop_sound::0::99:51
PUNTERO_L_DECB                  = $5230 ; addr, local, , mk1_c, code_compiler, wyz_player.h::wyz_stop_sound::0::99:51
PUNTERO_P_DECC                  = $521E ; addr, local, , mk1_c, code_compiler, wyz_player.h::wyz_stop_sound::0::99:51
PUNTERO_L_DECC                  = $5232 ; addr, local, , mk1_c, code_compiler, wyz_player.h::wyz_stop_sound::0::99:51
PUNTERO_P_DECP                  = $5238 ; addr, local, , mk1_c, code_compiler, wyz_player.h::wyz_stop_sound::0::99:51
PUNTERO_L_DECP                  = $523C ; addr, local, , mk1_c, code_compiler, wyz_player.h::wyz_stop_sound::0::99:51
INIT_DECODER                    = $4E63 ; addr, local, , mk1_c, code_compiler, wyz_player.h::wyz_stop_sound::0::99:51
PUNTERO_A                       = $5202 ; addr, local, , mk1_c, code_compiler, wyz_player.h::wyz_stop_sound::0::99:51
DECODE_CANAL                    = $4EC2 ; addr, local, , mk1_c, code_compiler, wyz_player.h::wyz_stop_sound::0::99:51
PUNTERO_DECA                    = $5220 ; addr, local, , mk1_c, code_compiler, wyz_player.h::wyz_stop_sound::0::99:51
PUNTERO_B                       = $5204 ; addr, local, , mk1_c, code_compiler, wyz_player.h::wyz_stop_sound::0::99:51
PUNTERO_DECB                    = $5222 ; addr, local, , mk1_c, code_compiler, wyz_player.h::wyz_stop_sound::0::99:51
PUNTERO_C                       = $5206 ; addr, local, , mk1_c, code_compiler, wyz_player.h::wyz_stop_sound::0::99:51
PUNTERO_DECC                    = $5224 ; addr, local, , mk1_c, code_compiler, wyz_player.h::wyz_stop_sound::0::99:51
PUNTERO_P                       = $5234 ; addr, local, , mk1_c, code_compiler, wyz_player.h::wyz_stop_sound::0::99:51
PUNTERO_DECP                    = $523A ; addr, local, , mk1_c, code_compiler, wyz_player.h::wyz_stop_sound::0::99:51
BGICMODBC2                      = $4EAA ; addr, local, , mk1_c, code_compiler, wyz_player.h::wyz_stop_sound::0::99:51
FIN_DEC_CANAL                   = $4F13 ; addr, local, , mk1_c, code_compiler, wyz_player.h::wyz_stop_sound::0::99:51
GETLEN                          = $4F18 ; addr, local, , mk1_c, code_compiler, wyz_player.h::wyz_stop_sound::0::99:51
NO_SILENCIO                     = $4ED1 ; addr, local, , mk1_c, code_compiler, wyz_player.h::wyz_stop_sound::0::99:51
NO_MODIFICA                     = $4F08 ; addr, local, , mk1_c, code_compiler, wyz_player.h::wyz_stop_sound::0::99:51
NO_PUNTILLO                     = $4EDB ; addr, local, , mk1_c, code_compiler, wyz_player.h::wyz_stop_sound::0::99:51
NO_INSTRUMENTO                  = $4EEE ; addr, local, , mk1_c, code_compiler, wyz_player.h::wyz_stop_sound::0::99:51
NO_ENVOLVENTE                   = $4EFB ; addr, local, , mk1_c, code_compiler, wyz_player.h::wyz_stop_sound::0::99:51
DCBC0                           = $4F25 ; addr, local, , mk1_c, code_compiler, wyz_player.h::wyz_stop_sound::0::99:51
PAUTAS                          = $4F6E ; addr, local, , mk1_c, code_compiler, wyz_player.h::wyz_stop_sound::0::99:51
LOCALIZA_NOTA                   = $4F98 ; addr, local, , mk1_c, code_compiler, wyz_player.h::wyz_stop_sound::0::99:51
LOCALIZA_EFECTO                 = $5093 ; addr, local, , mk1_c, code_compiler, wyz_player.h::wyz_stop_sound::0::99:51
PUNTERO_P_A                     = $520E ; addr, local, , mk1_c, code_compiler, wyz_player.h::wyz_stop_sound::0::99:51
PAUTA                           = $50DA ; addr, local, , mk1_c, code_compiler, wyz_player.h::wyz_stop_sound::0::99:51
PUNTERO_P_B                     = $5210 ; addr, local, , mk1_c, code_compiler, wyz_player.h::wyz_stop_sound::0::99:51
PUNTERO_P_C                     = $5212 ; addr, local, , mk1_c, code_compiler, wyz_player.h::wyz_stop_sound::0::99:51
LNJP0                           = $500F ; addr, local, , mk1_c, code_compiler, wyz_player.h::wyz_stop_sound::0::99:51
COMANDOS                        = $4FA5 ; addr, local, , mk1_c, code_compiler, wyz_player.h::wyz_stop_sound::0::99:51
COM_EFECTO                      = $4FEA ; addr, local, , mk1_c, code_compiler, wyz_player.h::wyz_stop_sound::0::99:51
NO_DEC_TEMPO                    = $4FB7 ; addr, local, , mk1_c, code_compiler, wyz_player.h::wyz_stop_sound::0::99:51
NO_INC_TEMPO                    = $4FBC ; addr, local, , mk1_c, code_compiler, wyz_player.h::wyz_stop_sound::0::99:51
VOL_INST_A                      = $5229 ; addr, local, , mk1_c, code_compiler, wyz_player.h::wyz_stop_sound::0::99:51
PUNTERO_P_A0                    = $5214 ; addr, local, , mk1_c, code_compiler, wyz_player.h::wyz_stop_sound::0::99:51
COM_ENVOLVENTE                  = $4FFA ; addr, local, , mk1_c, code_compiler, wyz_player.h::wyz_stop_sound::0::99:51
ENVOLVENTE                      = $526D ; addr, local, , mk1_c, code_compiler, wyz_player.h::wyz_stop_sound::0::99:51
NO_FIN_CANAL_A                  = $5052 ; addr, local, , mk1_c, code_compiler, wyz_player.h::wyz_stop_sound::0::99:51
FIN_CANAL_A                     = $5039 ; addr, local, , mk1_c, code_compiler, wyz_player.h::wyz_stop_sound::0::99:51
FIN_NOTA_A                      = $5019 ; addr, local, , mk1_c, code_compiler, wyz_player.h::wyz_stop_sound::0::99:51
FCA_CONT                        = $5044 ; addr, local, , mk1_c, code_compiler, wyz_player.h::wyz_stop_sound::0::99:51
FIN_RUTINA                      = $5092 ; addr, local, , mk1_c, code_compiler, wyz_player.h::wyz_stop_sound::0::99:51
NO_SILENCIO_A                   = $5080 ; addr, local, , mk1_c, code_compiler, wyz_player.h::wyz_stop_sound::0::99:51
SILENCIO_ENVOLVENTE             = $506D ; addr, local, , mk1_c, code_compiler, wyz_player.h::wyz_stop_sound::0::99:51
REG_NOTA_A                      = $5228 ; addr, local, , mk1_c, code_compiler, wyz_player.h::wyz_stop_sound::0::99:51
NOTA                            = $517A ; addr, local, , mk1_c, code_compiler, wyz_player.h::wyz_stop_sound::0::99:51
LEJP0                           = $50AA ; addr, local, , mk1_c, code_compiler, wyz_player.h::wyz_stop_sound::0::99:51
NO_FIN_CANAL_P                  = $50D3 ; addr, local, , mk1_c, code_compiler, wyz_player.h::wyz_stop_sound::0::99:51
FIN_CANAL_P                     = $50CB ; addr, local, , mk1_c, code_compiler, wyz_player.h::wyz_stop_sound::0::99:51
FIN_NOTA_P                      = $50B3 ; addr, local, , mk1_c, code_compiler, wyz_player.h::wyz_stop_sound::0::99:51
PCAJP4                          = $50E6 ; addr, local, , mk1_c, code_compiler, wyz_player.h::wyz_stop_sound::0::99:51
PCAJP0                          = $50FA ; addr, local, , mk1_c, code_compiler, wyz_player.h::wyz_stop_sound::0::99:51
PCAJP1                          = $5111 ; addr, local, , mk1_c, code_compiler, wyz_player.h::wyz_stop_sound::0::99:51
PCAJP2                          = $5126 ; addr, local, , mk1_c, code_compiler, wyz_player.h::wyz_stop_sound::0::99:51
PCAJP6                          = $5158 ; addr, local, , mk1_c, code_compiler, wyz_player.h::wyz_stop_sound::0::99:51
ORNMJP1                         = $5164 ; addr, local, , mk1_c, code_compiler, wyz_player.h::wyz_stop_sound::0::99:51
ORNNEG                          = $5146 ; addr, local, , mk1_c, code_compiler, wyz_player.h::wyz_stop_sound::0::99:51
PCAJP3                          = $5148 ; addr, local, , mk1_c, code_compiler, wyz_player.h::wyz_stop_sound::0::99:51
TABLA_NOTAS                     = $5182 ; addr, local, , mk1_c, code_compiler, wyz_player.h::wyz_stop_sound::0::99:51
PCAJP5                          = $516C ; addr, local, , mk1_c, code_compiler, wyz_player.h::wyz_stop_sound::0::99:51
PCAJP7                          = $5176 ; addr, local, , mk1_c, code_compiler, wyz_player.h::wyz_stop_sound::0::99:51
EVOLVENTES                      = $518F ; addr, local, , mk1_c, code_compiler, wyz_player.h::wyz_stop_sound::0::99:51
DATOS_NOTAS                     = $526F ; addr, local, , mk1_c, code_compiler, wyz_player.h::wyz_stop_sound::0::99:51
FRECUENCIA_OFF                  = $51A9 ; addr, local, , mk1_c, code_compiler, wyz_player.h::wyz_stop_sound::0::99:51
CONT_ENV                        = $51B2 ; addr, local, , mk1_c, code_compiler, wyz_player.h::wyz_stop_sound::0::99:51
CRTBC0                          = $51BC ; addr, local, , mk1_c, code_compiler, wyz_player.h::wyz_stop_sound::0::99:51
SELECT_CANAL_A                  = $51E9 ; addr, local, , mk1_c, code_compiler, wyz_player.h::wyz_stop_sound::0::99:51
SELECT_CANAL_B                  = $51F0 ; addr, local, , mk1_c, code_compiler, wyz_player.h::wyz_stop_sound::0::99:51
SELECT_CANAL_C                  = $51F7 ; addr, local, , mk1_c, code_compiler, wyz_player.h::wyz_stop_sound::0::99:51
PUNTERO_P_B0                    = $5216 ; addr, local, , mk1_c, code_compiler, wyz_player.h::wyz_stop_sound::0::99:51
PUNTERO_P_C0                    = $5218 ; addr, local, , mk1_c, code_compiler, wyz_player.h::wyz_stop_sound::0::99:51
REG_NOTA_B                      = $522A ; addr, local, , mk1_c, code_compiler, wyz_player.h::wyz_stop_sound::0::99:51
VOL_INST_B                      = $522B ; addr, local, , mk1_c, code_compiler, wyz_player.h::wyz_stop_sound::0::99:51
REG_NOTA_C                      = $522C ; addr, local, , mk1_c, code_compiler, wyz_player.h::wyz_stop_sound::0::99:51
VOL_INST_C                      = $522D ; addr, local, , mk1_c, code_compiler, wyz_player.h::wyz_stop_sound::0::99:51
SFX_L                           = $523E ; addr, local, , mk1_c, code_compiler, wyz_player.h::wyz_stop_sound::0::99:51
SFX_H                           = $5240 ; addr, local, , mk1_c, code_compiler, wyz_player.h::wyz_stop_sound::0::99:51
SFX_V                           = $5242 ; addr, local, , mk1_c, code_compiler, wyz_player.h::wyz_stop_sound::0::99:51
SFX_MIX                         = $5244 ; addr, local, , mk1_c, code_compiler, wyz_player.h::wyz_stop_sound::0::99:51
N_SONIDO                        = $5246 ; addr, local, , mk1_c, code_compiler, wyz_player.h::wyz_stop_sound::0::99:51
i_148                           = $5327 ; addr, local, , mk1_c, code_compiler, my/title_screen.h::title_screen::0::99:6
i_150                           = $533F ; addr, local, , mk1_c, code_compiler, my/title_screen.h::title_screen::0::99:6
i_149                           = $5358 ; addr, local, , mk1_c, code_compiler, my/title_screen.h::title_screen::0::99:6
i_151                           = $5327 ; addr, local, , mk1_c, code_compiler, my/title_screen.h::title_screen::0::99:6
_copy_keys_to_extern            = $535B ; addr, local, , mk1_c, code_compiler, my/title_screen.h::title_screen::0::99:6
i_152                           = $5395 ; addr, local, , mk1_c, code_compiler, mainloop/hud.h::draw_hud::0::103:6
_isr                            = $53B5 ; addr, local, , mk1_c, code_compiler, mainloop.h::main::0::106:7
isr_done                        = $53E5 ; addr, local, , mk1_c, code_compiler, mainloop.h::main::0::106:7
isr_c1                          = $53E3 ; addr, local, , mk1_c, code_compiler, mainloop.h::main::0::106:7
_skip_player                    = $53DD ; addr, local, , mk1_c, code_compiler, mainloop.h::main::0::106:7
isr_c2                          = $53E4 ; addr, local, , mk1_c, code_compiler, mainloop.h::main::0::106:7
i_155                           = $547A ; addr, local, , mk1_c, code_compiler, mainloop.h::main::0::106:7
i_153                           = $5475 ; addr, local, , mk1_c, code_compiler, mainloop.h::main::0::106:7
i_154                           = $54B9 ; addr, local, , mk1_c, code_compiler, mainloop.h::main::0::106:7
i_158                           = $54C7 ; addr, local, , mk1_c, code_compiler, mainloop.h::main::0::106:7
i_156                           = $54C0 ; addr, local, , mk1_c, code_compiler, mainloop.h::main::0::106:7
i_157                           = $5507 ; addr, local, , mk1_c, code_compiler, mainloop.h::main::0::106:7
_spr_on                         = $E648 ; const, local, , mk1_c, code_compiler, mk1.c::main::0::124:118
i_159                           = $5508 ; addr, local, , mk1_c, code_compiler, mainloop.h::main::1::109:178
_game_loop_init                 = $5525 ; addr, local, , mk1_c, code_compiler, mainloop/game_loop.h::main::3::111:0
i_161                           = $556D ; addr, local, , mk1_c, code_compiler, mainloop/game_loop.h::main::3::111:54
i_162                           = $569E ; addr, local, , mk1_c, code_compiler, mainloop/game_loop.h::main::4::122:340
_game_loop_do                   = $5575 ; addr, local, , mk1_c, code_compiler, mainloop/game_loop.h::main::3::111:54
i_163                           = $5596 ; addr, local, , mk1_c, code_compiler, mainloop/game_loop.h::main::5::113:108
i_164                           = $55C9 ; addr, local, , mk1_c, code_compiler, mainloop/game_loop.h::main::5::113:108
i_165                           = $55C9 ; addr, local, , mk1_c, code_compiler, mainloop/game_loop.h::main::5::113:108
i_166                           = $55C9 ; addr, local, , mk1_c, code_compiler, mainloop/game_loop.h::main::5::113:108
i_167                           = $55F6 ; addr, local, , mk1_c, code_compiler, mainloop/game_loop.h::main::5::113:108
i_168                           = $5611 ; addr, local, , mk1_c, code_compiler, mainloop/game_loop.h::main::5::113:108
i_169                           = $5611 ; addr, local, , mk1_c, code_compiler, mainloop/game_loop.h::main::5::113:108
i_170                           = $5636 ; addr, local, , mk1_c, code_compiler, ./mainloop/flick_screen.h::main::4::119:0
i_171                           = $562F ; addr, local, , mk1_c, code_compiler, mainloop/game_loop.h::main::6::119:239
i_172                           = $5636 ; addr, local, , mk1_c, code_compiler, mainloop/game_loop.h::main::6::119:239
i_174                           = $5657 ; addr, local, , mk1_c, code_compiler, ./mainloop/flick_screen.h::main::4::119:0
i_173                           = $5657 ; addr, local, , mk1_c, code_compiler, ./mainloop/flick_screen.h::main::4::119:0
i_175_i_174                     = $5645 ; addr, local, , mk1_c, code_compiler, ./mainloop/flick_screen.h::main::4::119:0
i_177                           = $567F ; addr, local, , mk1_c, code_compiler, ./mainloop/flick_screen.h::main::4::119:0
i_176                           = $567F ; addr, local, , mk1_c, code_compiler, mainloop/game_loop.h::main::4::121:303
i_178_i_177                     = $566C ; addr, local, , mk1_c, code_compiler, ./mainloop/flick_screen.h::main::4::119:0
i_180                           = $568F ; addr, local, , mk1_c, code_compiler, mainloop/game_loop.h::main::4::121:303
i_179                           = $556D ; addr, local, , mk1_c, code_compiler, mainloop/game_loop.h::main::4::122:340
i_182                           = $56AF ; addr, local, , mk1_c, code_compiler, mainloop.h::main::3::122:239
i_183                           = $56B2 ; addr, local, , mk1_c, code_compiler, mainloop.h::main::4::124:277
i_160                           = $56C0 ; addr, local, , mk1_c, code_compiler, mainloop.h::main::2::124:284
soloCopia                       = $0593 ; addr, local, , cpc_ShowTileMap, , cpc_ShowTileMap.asm:37
contador_tiles                  = $05E5 ; addr, local, , cpc_ShowTileMap, , cpc_ShowTileMap.asm:109
contador_tiles2                 = $05E6 ; addr, local, , cpc_ShowTileMap, , cpc_ShowTileMap.asm:111
transferir_pantalla_a_superbuffer = $05A0 ; addr, local, , cpc_ShowTileMap, , cpc_ShowTileMap.asm:50
cpc_PutSp                       = $05FC ; addr, local, , cpc_ShowTileMap, , cpc_ShowTileMap.asm:142
bucle_dibujado_fondo            = $05A7 ; addr, local, , cpc_ShowTileMap, , cpc_ShowTileMap.asm:57
transferir_map_sbuffer          = $05E8 ; addr, local, , cpc_ShowTileMap, , cpc_ShowTileMap.asm:114
incremento2                     = $05D8 ; addr, local, , cpc_ShowTileMap, , cpc_ShowTileMap.asm:100
loop_alto_map_sbuffer           = $05EE ; addr, local, , cpc_ShowTileMap, , cpc_ShowTileMap.asm:120
loop_ancho_map_sbuffer          = $05EE ; addr, local, , cpc_ShowTileMap, , cpc_ShowTileMap.asm:121
loop_alto_2                     = $05FE ; addr, local, , cpc_ShowTileMap, , cpc_ShowTileMap.asm:147
sig_linea_2                     = $0615 ; addr, local, , cpc_ShowTileMap, , cpc_ShowTileMap.asm:184
PASARPORDETRAS                  = $0001 ; const, local, , cpc_UpdScr, , CPCconfig.def:8
_tiles_tocados_ptr              = $064A ; addr, local, , cpc_UpdScr, , cpc_UpdScr.asm:56
main_loop                       = $0635 ; addr, local, , cpc_UpdScr, , cpc_UpdScr.asm:38
process_touched_byte            = $064C ; addr, local, , cpc_UpdScr, , cpc_UpdScr.asm:59
bit0_skip                       = $065D ; addr, local, , cpc_UpdScr, , cpc_UpdScr.asm:71
ucopyTile                       = $06A7 ; addr, local, , cpc_UpdScr, , cpc_UpdScr.asm:134
bit1_skip                       = $0667 ; addr, local, , cpc_UpdScr, , cpc_UpdScr.asm:79
bit2_skip                       = $0671 ; addr, local, , cpc_UpdScr, , cpc_UpdScr.asm:87
bit3_skip                       = $067B ; addr, local, , cpc_UpdScr, , cpc_UpdScr.asm:95
bit4_skip                       = $0685 ; addr, local, , cpc_UpdScr, , cpc_UpdScr.asm:103
bit5_skip                       = $068F ; addr, local, , cpc_UpdScr, , cpc_UpdScr.asm:111
bit6_skip                       = $0699 ; addr, local, , cpc_UpdScr, , cpc_UpdScr.asm:119
bit7_skip                       = $06A3 ; addr, local, , cpc_UpdScr, , cpc_UpdScr.asm:127
skeep                           = $0700 ; addr, local, , cpc_UpdScr, , cpc_UpdScr.asm:242
transferir_map_sbuffer_grey     = $06C3 ; addr, local, , cpc_UpdScr, , cpc_UpdScr.asm:169
PASARPORDETRAS                  = $0001 ; const, local, , cpc_ShowTouchedTiles, , CPCconfig.def:8
bucle_cpc_ShowTouchedTiles      = $0710 ; addr, local, , cpc_ShowTouchedTiles, , cpc_ShowTouchedTiles.asm:46
process                         = $0721 ; addr, local, , cpc_ShowTouchedTiles, , cpc_ShowTouchedTiles.asm:65
skipall                         = $074D ; addr, local, , cpc_ShowTouchedTiles, , cpc_ShowTouchedTiles.asm:99
checkbit                        = $0759 ; addr, local, , cpc_ShowTouchedTiles, , cpc_ShowTouchedTiles.asm:113
noincd                          = $0755 ; addr, local, , cpc_ShowTouchedTiles, , cpc_ShowTouchedTiles.asm:107
checkbit_done                   = $0810 ; addr, local, , cpc_ShowTouchedTiles, , cpc_ShowTouchedTiles.asm:373
copyTile                        = $075C ; addr, local, , cpc_ShowTouchedTiles, , cpc_ShowTouchedTiles.asm:116
posicionar_superbuffer          = $075E ; addr, local, , cpc_ShowTouchedTiles, , cpc_ShowTouchedTiles.asm:122
posicionar_pantalla             = $0767 ; addr, local, , cpc_ShowTouchedTiles, , cpc_ShowTouchedTiles.asm:135
transf_bloque_sb_pantalla       = $0775 ; addr, local, , cpc_ShowTouchedTiles, , cpc_ShowTouchedTiles.asm:151
copycell                        = $07D2 ; addr, local, , cpc_ShowTouchedTiles, , cpc_ShowTouchedTiles.asm:275
copybgtile                      = $0786 ; addr, local, , cpc_ShowTouchedTiles, , cpc_ShowTouchedTiles.asm:168
copycell_done                   = $080E ; addr, local, , cpc_ShowTouchedTiles, , cpc_ShowTouchedTiles.asm:368
do_update                       = $082E ; addr, local, , cpc_PutSpTileMap4x8, , cpc_PutSpTileMap4x8.asm:49
origin_next_row                 = $084E ; addr, local, , cpc_PutSpTileMap4x8, , cpc_PutSpTileMap4x8.asm:79
fin                             = $0860 ; addr, local, , cpc_PutSpTileMap4x8, , cpc_PutSpTileMap4x8.asm:96
do_update                       = $087B ; addr, local, , cpc_PutSpTileMap8x16Px, , cpc_PutSpTileMap8x16Px.asm:50
origin_next_row                 = $08A0 ; addr, local, , cpc_PutSpTileMap8x16Px, , cpc_PutSpTileMap8x16Px.asm:85
origin_last_row                 = $08B3 ; addr, local, , cpc_PutSpTileMap8x16Px, , cpc_PutSpTileMap8x16Px.asm:105
fin                             = $08CA ; addr, local, , cpc_PutSpTileMap8x16Px, , cpc_PutSpTileMap8x16Px.asm:130
pulsado                         = $08E2 ; addr, local, , cpc_TestKey, , cpc_TestKey.asm:34
bucle_deteccion_tecla           = $090B ; addr, local, , cpc_AnyKeyPressed, , cpc_AnyKeyPressed.asm:13
tecla_pulsada                   = $091E ; addr, local, , cpc_AnyKeyPressed, , cpc_AnyKeyPressed.asm:25
CHURRERA_CLIPPING               = $0001 ; const, local, , cpc_UpdTileTable, , CPCconfig.def:16
pasa_bloque_a_sbuffer           = $0978 ; addr, local, , cpc_PutTrSp4x8TileMap2b, , cpc_PutTrSp4x8TileMap2b.asm:30
transferir_sprite               = $0978 ; addr, local, , cpc_PutTrSp4x8TileMap2b, , cpc_PutTrSp4x8TileMap2b.asm:32
sp_buffer_mask                  = $098F ; addr, local, , cpc_PutTrSp4x8TileMap2b, , cpc_PutTrSp4x8TileMap2b.asm:52
loop_alto_map_sbuffer           = $0995 ; addr, local, , cpc_PutTrSp4x8TileMap2b, , cpc_PutTrSp4x8TileMap2b.asm:58
pasa_bloque_a_sbuffer           = $09C0 ; addr, local, , cpc_PutTrSp8x16TileMap2bPx, , cpc_PutTrSp8x16TileMap2bPx.asm:33
transferir_sprite               = $09C0 ; addr, local, , cpc_PutTrSp8x16TileMap2bPx, , cpc_PutTrSp8x16TileMap2bPx.asm:35
sp_buffer_mask                  = $09D7 ; addr, local, , cpc_PutTrSp8x16TileMap2bPx, , cpc_PutTrSp8x16TileMap2bPx.asm:55
loop_alto_map_sbuffer_shifted   = $0A0E ; addr, local, , cpc_PutTrSp8x16TileMap2bPx, , cpc_PutTrSp8x16TileMap2bPx.asm:119
loop_alto_map_sbuffer           = $09E1 ; addr, local, , cpc_PutTrSp8x16TileMap2bPx, , cpc_PutTrSp8x16TileMap2bPx.asm:65
keymap0                         = $0A8C ; addr, local, , cpc_KeysData, , cpc_KeysData.asm:16
tecla_0                         = $0A96 ; addr, local, , cpc_KeysData, , cpc_KeysData.asm:18
tabla_teclas0                   = $0A98 ; addr, local, , cpc_KeysData, , cpc_KeysData.asm:20
noinc                           = $0ABE ; addr, local, , cpc_TblLookup, , cpc_TblLookup.asm:17
cpc_InvalidateRect_P            = $0AC8 ; addr, local, , cpc_InvalidateRect, , cpc_InvalidateRect.asm:42
noinc1                          = $0AEE ; addr, local, , cpc_InvalidateRect, , cpc_InvalidateRect.asm:86
invcollp                        = $0AF2 ; addr, local, , cpc_InvalidateRect, , cpc_InvalidateRect.asm:92
invfullchar                     = $0B05 ; addr, local, , cpc_InvalidateRect, , cpc_InvalidateRect.asm:109
noinc2                          = $0B01 ; addr, local, , cpc_InvalidateRect, , cpc_InvalidateRect.asm:103
invrowlp                        = $0B07 ; addr, local, , cpc_InvalidateRect, , cpc_InvalidateRect.asm:113
noinc3                          = $0B12 ; addr, local, , cpc_InvalidateRect, , cpc_InvalidateRect.asm:124
__CLIB_OPT_IMATH                = $0000 ; const, local, , l_divu_16_16x16, , ../config_private.inc:27
divide_zero                     = $5848 ; addr, local, , l_small_divu_16_16x16, code_math, ../_DEVELOPMENT/math/integer/small/l_small_divu_16_16x16.asm:141
divisor_sixteen_bit             = $581A ; addr, local, , l_small_divu_16_16x16, code_math, ../_DEVELOPMENT/math/integer/small/l_small_divu_16_16x16.asm:50
loop_16_0                       = $5820 ; addr, local, , l_small_divu_16_16x16, code_math, ../_DEVELOPMENT/math/integer/small/l_small_divu_16_16x16.asm:60
loop_16_1                       = $5828 ; addr, local, , l_small_divu_16_16x16, code_math, ../_DEVELOPMENT/math/integer/small/l_small_divu_16_16x16.asm:69
loop_8_0                        = $583A ; addr, local, , l_small_divu_16_16x16, code_math, ../_DEVELOPMENT/math/integer/small/l_small_divu_16_16x16.asm:118
loop_8_2                        = $5841 ; addr, local, , l_small_divu_16_16x16, code_math, ../_DEVELOPMENT/math/integer/small/l_small_divu_16_16x16.asm:127
loop_8_1                        = $5843 ; addr, local, , l_small_divu_16_16x16, code_math, ../_DEVELOPMENT/math/integer/small/l_small_divu_16_16x16.asm:132
l_sxt                           = $57B1 ; addr, local, , l_gchar, code_crt0_sccz80, sccz80/crt0_z80/l_gchar.asm:12
__CLIB_OPT_IMATH                = $0000 ; const, local, , l_mulu_16_16x16, , ../config_private.inc:27
eight_bit_1                     = $585B ; addr, local, , l_small_mul_16_16x16, code_math, ../_DEVELOPMENT/math/integer/small/l_small_mul_16_16x16.asm:40
eight_bit_0                     = $585A ; addr, local, , l_small_mul_16_16x16, code_math, ../_DEVELOPMENT/math/integer/small/l_small_mul_16_16x16.asm:36
rejoin                          = $585E ; addr, local, , l_small_mul_16_16x16, code_math, ../_DEVELOPMENT/math/integer/small/l_small_mul_16_16x16.asm:57
loop_0                          = $5861 ; addr, local, , l_small_mul_16_16x16, code_math, ../_DEVELOPMENT/math/integer/small/l_small_mul_16_16x16.asm:61
loop_1                          = $5868 ; addr, local, , l_small_mul_16_16x16, code_math, ../_DEVELOPMENT/math/integer/small/l_small_mul_16_16x16.asm:75
TileMapConf                     = $0406 ; addr, public, , tilemap_conf_asm, , tilemap_conf.asm:75
_nametable                      = $0100 ; const, public, , tilemap_conf_asm, , tilemap_conf.asm:60
pantalla_juego                  = $0100 ; const, public, , tilemap_conf_asm, , tilemap_conf.asm:61
tiles_tocados                   = $CE00 ; const, public, , tilemap_conf_asm, , tilemap_conf.asm:58
posiciones_pantalla             = $0406 ; addr, public, , tilemap_conf_asm, , tilemap_conf.asm:77
posiciones_super_buffer         = $0436 ; addr, public, , tilemap_conf_asm, , tilemap_conf.asm:106
posicion_inicial_area_visible   = $C000 ; const, public, , tilemap_conf_asm, , tilemap_conf.asm:63
posicion_inicial_superbuffer    = $9000 ; const, public, , tilemap_conf_asm, , tilemap_conf.asm:64
ancho_pantalla_bytes            = $0040 ; const, public, , tilemap_conf_asm, , tilemap_conf.asm:69
alto_pantalla_bytes             = $00C0 ; const, public, , tilemap_conf_asm, , tilemap_conf.asm:70
ancho_pantalla_bytes_visible    = $0040 ; const, public, , tilemap_conf_asm, , tilemap_conf.asm:71
mascara1                        = $0000 ; const, public, , tilemap_conf_asm, , tilemap_conf.asm:53
mascara2                        = $0000 ; const, public, , tilemap_conf_asm, , tilemap_conf.asm:54
behindtilemasks                 = $0466 ; addr, public, , tilemap_conf_asm, , tilemap_conf.asm:139
viewport_x                      = $0001 ; const, public, , mk1_c, code_compiler, autodefs.h:8
viewport_y                      = $0002 ; const, public, , mk1_c, code_compiler, autodefs.h:8
tiles                           = $23FF ; addr, public, , mk1_c, code_compiler, assets/tileset.h::show_buffer_and_tiles::0::3:5
_def_keys                       = $0566 ; addr, public, , mk1_c, , my/config.h:256
_behs                           = $0B30 ; addr, public, , mk1_c, data_compiler, my/config.h:383
_enems_init                     = $450D ; addr, public, , mk1_c, code_compiler, engine/enengine.h::enems_init::0::71:66
_enems_load                     = $4557 ; addr, public, , mk1_c, code_compiler, engine/enengine.h::enems_load::0::73:79
_enems_kill                     = $4728 ; addr, public, , mk1_c, code_compiler, engine/enengine.h::enems_kill::0::80:235
_enems_move                     = $4739 ; addr, public, , mk1_c, code_compiler, engine/enengine.h::enems_move::0::81:265
_collide                        = $3B59 ; addr, public, , mk1_c, code_compiler, engine/general.h::collide::0::21:14
_cm_two_points                  = $3B8B ; addr, public, , mk1_c, code_compiler, engine/general.h::cm_two_points::0::22:63
_rand                           = $3BE8 ; addr, public, , mk1_c, code_compiler, engine/general.h::rand::0::23:138
_abs                            = $3C11 ; addr, public, , mk1_c, code_compiler, engine/general.h::abs::0::24:182
_hotspots_init                  = $49EB ; addr, public, , mk1_c, code_compiler, engine/hotspots.h::hotspots_init::0::90:7
_hotspots_do                    = $49FA ; addr, public, , mk1_c, code_compiler, engine/hotspots.h::hotspots_do::0::91:30
_player_init                    = $3EAA ; addr, public, , mk1_c, code_compiler, engine/player.h::player_init::0::35:13
_player_calc_bounding_box       = $3F15 ; addr, public, , mk1_c, code_compiler, engine/player.h::player_calc_bounding_box::0::36:73
_player_move                    = $3F64 ; addr, public, , mk1_c, code_compiler, engine/player.h::player_move::0::37:247
_player_deplete                 = $44B3 ; addr, public, , mk1_c, code_compiler, engine/player.h::player_deplete::0::69:1488
_player_kill                    = $44DE ; addr, public, , mk1_c, code_compiler, engine/player.h::player_kill::0::70:1492
_draw_hud                       = $5367 ; addr, public, , mk1_c, code_compiler, mainloop/hud.h::draw_hud::0::103:6
_unpack                         = $17E6 ; addr, public, , mk1_c, code_compiler, aplib.h::unpack::0::0:155
_game_ending                    = $3C28 ; addr, public, , mk1_c, code_compiler, my/fixed_screens.h::game_ending::0::25:4
_game_over                      = $3C50 ; addr, public, , mk1_c, code_compiler, my/fixed_screens.h::game_over::0::26:19
_addsign                        = $3C9A ; addr, public, , mk1_c, code_compiler, engine.h::addsign::0::27:20
_espera_activa                  = $3CB4 ; addr, public, , mk1_c, code_compiler, engine.h::espera_activa::0::28:28
_draw_scr_background            = $3CD5 ; addr, public, , mk1_c, code_compiler, engine.h::draw_scr_background::0::30:352
_draw_scr                       = $3D57 ; addr, public, , mk1_c, code_compiler, engine.h::draw_scr::0::32:525
_mons_col_sc_x                  = $3DDE ; addr, public, , mk1_c, code_compiler, engine.h::mons_col_sc_x::0::33:768
_mons_col_sc_y                  = $3E4C ; addr, public, , mk1_c, code_compiler, engine.h::mons_col_sc_y::0::34:849
_blackout                       = $23D3 ; addr, public, , mk1_c, code_compiler, pantallas.h::blackout::0::1:32
_attr                           = $38E6 ; addr, public, , mk1_c, code_compiler, printer.h::attr::0::3:6
_qtile                          = $3916 ; addr, public, , mk1_c, code_compiler, printer.h::qtile::0::4:61
_draw_coloured_tile             = $394C ; addr, public, , mk1_c, code_compiler, printer.h::draw_coloured_tile::0::6:167
_invalidate_tile                = $3967 ; addr, public, , mk1_c, code_compiler, printer.h::invalidate_tile::0::7:450
_invalidate_viewport            = $3980 ; addr, public, , mk1_c, code_compiler, printer.h::invalidate_viewport::0::8:470
_draw_invalidate_coloured_tile_gamearea = $398C ; addr, public, , mk1_c, code_compiler, printer.h::draw_invalidate_coloured_tile_gamearea::0::9:482
_draw_coloured_tile_gamearea    = $3993 ; addr, public, , mk1_c, code_compiler, printer.h::draw_coloured_tile_gamearea::0::10:487
_draw_decorations               = $39B0 ; addr, public, , mk1_c, code_compiler, printer.h::draw_decorations::0::11:491
_update_tile                    = $39E3 ; addr, public, , mk1_c, code_compiler, printer.h::update_tile::0::12:536
_print_number2                  = $3A14 ; addr, public, , mk1_c, code_compiler, printer.h::print_number2::0::13:578
_print_str                      = $3A5B ; addr, public, , mk1_c, code_compiler, printer.h::print_str::0::14:663
_clear_sprites                  = $3A8A ; addr, public, , mk1_c, code_compiler, printer.h::clear_sprites::0::15:717
_cpc_UpdateNow                  = $3AE6 ; addr, public, , mk1_c, code_compiler, engine/update.h::cpc_UpdateNow::0::18:9
_wyz_init                       = $4C4A ; addr, public, , mk1_c, code_compiler, wyz_player.h::wyz_init::0::95:9
_wyz_play_music                 = $4C55 ; addr, public, , mk1_c, code_compiler, wyz_player.h::wyz_play_music::0::96:18
_wyz_play_sound                 = $4C7D ; addr, public, , mk1_c, code_compiler, wyz_player.h::wyz_play_sound::0::97:30
_wyz_stop_sound                 = $4C86 ; addr, public, , mk1_c, code_compiler, wyz_player.h::wyz_stop_sound::0::98:41
_pad0                           = $56EB ; addr, public, , mk1_c, bss_compiler, mk1.c::main::0::124:118
_enoffs                         = $56EC ; addr, public, , mk1_c, bss_compiler, mk1.c::main::0::124:118
_asm_number                     = $56EE ; addr, public, , mk1_c, bss_compiler, mk1.c::main::0::124:118
_asm_int                        = $56EF ; addr, public, , mk1_c, bss_compiler, mk1.c::main::0::124:118
_asm_int_2                      = $56F1 ; addr, public, , mk1_c, bss_compiler, mk1.c::main::0::124:118
_seed                           = $56F3 ; addr, public, , mk1_c, bss_compiler, mk1.c::main::0::124:118
_half_life                      = $56F5 ; addr, public, , mk1_c, bss_compiler, mk1.c::main::0::124:118
_p_x                            = $56F6 ; addr, public, , mk1_c, bss_compiler, mk1.c::main::0::124:118
_p_y                            = $56F8 ; addr, public, , mk1_c, bss_compiler, mk1.c::main::0::124:118
_p_vx                           = $56FA ; addr, public, , mk1_c, bss_compiler, mk1.c::main::0::124:118
_p_vy                           = $56FC ; addr, public, , mk1_c, bss_compiler, mk1.c::main::0::124:118
_p_saltando                     = $56FE ; addr, public, , mk1_c, bss_compiler, mk1.c::main::0::124:118
_p_cont_salto                   = $56FF ; addr, public, , mk1_c, bss_compiler, mk1.c::main::0::124:118
_p_frame                        = $5700 ; addr, public, , mk1_c, bss_compiler, mk1.c::main::0::124:118
_p_subframe                     = $5701 ; addr, public, , mk1_c, bss_compiler, mk1.c::main::0::124:118
_p_facing                       = $5702 ; addr, public, , mk1_c, bss_compiler, mk1.c::main::0::124:118
_p_estado                       = $5703 ; addr, public, , mk1_c, bss_compiler, mk1.c::main::0::124:118
_p_ct_estado                    = $5704 ; addr, public, , mk1_c, bss_compiler, mk1.c::main::0::124:118
_p_gotten                       = $5705 ; addr, public, , mk1_c, bss_compiler, mk1.c::main::0::124:118
_pregotten                      = $5706 ; addr, public, , mk1_c, bss_compiler, mk1.c::main::0::124:118
_p_life                         = $5707 ; addr, public, , mk1_c, bss_compiler, mk1.c::main::0::124:118
_p_objs                         = $5708 ; addr, public, , mk1_c, bss_compiler, mk1.c::main::0::124:118
_p_keys                         = $5709 ; addr, public, , mk1_c, bss_compiler, mk1.c::main::0::124:118
_p_fuel                         = $570A ; addr, public, , mk1_c, bss_compiler, mk1.c::main::0::124:118
_p_killed                       = $570B ; addr, public, , mk1_c, bss_compiler, mk1.c::main::0::124:118
_p_disparando                   = $570C ; addr, public, , mk1_c, bss_compiler, mk1.c::main::0::124:118
_p_facing_v                     = $570D ; addr, public, , mk1_c, bss_compiler, mk1.c::main::0::124:118
_p_facing_h                     = $570E ; addr, public, , mk1_c, bss_compiler, mk1.c::main::0::124:118
_p_ammo                         = $570F ; addr, public, , mk1_c, bss_compiler, mk1.c::main::0::124:118
_p_killme                       = $5710 ; addr, public, , mk1_c, bss_compiler, mk1.c::main::0::124:118
_p_kill_amt                     = $5711 ; addr, public, , mk1_c, bss_compiler, mk1.c::main::0::124:118
_p_tx                           = $5712 ; addr, public, , mk1_c, bss_compiler, mk1.c::main::0::124:118
_p_ty                           = $5713 ; addr, public, , mk1_c, bss_compiler, mk1.c::main::0::124:118
_ptgmx                          = $5714 ; addr, public, , mk1_c, bss_compiler, mk1.c::main::0::124:118
_ptgmy                          = $5716 ; addr, public, , mk1_c, bss_compiler, mk1.c::main::0::124:118
_spacer                         = $0B60 ; addr, public, , mk1_c, data_compiler, definitions.h:127
_enit                           = $5718 ; addr, public, , mk1_c, bss_compiler, mk1.c::main::0::124:118
_enspit                         = $5719 ; addr, public, , mk1_c, bss_compiler, mk1.c::main::0::124:118
__en_x                          = $571A ; addr, public, , mk1_c, bss_compiler, mk1.c::main::0::124:118
__en_y                          = $571B ; addr, public, , mk1_c, bss_compiler, mk1.c::main::0::124:118
__en_x1                         = $571C ; addr, public, , mk1_c, bss_compiler, mk1.c::main::0::124:118
__en_y1                         = $571D ; addr, public, , mk1_c, bss_compiler, mk1.c::main::0::124:118
__en_x2                         = $571E ; addr, public, , mk1_c, bss_compiler, mk1.c::main::0::124:118
__en_y2                         = $571F ; addr, public, , mk1_c, bss_compiler, mk1.c::main::0::124:118
__en_mx                         = $5720 ; addr, public, , mk1_c, bss_compiler, mk1.c::main::0::124:118
__en_my                         = $5721 ; addr, public, , mk1_c, bss_compiler, mk1.c::main::0::124:118
__en_t                          = $5722 ; addr, public, , mk1_c, bss_compiler, mk1.c::main::0::124:118
__en_life                       = $5723 ; addr, public, , mk1_c, bss_compiler, mk1.c::main::0::124:118
__baddies_pointer               = $5724 ; addr, public, , mk1_c, bss_compiler, mk1.c::main::0::124:118
_hotspot_x                      = $5726 ; addr, public, , mk1_c, bss_compiler, mk1.c::main::0::124:118
_hotspot_y                      = $5727 ; addr, public, , mk1_c, bss_compiler, mk1.c::main::0::124:118
_hotspot_destroy                = $5728 ; addr, public, , mk1_c, bss_compiler, mk1.c::main::0::124:118
_orig_tile                      = $5729 ; addr, public, , mk1_c, bss_compiler, mk1.c::main::0::124:118
_flags                          = $572A ; addr, public, , mk1_c, bss_compiler, mk1.c::main::0::124:118
_o_pant                         = $574B ; addr, public, , mk1_c, bss_compiler, mk1.c::main::0::124:118
_n_pant                         = $574C ; addr, public, , mk1_c, bss_compiler, mk1.c::main::0::124:118
_is_rendering                   = $574D ; addr, public, , mk1_c, bss_compiler, mk1.c::main::0::124:118
_level                          = $574E ; addr, public, , mk1_c, bss_compiler, mk1.c::main::0::124:118
_slevel                         = $574F ; addr, public, , mk1_c, bss_compiler, mk1.c::main::0::124:118
_warp_to_level                  = $0B62 ; addr, public, , mk1_c, data_compiler, definitions.h:209
_maincounter                    = $5750 ; addr, public, , mk1_c, bss_compiler, mk1.c::main::0::124:118
_timer_on                       = $5751 ; addr, public, , mk1_c, bss_compiler, mk1.c::main::0::124:118
_timer_t                        = $5752 ; addr, public, , mk1_c, bss_compiler, mk1.c::main::0::124:118
_timer_frames                   = $5753 ; addr, public, , mk1_c, bss_compiler, mk1.c::main::0::124:118
_timer_count                    = $5754 ; addr, public, , mk1_c, bss_compiler, mk1.c::main::0::124:118
_timer_zero                     = $5755 ; addr, public, , mk1_c, bss_compiler, mk1.c::main::0::124:118
_gpx                            = $5756 ; addr, public, , mk1_c, bss_compiler, mk1.c::main::0::124:118
_gpox                           = $5757 ; addr, public, , mk1_c, bss_compiler, mk1.c::main::0::124:118
_gpy                            = $5758 ; addr, public, , mk1_c, bss_compiler, mk1.c::main::0::124:118
_gpd                            = $5759 ; addr, public, , mk1_c, bss_compiler, mk1.c::main::0::124:118
_gpc                            = $575A ; addr, public, , mk1_c, bss_compiler, mk1.c::main::0::124:118
_gpt                            = $575B ; addr, public, , mk1_c, bss_compiler, mk1.c::main::0::124:118
_gpxx                           = $575C ; addr, public, , mk1_c, bss_compiler, mk1.c::main::0::124:118
_gpyy                           = $575D ; addr, public, , mk1_c, bss_compiler, mk1.c::main::0::124:118
_gpcx                           = $575E ; addr, public, , mk1_c, bss_compiler, mk1.c::main::0::124:118
_gpcy                           = $575F ; addr, public, , mk1_c, bss_compiler, mk1.c::main::0::124:118
_possee                         = $5760 ; addr, public, , mk1_c, bss_compiler, mk1.c::main::0::124:118
_hit_v                          = $5761 ; addr, public, , mk1_c, bss_compiler, mk1.c::main::0::124:118
_hit_h                          = $5762 ; addr, public, , mk1_c, bss_compiler, mk1.c::main::0::124:118
_hit                            = $5763 ; addr, public, , mk1_c, bss_compiler, mk1.c::main::0::124:118
_wall_h                         = $5764 ; addr, public, , mk1_c, bss_compiler, mk1.c::main::0::124:118
_wall_v                         = $5765 ; addr, public, , mk1_c, bss_compiler, mk1.c::main::0::124:118
_gpen_x                         = $5766 ; addr, public, , mk1_c, bss_compiler, mk1.c::main::0::124:118
_gpen_y                         = $5767 ; addr, public, , mk1_c, bss_compiler, mk1.c::main::0::124:118
_gpen_cx                        = $5768 ; addr, public, , mk1_c, bss_compiler, mk1.c::main::0::124:118
_gpen_cy                        = $5769 ; addr, public, , mk1_c, bss_compiler, mk1.c::main::0::124:118
_gpaux                          = $576A ; addr, public, , mk1_c, bss_compiler, mk1.c::main::0::124:118
_tocado                         = $576B ; addr, public, , mk1_c, bss_compiler, mk1.c::main::0::124:118
_active                         = $576C ; addr, public, , mk1_c, bss_compiler, mk1.c::main::0::124:118
_gpit                           = $576D ; addr, public, , mk1_c, bss_compiler, mk1.c::main::0::124:118
_gpjt                           = $576E ; addr, public, , mk1_c, bss_compiler, mk1.c::main::0::124:118
_enoffsmasi                     = $576F ; addr, public, , mk1_c, bss_compiler, mk1.c::main::0::124:118
_gpint                          = $5771 ; addr, public, , mk1_c, bss_compiler, mk1.c::main::0::124:118
_map_pointer                    = $5773 ; addr, public, , mk1_c, bss_compiler, mk1.c::main::0::124:118
_rdx                            = $5775 ; addr, public, , mk1_c, bss_compiler, mk1.c::main::0::124:118
_rdy                            = $5776 ; addr, public, , mk1_c, bss_compiler, mk1.c::main::0::124:118
_rda                            = $5777 ; addr, public, , mk1_c, bss_compiler, mk1.c::main::0::124:118
_rdb                            = $5778 ; addr, public, , mk1_c, bss_compiler, mk1.c::main::0::124:118
_rdc                            = $5779 ; addr, public, , mk1_c, bss_compiler, mk1.c::main::0::124:118
_rdd                            = $577A ; addr, public, , mk1_c, bss_compiler, mk1.c::main::0::124:118
_rdn                            = $577B ; addr, public, , mk1_c, bss_compiler, mk1.c::main::0::124:118
_rdt                            = $577C ; addr, public, , mk1_c, bss_compiler, mk1.c::main::0::124:118
_itj                            = $577D ; addr, public, , mk1_c, bss_compiler, mk1.c::main::0::124:118
_objs_old                       = $577F ; addr, public, , mk1_c, bss_compiler, mk1.c::main::0::124:118
_keys_old                       = $5780 ; addr, public, , mk1_c, bss_compiler, mk1.c::main::0::124:118
_life_old                       = $5781 ; addr, public, , mk1_c, bss_compiler, mk1.c::main::0::124:118
_killed_old                     = $5782 ; addr, public, , mk1_c, bss_compiler, mk1.c::main::0::124:118
_gen_pt                         = $5783 ; addr, public, , mk1_c, bss_compiler, mk1.c::main::0::124:118
_playing                        = $5785 ; addr, public, , mk1_c, bss_compiler, mk1.c::main::0::124:118
_success                        = $5786 ; addr, public, , mk1_c, bss_compiler, mk1.c::main::0::124:118
__x                             = $5787 ; addr, public, , mk1_c, bss_compiler, mk1.c::main::0::124:118
__y                             = $5788 ; addr, public, , mk1_c, bss_compiler, mk1.c::main::0::124:118
__n                             = $5789 ; addr, public, , mk1_c, bss_compiler, mk1.c::main::0::124:118
__t                             = $578A ; addr, public, , mk1_c, bss_compiler, mk1.c::main::0::124:118
_cx1                            = $578B ; addr, public, , mk1_c, bss_compiler, mk1.c::main::0::124:118
_cy1                            = $578C ; addr, public, , mk1_c, bss_compiler, mk1.c::main::0::124:118
_cx2                            = $578D ; addr, public, , mk1_c, bss_compiler, mk1.c::main::0::124:118
_cy2                            = $578E ; addr, public, , mk1_c, bss_compiler, mk1.c::main::0::124:118
_at1                            = $578F ; addr, public, , mk1_c, bss_compiler, mk1.c::main::0::124:118
_at2                            = $5790 ; addr, public, , mk1_c, bss_compiler, mk1.c::main::0::124:118
_x0                             = $5791 ; addr, public, , mk1_c, bss_compiler, mk1.c::main::0::124:118
_y0                             = $5792 ; addr, public, , mk1_c, bss_compiler, mk1.c::main::0::124:118
_x1                             = $5793 ; addr, public, , mk1_c, bss_compiler, mk1.c::main::0::124:118
_y1                             = $5794 ; addr, public, , mk1_c, bss_compiler, mk1.c::main::0::124:118
_ptx1                           = $5795 ; addr, public, , mk1_c, bss_compiler, mk1.c::main::0::124:118
_pty1                           = $5796 ; addr, public, , mk1_c, bss_compiler, mk1.c::main::0::124:118
_ptx2                           = $5797 ; addr, public, , mk1_c, bss_compiler, mk1.c::main::0::124:118
_pty2                           = $5798 ; addr, public, , mk1_c, bss_compiler, mk1.c::main::0::124:118
_pty2b                          = $5799 ; addr, public, , mk1_c, bss_compiler, mk1.c::main::0::124:118
__gp_gen                        = $579A ; addr, public, , mk1_c, bss_compiler, mk1.c::main::0::124:118
_def_keys_joy                   = $170C ; addr, public, , mk1_c, code_compiler, definitions.h:327
_isr_player_on                  = $579C ; addr, public, , mk1_c, bss_compiler, mk1.c::main::0::124:118
_t_seconds                      = $579D ; addr, public, , mk1_c, bss_compiler, mk1.c::main::0::124:118
_is_joystick                    = $579F ; addr, public, , mk1_c, bss_compiler, mk1.c::main::0::124:118
_ram_address                    = $57A0 ; addr, public, , mk1_c, bss_compiler, mk1.c::main::0::124:118
_ram_destination                = $57A2 ; addr, public, , mk1_c, bss_compiler, mk1.c::main::0::124:118
_s_title                        = $1801 ; addr, public, , mk1_c, code_compiler, pantallas.h::unpack::0::1:13
_s_marco                        = $1ECD ; addr, public, , mk1_c, code_compiler, pantallas.h::unpack::0::1:13
_s_ending                       = $206E ; addr, public, , mk1_c, code_compiler, pantallas.h::unpack::0::1:25
_show_buffer_and_tiles          = $23F2 ; addr, public, , mk1_c, code_compiler, pantallas.h::show_buffer_and_tiles::0::2:55
_my_inks                        = $56C1 ; addr, public, , mk1_c, rodata_compiler, assets/pal.h::show_buffer_and_tiles::0::3:5
_mapa                           = $0B63 ; addr, public, , mk1_c, data_compiler, assets/mapa.h::show_buffer_and_tiles::0::3:5
_cerrojos                       = $57A4 ; addr, public, , mk1_c, bss_compiler, mk1.c::main::0::124:118
_tileset                        = $23FF ; addr, public, , mk1_c, code_compiler, assets/tileset.h::show_buffer_and_tiles::0::3:5
_malotes                        = $14C3 ; addr, public, , mk1_c, data_compiler, assets/enems.h::show_buffer_and_tiles::0::3:17
_hotspots                       = $1673 ; addr, public, , mk1_c, data_compiler, assets/enems.h::show_buffer_and_tiles::0::3:116
_sprites                        = $33FF ; addr, public, , mk1_c, code_compiler, assets/sprites.h::show_buffer_and_tiles::0::3:10
_sprite_17_a                    = $37FF ; addr, public, , mk1_c, code_compiler, assets/extrasprites.h::show_buffer_and_tiles::0::3:23
_sprite_18_a                    = $383F ; addr, public, , mk1_c, code_compiler, assets/extrasprites.h::show_buffer_and_tiles::0::3:30
_sm_cox                         = $16A3 ; addr, public, , mk1_c, data_compiler, assets/spriteset_mappings.h::show_buffer_and_tiles::0::3:9
_sm_coy                         = $16B3 ; addr, public, , mk1_c, data_compiler, assets/spriteset_mappings.h::show_buffer_and_tiles::0::3:14
_sm_invfunc                     = $16C3 ; addr, public, , mk1_c, data_compiler, assets/spriteset_mappings.h::show_buffer_and_tiles::0::3:19
_sm_updfunc                     = $16E3 ; addr, public, , mk1_c, data_compiler, assets/spriteset_mappings.h::show_buffer_and_tiles::0::3:26
_sm_sprptr                      = $389F ; addr, public, , mk1_c, code_compiler, assets/spriteset_mappings.h::show_buffer_and_tiles::0::3:34
_trpixlutc                      = $38BF ; addr, public, , mk1_c, code_compiler, assets/trpixlut.h::show_buffer_and_tiles::0::3:6
__tile_address                  = $3934 ; addr, public, , mk1_c, code_compiler, printer.h::_tile_address::0::5:134
_utaux                          = $1703 ; addr, public, , mk1_c, data_compiler, printer.h::draw_decorations::0::12:535
_pal_set                        = $3AB8 ; addr, public, , mk1_c, code_compiler, printer.h::pal_set::0::17:727
_wyz_songs                      = $4C46 ; addr, public, , mk1_c, code_compiler, my/wyz/songs.h::hotspots_do::0::95:6
_title_screen                   = $530B ; addr, public, , mk1_c, code_compiler, my/title_screen.h::title_screen::0::99:6
_main                           = $5396 ; addr, public, , mk1_c, code_compiler, mainloop.h::main::0::106:7
cpc_ShowTileMap                 = $057E ; addr, public, , cpc_ShowTileMap, , cpc_ShowTileMap.asm:20
cpc_ResetTouchedTiles           = $0619 ; addr, public, , cpc_ResetTouchedTiles, , cpc_ResetTouchedTiles.asm:18
cpc_UpdScr                      = $0627 ; addr, public, , cpc_UpdScr, , cpc_UpdScr.asm:29
cpc_ShowTouchedTiles            = $0704 ; addr, public, , cpc_ShowTouchedTiles, , cpc_ShowTouchedTiles.asm:36
cpc_PutSpTileMap4x8             = $0814 ; addr, public, , cpc_PutSpTileMap4x8, , cpc_PutSpTileMap4x8.asm:25
cpc_PutSpTileMap8x16Px          = $0861 ; addr, public, , cpc_PutSpTileMap8x16Px, , cpc_PutSpTileMap8x16Px.asm:26
cpc_TestKey                     = $08CB ; addr, public, , cpc_TestKey, , cpc_TestKey.asm:14
cpc_TestKeyboard                = $08E5 ; addr, public, , cpc_TestKeyboard, , cpc_TestKeyboard.asm:3
cpc_AnyKeyPressed               = $0909 ; addr, public, , cpc_AnyKeyPressed, , cpc_AnyKeyPressed.asm:11
cpc_SetMode                     = $0923 ; addr, public, , cpc_SetMode, , cpc_SetMode.asm:8
cpc_SetColour                   = $092D ; addr, public, , cpc_SetColour, , cpc_SetColour.asm:8
cpc_UpdTileTable                = $094E ; addr, public, , cpc_UpdTileTable, , cpc_UpdTileTable.asm:54
cpc_UpdTileTableClp             = $0940 ; addr, public, , cpc_UpdTileTable, , cpc_UpdTileTable.asm:32
cpc_PutTrSp4x8TileMap2b         = $096D ; addr, public, , cpc_PutTrSp4x8TileMap2b, , cpc_PutTrSp4x8TileMap2b.asm:19
cpc_PutTrSp8x16TileMap2bPx      = $09B2 ; addr, public, , cpc_PutTrSp8x16TileMap2bPx, , cpc_PutTrSp8x16TileMap2bPx.asm:20
cpc_KeysData                    = $0A8C ; addr, public, , cpc_KeysData, , cpc_KeysData.asm:14
tabla_teclas                    = $0A98 ; addr, public, , cpc_KeysData, , cpc_KeysData.asm:40
keymap                          = $0A8C ; addr, public, , cpc_KeysData, , cpc_KeysData.asm:41
cpc_Bit2Mask                    = $0AB1 ; addr, public, , cpc_Bit2Mask, , cpc_Bit2Mask.asm:5
cpc_TblLookup                   = $0AB9 ; addr, public, , cpc_TblLookup, , cpc_TblLookup.asm:11
cpc_InvalidateRect              = $0AC0 ; addr, public, , cpc_InvalidateRect, , cpc_InvalidateRect.asm:29
cpc_bitright2mask               = $0B20 ; addr, public, , cpc_bitright2mask, , cpc_bitright2mask.asm:4
cpc_bitleft2mask                = $0B28 ; addr, public, , cpc_bitleft2mask, , cpc_bitleft2mask.asm:4
l_div_u                         = $5811 ; addr, public, , l_div_u, code_crt0_sccz80, sccz80/crt0_z80/l_div_u.asm:17
l_divu_16_16x16                 = $5812 ; addr, public, , l_divu_16_16x16, code_math, ../_DEVELOPMENT/math/integer/l_divu_16_16x16.asm:22
l0_divu_16_16x16                = $5816 ; addr, public, , l_divu_16_16x16, code_math, ../_DEVELOPMENT/math/integer/l_divu_16_16x16.asm:23
l_small_divu_16_16x16           = $5812 ; addr, public, , l_small_divu_16_16x16, code_math, ../_DEVELOPMENT/math/integer/small/l_small_divu_16_16x16.asm:17
l0_small_divu_16_16x16          = $5816 ; addr, public, , l_small_divu_16_16x16, code_math, ../_DEVELOPMENT/math/integer/small/l_small_divu_16_16x16.asm:42
l_small_divu_16_16x8            = $5832 ; addr, public, , l_small_divu_16_16x16, code_math, ../_DEVELOPMENT/math/integer/small/l_small_divu_16_16x16.asm:87
l0_small_divu_16_16x8           = $5836 ; addr, public, , l_small_divu_16_16x16, code_math, ../_DEVELOPMENT/math/integer/small/l_small_divu_16_16x16.asm:112
error_divide_by_zero_mc         = $586F ; addr, public, , error_divide_by_zero_mc, code_error, ../_DEVELOPMENT/error/z80/error_divide_by_zero_mc.asm:12
error_edom_mc                   = $586F ; addr, public, , error_edom_mc, code_error, ../_DEVELOPMENT/error/z80/error_edom_mc.asm:57
errno_mc                        = $5871 ; addr, public, , errno_mc, code_error, ../_DEVELOPMENT/error/z80/errno_mc.asm:21
_errno                          = $5881 ; addr, public, , _errno, bss_error, ../_DEVELOPMENT/error/z80/_errno.asm:7
error_mc                        = $587C ; addr, public, , error_mc, code_error, ../_DEVELOPMENT/error/z80/error_mc.asm:11
l_eq                            = $57A6 ; addr, public, , l_eq, code_crt0_sccz80, sccz80/crt0_z80/l_eq.asm:17
l_gchar                         = $57B0 ; addr, public, , l_gchar, code_crt0_sccz80, sccz80/crt0_z80/l_gchar.asm:11
l_gint                          = $57B6 ; addr, public, , l_gint, code_crt0_sccz80, sccz80/crt0_z80/l_gint.asm:11
l_gintsp                        = $57BB ; addr, public, , l_gintsp, code_crt0_sccz80, sccz80/crt0_z80/l_gintsp.asm:7
l_gt                            = $57C3 ; addr, public, , l_gt, code_crt0_sccz80, sccz80/crt0_z80/l_gt.asm:15
l_compare_result                = $57D3 ; addr, public, , l_compare_result, code_crt0_sccz80, sccz80/crt0_z80/l_compare_result.asm:4
l_lneg                          = $57D9 ; addr, public, , l_lneg, code_crt0_sccz80, sccz80/crt0_z80/l_lneg.asm:14
l_lt                            = $57E2 ; addr, public, , l_lt, code_crt0_sccz80, sccz80/crt0_z80/l_lt.asm:15
l_mult                          = $584C ; addr, public, , l_mul, code_crt0_sccz80, sccz80/crt0_z80/l_mul.asm:12
l_mulu_16_16x16                 = $584C ; addr, public, , l_mulu_16_16x16, code_math, ../_DEVELOPMENT/math/integer/l_mulu_16_16x16.asm:36
l_small_mul_16_16x16            = $584C ; addr, public, , l_small_mul_16_16x16, code_math, ../_DEVELOPMENT/math/integer/small/l_small_mul_16_16x16.asm:10
l_small_mul_16_16x8             = $585B ; addr, public, , l_small_mul_16_16x16, code_math, ../_DEVELOPMENT/math/integer/small/l_small_mul_16_16x16.asm:42
l_ne                            = $57F2 ; addr, public, , l_ne, code_crt0_sccz80, sccz80/crt0_z80/l_ne.asm:16
l_neg                           = $57FD ; addr, public, , l_neg, code_crt0_sccz80, sccz80/crt0_z80/l_neg.asm:13
l_pint                          = $5805 ; addr, public, , l_pint, code_crt0_sccz80, sccz80/crt0_z80/l_pint.asm:11
l_pint_pop                      = $580B ; addr, public, , l_pint_pop, code_crt0_sccz80, sccz80/crt0_z80/l_pint_pop.asm:12
__head                          = $0400 ; const, public, def, , ,
__tail                          = $5883 ; const, public, def, , ,
__size                          = $5483 ; const, public, def, , ,
__data_compiler_head            = $0B30 ; const, public, def, , ,
__data_compiler_tail            = $1704 ; const, public, def, , ,
__data_compiler_size            = $0BD4 ; const, public, def, , ,
__code_compiler_head            = $1704 ; const, public, def, , ,
__code_compiler_tail            = $56C1 ; const, public, def, , ,
__code_compiler_size            = $3FBD ; const, public, def, , ,
__rodata_compiler_head          = $56C1 ; const, public, def, , ,
__rodata_compiler_tail          = $56EB ; const, public, def, , ,
__rodata_compiler_size          = $002A ; const, public, def, , ,
__bss_compiler_head             = $56EB ; const, public, def, , ,
__bss_compiler_tail             = $57A6 ; const, public, def, , ,
__bss_compiler_size             = $00BB ; const, public, def, , ,
__code_crt0_sccz80_head         = $57A6 ; const, public, def, , ,
__code_crt0_sccz80_tail         = $5811 ; const, public, def, , ,
__code_crt0_sccz80_size         = $006B ; const, public, def, , ,
__code_clib_head                = $5811 ; const, public, def, , ,
__code_clib_tail                = $5811 ; const, public, def, , ,
__code_clib_size                = $0000 ; const, public, def, , ,
__code_math_head                = $5811 ; const, public, def, , ,
__code_math_tail                = $586C ; const, public, def, , ,
__code_math_size                = $005B ; const, public, def, , ,
__code_error_head               = $586C ; const, public, def, , ,
__code_error_tail               = $5881 ; const, public, def, , ,
__code_error_size               = $0015 ; const, public, def, , ,
__bss_clib_head                 = $5881 ; const, public, def, , ,
__bss_clib_tail                 = $5881 ; const, public, def, , ,
__bss_clib_size                 = $0000 ; const, public, def, , ,
__bss_error_head                = $5881 ; const, public, def, , ,
__bss_error_tail                = $5883 ; const, public, def, , ,
__bss_error_size                = $0002 ; const, public, def, , ,
