DEFINED_CRT_ORG_CODE            = $0001 ; const, local, , cpc_crt0, , C:/Users/Jaume/AppData/Local/Temp/zcc000022482D2D4/zcc_opt.def:3
CRT_ORG_CODE                    = $0400 ; const, local, , cpc_crt0, , C:/Users/Jaume/AppData/Local/Temp/zcc000022482D2D4/zcc_opt.def:4
start                           = $0400 ; addr, local, , cpc_crt0, , crt.asm:7
T_WIDTH                         = $0020 ; const, local, , tilemap_conf_asm, , tilemap_conf.asm:66
T_HEIGHT                        = $0018 ; const, local, , tilemap_conf_asm, , tilemap_conf.asm:67
vpClipStruct                    = $1822 ; addr, local, , mk1_c, code_compiler, definitions.h:4
fsClipStruct                    = $1826 ; addr, local, , mk1_c, code_compiler, definitions.h:4
i_1                             = $5AD2 ; addr, local, , mk1_c, rodata_compiler, mk1.c::main::0::135:118
HLshr6_A                        = $1842 ; addr, local, , mk1_c, code_compiler, mtasmlib.h:6
Ashl16_HL                       = $184D ; addr, local, , mk1_c, code_compiler, mtasmlib.h:6
withSign                        = $1859 ; addr, local, , mk1_c, code_compiler, mtasmlib.h:6
depack                          = $1861 ; addr, local, , mk1_c, code_compiler, aplib.h:11
apbranch1                       = $1864 ; addr, local, , mk1_c, code_compiler, aplib.h:11
aploop0                         = $1866 ; addr, local, , mk1_c, code_compiler, aplib.h:11
ap_getbit                       = $18E8 ; addr, local, , mk1_c, code_compiler, aplib.h:11
aploop                          = $1869 ; addr, local, , mk1_c, code_compiler, aplib.h:11
apbranch2                       = $18A7 ; addr, local, , mk1_c, code_compiler, aplib.h:11
apbranch3                       = $1893 ; addr, local, , mk1_c, code_compiler, aplib.h:11
apget4bits                      = $187C ; addr, local, , mk1_c, code_compiler, aplib.h:11
apbranch4                       = $188A ; addr, local, , mk1_c, code_compiler, aplib.h:11
apwritebyte                     = $1886 ; addr, local, , mk1_c, code_compiler, aplib.h:11
ap_finishup2                    = $18D5 ; addr, local, , mk1_c, code_compiler, aplib.h:11
ap_getgamma                     = $18F4 ; addr, local, , mk1_c, code_compiler, aplib.h:11
ap_r0_gamma                     = $18DC ; addr, local, , mk1_c, code_compiler, aplib.h:11
apskip2                         = $18C6 ; addr, local, , mk1_c, code_compiler, aplib.h:11
apskip3                         = $18CF ; addr, local, , mk1_c, code_compiler, aplib.h:11
ap_finishup                     = $18D2 ; addr, local, , mk1_c, code_compiler, aplib.h:11
ap_getgammaloop                 = $18F7 ; addr, local, , mk1_c, code_compiler, aplib.h:11
bo_l1                           = $2212 ; addr, local, , mk1_c, code_compiler, pantallas.h::blackout::0::1:32
_font                           = $2235 ; addr, local, , mk1_c, code_compiler, assets/tileset.h::show_buffer_and_tiles::0::3:5
_tspatterns                     = $2635 ; addr, local, , mk1_c, code_compiler, assets/tileset.h::show_buffer_and_tiles::0::3:5
_attr_2                         = $36E4 ; addr, local, , mk1_c, code_compiler, printer.h::attr::0::3:6
_attr_1                         = $36EC ; addr, local, , mk1_c, code_compiler, printer.h::attr::0::3:6
_attr_1b                        = $36F6 ; addr, local, , mk1_c, code_compiler, printer.h::attr::0::3:6
_map_attr                       = $C600 ; const, local, , mk1_c, code_compiler, mk1.c::main::0::135:118
_attr_end                       = $3709 ; addr, local, , mk1_c, code_compiler, printer.h::attr::0::3:6
qtile_do                        = $3714 ; addr, local, , mk1_c, code_compiler, printer.h::qtile::0::4:61
_map_buff                       = $C696 ; const, local, , mk1_c, code_compiler, mk1.c::main::0::135:118
_draw_decorations_loop          = $37A9 ; addr, local, , mk1_c, code_compiler, printer.h::draw_decorations::0::11:491
print_str_loop                  = $3871 ; addr, local, , mk1_c, code_compiler, printer.h::print_str::0::15:663
print_str_inv                   = $3883 ; addr, local, , mk1_c, code_compiler, printer.h::print_str::0::15:663
i_17                            = $38A2 ; addr, local, , mk1_c, code_compiler, printer.h::clear_sprites::0::16:717
i_15                            = $389D ; addr, local, , mk1_c, code_compiler, printer.h::clear_sprites::0::16:717
i_16                            = $38C3 ; addr, local, , mk1_c, code_compiler, printer.h::clear_sprites::0::16:717
_sp_sw                          = $E600 ; const, local, , mk1_c, code_compiler, mk1.c::main::0::135:118
i_18                            = $38C9 ; addr, local, , mk1_c, code_compiler, printer.h::pal_set::0::18:727
i_19                            = $38F1 ; addr, local, , mk1_c, code_compiler, printer.h::pal_set::0::18:727
i_20                            = $3927 ; addr, local, , mk1_c, code_compiler, engine/update.h::cpc_UpdateNow::0::19:9
_cpc_screen_update_inv_loop     = $38FE ; addr, local, , mk1_c, code_compiler, engine/update.h::cpc_UpdateNow::0::19:9
_cpc_screen_update_inv_ret      = $3920 ; addr, local, , mk1_c, code_compiler, engine/update.h::cpc_UpdateNow::0::19:9
_cpc_screen_update_upd_buffer   = $3927 ; addr, local, , mk1_c, code_compiler, engine/update.h::cpc_UpdateNow::0::19:9
i_21                            = $395E ; addr, local, , mk1_c, code_compiler, engine/update.h::cpc_UpdateNow::0::19:9
_cpc_screen_update_upd_loop     = $3936 ; addr, local, , mk1_c, code_compiler, engine/update.h::cpc_UpdateNow::0::19:9
_cpc_screen_update_upd_ret      = $3959 ; addr, local, , mk1_c, code_compiler, engine/update.h::cpc_UpdateNow::0::19:9
_cpc_screen_update_done         = $395E ; addr, local, , mk1_c, code_compiler, engine/update.h::cpc_UpdateNow::0::19:9
_cm_two_points_at1_reset        = $39A5 ; addr, local, , mk1_c, code_compiler, engine/general.h::cm_two_points::0::23:63
_cm_two_points_at1_do           = $39A8 ; addr, local, , mk1_c, code_compiler, engine/general.h::cm_two_points::0::23:63
_cm_two_points_at1_done         = $39C2 ; addr, local, , mk1_c, code_compiler, engine/general.h::cm_two_points::0::23:63
_cm_two_points_at2_reset        = $39D3 ; addr, local, , mk1_c, code_compiler, engine/general.h::cm_two_points::0::23:63
_cm_two_points_at2_do           = $39D6 ; addr, local, , mk1_c, code_compiler, engine/general.h::cm_two_points::0::23:63
_cm_two_points_at2_done         = $39F0 ; addr, local, , mk1_c, code_compiler, engine/general.h::cm_two_points::0::23:63
rand16                          = $39F4 ; addr, local, , mk1_c, code_compiler, engine/general.h::rand::0::24:138
nextrand                        = $3A10 ; addr, local, , mk1_c, code_compiler, engine/general.h::rand::0::24:138
i_22                            = $3A2E ; addr, local, , mk1_c, code_compiler, engine/general.h::abs::0::25:182
i_23                            = $3A33 ; addr, local, , mk1_c, code_compiler, engine/general.h::abs::0::25:182
i_24                            = $3AB7 ; addr, local, , mk1_c, code_compiler, engine.h::addsign::0::28:20
i_25                            = $3ABF ; addr, local, , mk1_c, code_compiler, engine.h::addsign::0::28:20
i_26                            = $3AC0 ; addr, local, , mk1_c, code_compiler, engine.h::espera_activa::0::29:28
i_27                            = $3AC8 ; addr, local, , mk1_c, code_compiler, engine.h::espera_activa::0::29:28
i_30                            = $3AC8 ; addr, local, , mk1_c, code_compiler, engine.h::espera_activa::0::29:28
i_29                            = $3AE0 ; addr, local, , mk1_c, code_compiler, engine.h::espera_activa::0::29:28
i_31                            = $3AD6 ; addr, local, , mk1_c, code_compiler, engine.h::espera_activa::0::29:28
i_28                            = $3AD6 ; addr, local, , mk1_c, code_compiler, engine.h::espera_activa::0::29:28
init_cerrojos_loop              = $3AEB ; addr, local, , mk1_c, code_compiler, engine.h::locks_init::0::31:45
open_lock                       = $3AF0 ; addr, local, , mk1_c, code_compiler, engine.h::process_tile::0::32:85
open_lock_end                   = $3B4C ; addr, local, , mk1_c, code_compiler, engine.h::process_tile::1::33:343
clear_cerrojo_loop              = $3B0D ; addr, local, , mk1_c, code_compiler, engine.h::process_tile::0::32:85
clear_cerrojo_loop_continue     = $3B29 ; addr, local, , mk1_c, code_compiler, engine.h::process_tile::0::32:85
clear_cerrojo_end               = $3B2C ; addr, local, , mk1_c, code_compiler, engine.h::process_tile::0::32:85
i_34                            = $3B81 ; addr, local, , mk1_c, code_compiler, engine.h::draw_scr_background::0::33:352
i_32                            = $3B7A ; addr, local, , mk1_c, code_compiler, engine.h::draw_scr_background::0::33:352
i_33                            = $3BFE ; addr, local, , mk1_c, code_compiler, engine.h::draw_scr_background::3::35:474
_draw_scr_packed_existing       = $3BA8 ; addr, local, , mk1_c, code_compiler, engine.h::draw_scr_background::0::33:352
_draw_scr_packed_new            = $3B93 ; addr, local, , mk1_c, code_compiler, engine.h::draw_scr_background::0::33:352
_draw_scr_packed_done           = $3BAD ; addr, local, , mk1_c, code_compiler, engine.h::draw_scr_background::0::33:352
_draw_scr_packed_noalt          = $3BDD ; addr, local, , mk1_c, code_compiler, engine.h::draw_scr_background::3::35:436
_draw_scr_packed_alt            = $3BC9 ; addr, local, , mk1_c, code_compiler, engine.h::draw_scr_background::3::35:436
_draw_scr_packed_alt_subst      = $3BD8 ; addr, local, , mk1_c, code_compiler, engine.h::draw_scr_background::3::35:436
_advance_worm_no_inc_y          = $3BF8 ; addr, local, , mk1_c, code_compiler, engine.h::draw_scr_background::3::35:474
_hotspots_setup_done            = $3C7B ; addr, local, , mk1_c, code_compiler, engine.h::draw_scr::1::36:669
_hotspots_setup_do              = $3C41 ; addr, local, , mk1_c, code_compiler, engine.h::draw_scr::1::36:553
_hotspots_setup_set             = $3C73 ; addr, local, , mk1_c, code_compiler, engine.h::draw_scr::1::36:553
_hotspots_setup_set_refill      = $3C72 ; addr, local, , mk1_c, code_compiler, engine.h::draw_scr::1::36:553
_open_locks_loop                = $3C80 ; addr, local, , mk1_c, code_compiler, engine.h::draw_scr::1::36:669
_open_locks_done                = $3CA8 ; addr, local, , mk1_c, code_compiler, engine.h::draw_scr::1::36:669
_open_locks_do                  = $3C94 ; addr, local, , mk1_c, code_compiler, engine.h::draw_scr::1::36:669
_mons_col_sc_x_lineal           = $3CB7 ; addr, local, , mk1_c, code_compiler, engine.h::mons_col_sc_x::0::36:768
_mons_col_sc_x_compare          = $3CBD ; addr, local, , mk1_c, code_compiler, engine.h::mons_col_sc_x::0::36:768
_mons_col_sc_x_horz_positive    = $3CCA ; addr, local, , mk1_c, code_compiler, engine.h::mons_col_sc_x::0::36:768
_mons_col_sc_x_horz_negative_zero = $3CC7 ; addr, local, , mk1_c, code_compiler, engine.h::mons_col_sc_x::0::36:768
_mons_col_sc_x_horz_set         = $3CCB ; addr, local, , mk1_c, code_compiler, engine.h::mons_col_sc_x::0::36:768
i_35                            = $3D1D ; addr, local, , mk1_c, code_compiler, engine.h::mons_col_sc_x::0::36:768
i_36                            = $3D20 ; addr, local, , mk1_c, code_compiler, engine.h::mons_col_sc_x::0::36:768
_mons_col_sc_y_lineal           = $3D23 ; addr, local, , mk1_c, code_compiler, engine.h::mons_col_sc_y::0::37:849
_mons_col_sc_y_compare          = $3D29 ; addr, local, , mk1_c, code_compiler, engine.h::mons_col_sc_y::0::37:849
_mons_col_sc_y_vert_positive    = $3D36 ; addr, local, , mk1_c, code_compiler, engine.h::mons_col_sc_y::0::37:849
_mons_col_sc_y_vert_negative_zero = $3D33 ; addr, local, , mk1_c, code_compiler, engine.h::mons_col_sc_y::0::37:849
_mons_col_sc_y_vert_set         = $3D37 ; addr, local, , mk1_c, code_compiler, engine.h::mons_col_sc_y::0::37:849
i_37                            = $3D79 ; addr, local, , mk1_c, code_compiler, engine.h::mons_col_sc_y::0::37:849
i_38                            = $3D7C ; addr, local, , mk1_c, code_compiler, engine.h::mons_col_sc_y::0::37:849
_player_gravity_add             = $3E40 ; addr, local, , mk1_c, code_compiler, engine/player.h::player_move::0::40:247
_player_gravity_maximum         = $3E46 ; addr, local, , mk1_c, code_compiler, engine/player.h::player_move::0::40:247
_player_gravity_vy_set          = $3E49 ; addr, local, , mk1_c, code_compiler, engine/player.h::player_move::0::40:247
_player_gravity_done            = $3E4C ; addr, local, , mk1_c, code_compiler, engine/player.h::player_move::0::40:247
_player_gravity_p_gotten_done   = $3E5C ; addr, local, , mk1_c, code_compiler, engine/player.h::player_move::0::40:247
i_39                            = $3E79 ; addr, local, , mk1_c, code_compiler, engine/player.h::player_move::1::42:372
i_40                            = $3E87 ; addr, local, , mk1_c, code_compiler, engine/player.h::player_move::1::42:372
i_41                            = $3E9A ; addr, local, , mk1_c, code_compiler, engine/player.h::player_move::1::42:372
i_42                            = $3F07 ; addr, local, , mk1_c, code_compiler, engine/player.h::player_move::3::44:410
i_44                            = $3EE7 ; addr, local, , mk1_c, code_compiler, engine/player.h::player_move::1::42:372
i_43                            = $3F07 ; addr, local, , mk1_c, code_compiler, engine/player.h::player_move::3::44:410
i_46                            = $3F75 ; addr, local, , mk1_c, code_compiler, engine/player.h::player_move::3::46:487
i_48                            = $3F50 ; addr, local, , mk1_c, code_compiler, engine/player.h::player_move::3::44:410
i_49                            = $3F75 ; addr, local, , mk1_c, code_compiler, engine/player.h::player_move::3::44:410
i_50                            = $3F50 ; addr, local, , mk1_c, code_compiler, engine/player.h::player_move::3::44:410
i_47                            = $3F75 ; addr, local, , mk1_c, code_compiler, engine/player.h::player_move::3::46:487
i_53_i_49                       = $3F50 ; addr, local, , mk1_c, code_compiler, engine/player.h::player_move::3::44:410
evil_tile_check_vert_done       = $3F98 ; addr, local, , mk1_c, code_compiler, engine/player.h::player_move::3::46:487
i_54                            = $3FCC ; addr, local, , mk1_c, code_compiler, engine/player.h::player_move::3::46:487
i_55                            = $3FCF ; addr, local, , mk1_c, code_compiler, engine/player.h::player_move::3::46:487
i_56                            = $404E ; addr, local, , mk1_c, code_compiler, engine/player.h::player_move::3::48:640
i_57                            = $4008 ; addr, local, , mk1_c, code_compiler, engine/player.h::player_move::3::48:640
i_59                            = $3FF6 ; addr, local, , mk1_c, code_compiler, engine/player.h::player_move::3::48:640
i_58                            = $4052 ; addr, local, , mk1_c, code_compiler, engine/player.h::player_move::3::48:640
i_61                            = $4052 ; addr, local, , mk1_c, code_compiler, engine/player.h::player_move::3::48:640
i_62                            = $4037 ; addr, local, , mk1_c, code_compiler, engine/player.h::player_move::3::48:640
i_63                            = $4052 ; addr, local, , mk1_c, code_compiler, engine/player.h::player_move::3::48:640
i_64                            = $4052 ; addr, local, , mk1_c, code_compiler, engine/player.h::player_move::3::48:640
i_66                            = $4068 ; addr, local, , mk1_c, code_compiler, engine/player.h::player_move::3::48:640
i_67                            = $406B ; addr, local, , mk1_c, code_compiler, engine/player.h::player_move::3::48:640
i_65                            = $409D ; addr, local, , mk1_c, code_compiler, engine/player.h::player_move::3::48:640
decelerate_right                = $408C ; addr, local, , mk1_c, code_compiler, engine/player.h::player_move::3::48:640
decelerate_left                 = $407C ; addr, local, , mk1_c, code_compiler, engine/player.h::player_move::3::48:640
h_acceleration_set              = $4087 ; addr, local, , mk1_c, code_compiler, engine/player.h::player_move::3::48:640
h_acceleration_done             = $40E6 ; addr, local, , mk1_c, code_compiler, engine/player.h::player_move::2::54:802
h_decelerate_done               = $409D ; addr, local, , mk1_c, code_compiler, engine/player.h::player_move::3::48:640
i_68                            = $40C1 ; addr, local, , mk1_c, code_compiler, engine/player.h::player_move::2::53:763
accelerate_left_done            = $40C1 ; addr, local, , mk1_c, code_compiler, engine/player.h::player_move::2::53:763
i_69                            = $40E6 ; addr, local, , mk1_c, code_compiler, engine/player.h::player_move::2::54:802
accelerate_right_done           = $40E6 ; addr, local, , mk1_c, code_compiler, engine/player.h::player_move::2::54:802
i_70                            = $4104 ; addr, local, , mk1_c, code_compiler, engine/player.h::player_move::1::54:846
i_71                            = $4117 ; addr, local, , mk1_c, code_compiler, engine/player.h::player_move::1::54:846
i_72                            = $419A ; addr, local, , mk1_c, code_compiler, engine/player.h::player_move::3::56:886
i_74                            = $4163 ; addr, local, , mk1_c, code_compiler, engine/player.h::player_move::1::54:846
i_73                            = $418B ; addr, local, , mk1_c, code_compiler, engine/player.h::player_move::3::56:886
i_76                            = $419A ; addr, local, , mk1_c, code_compiler, engine/player.h::player_move::3::56:886
i_77                            = $41FF ; addr, local, , mk1_c, code_compiler, engine/player.h::player_move::3::59:961
i_79                            = $41C9 ; addr, local, , mk1_c, code_compiler, engine/player.h::player_move::3::56:886
i_78                            = $41F0 ; addr, local, , mk1_c, code_compiler, engine/player.h::player_move::3::59:961
i_81                            = $41FF ; addr, local, , mk1_c, code_compiler, engine/player.h::player_move::3::59:961
i_82                            = $424F ; addr, local, , mk1_c, code_compiler, engine/player.h::player_move::1::62:1108
i_83                            = $424F ; addr, local, , mk1_c, code_compiler, ./my/ci/player_center_checks.h::player_move::1::60:0
i_84                            = $425D ; addr, local, , mk1_c, code_compiler, engine/player.h::player_move::2::63:1112
i_85                            = $429D ; addr, local, , mk1_c, code_compiler, engine/player.h::player_move::2::63:1112
p_int_left_no                   = $429A ; addr, local, , mk1_c, code_compiler, engine/player.h::player_move::2::63:1112
i_86                            = $42DA ; addr, local, , mk1_c, code_compiler, engine/player.h::player_move::2::63:1112
i_87                            = $42DA ; addr, local, , mk1_c, code_compiler, engine/player.h::player_move::2::63:1112
p_int_right_no                  = $42DA ; addr, local, , mk1_c, code_compiler, engine/player.h::player_move::2::63:1112
i_88                            = $4300 ; addr, local, , mk1_c, code_compiler, engine/player.h::player_move::2::63:1112
i_89                            = $431F ; addr, local, , mk1_c, code_compiler, engine/player.h::player_move::2::63:1112
i_90                            = $431F ; addr, local, , mk1_c, code_compiler, engine/player.h::player_move::2::63:1112
i_91                            = $4334 ; addr, local, , mk1_c, code_compiler, engine/player.h::player_move::2::63:1112
i_92                            = $4334 ; addr, local, , mk1_c, code_compiler, engine/player.h::player_move::2::63:1112
i_94                            = $4359 ; addr, local, , mk1_c, code_compiler, engine/player.h::player_move::2::63:1112
i_93                            = $4359 ; addr, local, , mk1_c, code_compiler, engine/player.h::player_move::2::63:1112
i_95_i_94                       = $4342 ; addr, local, , mk1_c, code_compiler, engine/player.h::player_move::2::63:1112
i_96                            = $434F ; addr, local, , mk1_c, code_compiler, engine/player.h::player_move::2::63:1112
i_97                            = $4352 ; addr, local, , mk1_c, code_compiler, engine/player.h::player_move::2::63:1112
i_98                            = $43AD ; addr, local, , mk1_c, code_compiler, engine/player.h::player_move::2::63:1112
i_99                            = $4366 ; addr, local, , mk1_c, code_compiler, engine/player.h::player_move::2::63:1112
i_100                           = $4369 ; addr, local, , mk1_c, code_compiler, engine/player.h::player_move::2::63:1112
i_101                           = $437F ; addr, local, , mk1_c, code_compiler, engine/player.h::player_move::2::63:1112
i_102                           = $43AD ; addr, local, , mk1_c, code_compiler, engine/player.h::player_move::2::63:1112
i_103                           = $439C ; addr, local, , mk1_c, code_compiler, engine/player.h::player_move::2::63:1112
_player_spr_setup               = $43C3 ; addr, local, , mk1_c, code_compiler, engine/player.h::player_move::2::63:1112
_player_spr_setup_done          = $43F2 ; addr, local, , mk1_c, code_compiler, engine/player.h::player_move::2::63:1112
i_104                           = $4414 ; addr, local, , mk1_c, code_compiler, engine/player.h::player_deplete::0::73:1485
i_105                           = $4417 ; addr, local, , mk1_c, code_compiler, engine/player.h::player_deplete::0::73:1485
calc_baddies_pointer            = $443F ; addr, local, , mk1_c, code_compiler, engine/enengine.h::player_kill::0::75:6
i_108                           = $4467 ; addr, local, , mk1_c, code_compiler, engine/enengine.h::enems_load::0::75:79
i_106                           = $4460 ; addr, local, , mk1_c, code_compiler, engine/enengine.h::enems_load::0::75:79
i_107                           = $461D ; addr, local, , mk1_c, code_compiler, engine/enengine.h::enems_load::3::82:231
_en_an_frame                    = $D603 ; const, local, , mk1_c, code_compiler, mk1.c::main::0::135:118
_en_an_state                    = $D60C ; const, local, , mk1_c, code_compiler, mk1.c::main::0::135:118
_en_an_count                    = $D606 ; const, local, , mk1_c, code_compiler, mk1.c::main::0::135:118
_en_an_next_frame               = $D63C ; const, local, , mk1_c, code_compiler, mk1.c::main::0::135:118
i_109                           = $4526 ; addr, local, , mk1_c, code_compiler, engine/enengine.h::enems_load::5::79:202
i_112                           = $44D2 ; addr, local, , mk1_c, code_compiler, engine/enengine.h::enems_load::3::77:122
i_113                           = $44EA ; addr, local, , mk1_c, code_compiler, engine/enengine.h::enems_load::3::77:122
i_114                           = $44EA ; addr, local, , mk1_c, code_compiler, engine/enengine.h::enems_load::3::77:122
i_115                           = $44EA ; addr, local, , mk1_c, code_compiler, engine/enengine.h::enems_load::3::77:122
i_116                           = $44EA ; addr, local, , mk1_c, code_compiler, engine/enengine.h::enems_load::3::77:122
i_117                           = $4518 ; addr, local, , mk1_c, code_compiler, engine/enengine.h::enems_load::5::79:202
_en_an_base_frame               = $D600 ; const, local, , mk1_c, code_compiler, mk1.c::main::0::135:118
i_111                           = $4531 ; addr, local, , mk1_c, code_compiler, engine/enengine.h::enems_load::5::79:202
i_118                           = $4531 ; addr, local, , mk1_c, code_compiler, engine/enengine.h::enems_load::5::79:202
i_119                           = $4607 ; addr, local, , mk1_c, code_compiler, engine/enengine.h::enems_load::5::79:202
redefine_sp_sw                  = $454F ; addr, local, , mk1_c, code_compiler, engine/enengine.h::enems_load::5::79:202
i_120                           = $461A ; addr, local, , mk1_c, code_compiler, engine/enengine.h::enems_load::5::79:202
enems_kill_noflag               = $462A ; addr, local, , mk1_c, code_compiler, engine/enengine.h::enems_kill::0::82:235
i_123                           = $464B ; addr, local, , mk1_c, code_compiler, engine/enengine.h::enems_move::0::83:265
i_121                           = $4646 ; addr, local, , mk1_c, code_compiler, engine/enengine.h::enems_move::0::83:265
i_122                           = $4999 ; addr, local, , mk1_c, code_compiler, engine/enengine.h::enems_move::4::98:787
_en_dying                       = $469B ; addr, local, , mk1_c, code_compiler, engine/enengine.h::enems_move::0::83:265
_en_dying_done                  = $46C6 ; addr, local, , mk1_c, code_compiler, engine/enengine.h::enems_move::0::83:265
_en_dying_dead                  = $46B1 ; addr, local, , mk1_c, code_compiler, engine/enengine.h::enems_move::0::83:265
_pregotten_calc                 = $46C6 ; addr, local, , mk1_c, code_compiler, engine/enengine.h::enems_move::0::83:265
_pregotten_reset                = $46E2 ; addr, local, , mk1_c, code_compiler, engine/enengine.h::enems_move::0::83:265
_pregotten_set                  = $46DE ; addr, local, , mk1_c, code_compiler, engine/enengine.h::enems_move::0::83:265
_pregotten_write                = $46E3 ; addr, local, , mk1_c, code_compiler, engine/enengine.h::enems_move::0::83:265
i_126                           = $46EB ; addr, local, , mk1_c, code_compiler, engine/enengine.h::enems_move::3::85:416
i_127                           = $4703 ; addr, local, , mk1_c, code_compiler, engine/enengine.h::enems_move::3::85:416
i_128                           = $4703 ; addr, local, , mk1_c, code_compiler, engine/enengine.h::enems_move::3::85:416
i_129                           = $4703 ; addr, local, , mk1_c, code_compiler, engine/enengine.h::enems_move::3::85:416
i_130                           = $4703 ; addr, local, , mk1_c, code_compiler, engine/enengine.h::enems_move::3::85:416
i_125                           = $4759 ; addr, local, , mk1_c, code_compiler, engine/enengine.h::enems_move::4::86:444
_enems_lm_change_axis_x         = $4727 ; addr, local, , mk1_c, code_compiler, ./engine/enem_mods/enem_type_lineal.h::enems_move::4::86:0
_enems_lm_change_axis_x_done    = $472F ; addr, local, , mk1_c, code_compiler, ./engine/enem_mods/enem_type_lineal.h::enems_move::4::86:0
_enems_lm_change_axis_y         = $474E ; addr, local, , mk1_c, code_compiler, ./engine/enem_mods/enem_type_lineal.h::enems_move::4::86:0
_enems_lm_change_axis_y_done    = $4756 ; addr, local, , mk1_c, code_compiler, ./engine/enem_mods/enem_type_lineal.h::enems_move::4::86:0
enems_just_moved                = $4759 ; addr, local, , mk1_c, code_compiler, engine/enengine.h::enems_move::4::86:444
i_131                           = $490F ; addr, local, , mk1_c, code_compiler, engine/enengine.h::enems_move::4::98:787
_enems_move_update_frame_done   = $479F ; addr, local, , mk1_c, code_compiler, engine/enengine.h::enems_move::4::86:444
i_132                           = $48BD ; addr, local, , mk1_c, code_compiler, engine/enengine.h::enems_move::4::86:444
i_133                           = $490F ; addr, local, , mk1_c, code_compiler, engine/enengine.h::enems_move::4::86:444
i_134                           = $480E ; addr, local, , mk1_c, code_compiler, engine/enengine.h::enems_move::4::86:444
i_136                           = $480E ; addr, local, , mk1_c, code_compiler, engine/enengine.h::enems_move::4::86:444
i_135                           = $480E ; addr, local, , mk1_c, code_compiler, engine/enengine.h::enems_move::4::86:444
i_137_i_136                     = $47E0 ; addr, local, , mk1_c, code_compiler, engine/enengine.h::enems_move::4::86:444
i_139                           = $4841 ; addr, local, , mk1_c, code_compiler, engine/enengine.h::enems_move::4::86:444
i_141                           = $488C ; addr, local, , mk1_c, code_compiler, engine/enengine.h::enems_move::4::86:444
i_139_i_140                     = $4848 ; addr, local, , mk1_c, code_compiler, engine/enengine.h::enems_move::4::86:444
i_140                           = $4843 ; addr, local, , mk1_c, code_compiler, engine/enengine.h::enems_move::4::86:444
i_142                           = $490F ; addr, local, , mk1_c, code_compiler, engine/enengine.h::enems_move::4::86:444
i_138                           = $490F ; addr, local, , mk1_c, code_compiler, engine/enengine.h::enems_move::4::86:444
i_144_i_142                     = $488C ; addr, local, , mk1_c, code_compiler, engine/enengine.h::enems_move::4::86:444
i_145                           = $490F ; addr, local, , mk1_c, code_compiler, engine/enengine.h::enems_move::7::98:602
i_147                           = $490F ; addr, local, , mk1_c, code_compiler, engine/enengine.h::enems_move::5::95:545
i_146                           = $490F ; addr, local, , mk1_c, code_compiler, engine/enengine.h::enems_move::7::98:602
i_148_i_147                     = $48DF ; addr, local, , mk1_c, code_compiler, engine/enengine.h::enems_move::5::95:545
i_149                           = $490F ; addr, local, , mk1_c, code_compiler, engine/enengine.h::enems_move::7::98:602
_enem_spr_setup                 = $490F ; addr, local, , mk1_c, code_compiler, engine/enengine.h::enems_move::4::98:787
_en_an_sprid                    = $D609 ; const, local, , mk1_c, code_compiler, mk1.c::main::0::135:118
_set_current_frame              = $4951 ; addr, local, , mk1_c, code_compiler, engine/enengine.h::enems_move::4::98:787
_enem_spr_setup_done            = $4966 ; addr, local, , mk1_c, code_compiler, engine/enengine.h::enems_move::4::98:787
init_hotspots_loop              = $49A4 ; addr, local, , mk1_c, code_compiler, engine/hotspots.h::hotspots_init::0::98:7
i_150                           = $49C0 ; addr, local, , mk1_c, code_compiler, engine/hotspots.h::hotspots_do::0::99:30
i_151                           = $4A87 ; addr, local, , mk1_c, code_compiler, engine/hotspots.h::hotspots_do::3::102:117
i_154                           = $49EF ; addr, local, , mk1_c, code_compiler, engine/hotspots.h::hotspots_do::0::99:30
i_155                           = $4A02 ; addr, local, , mk1_c, code_compiler, engine/hotspots.h::hotspots_do::0::99:30
i_156                           = $4A12 ; addr, local, , mk1_c, code_compiler, engine/hotspots.h::hotspots_do::0::99:30
i_157                           = $4A20 ; addr, local, , mk1_c, code_compiler, engine/hotspots.h::hotspots_do::0::99:30
i_153                           = $4A36 ; addr, local, , mk1_c, code_compiler, engine/hotspots.h::hotspots_do::3::102:117
i_158                           = $4A87 ; addr, local, , mk1_c, code_compiler, engine/hotspots.h::hotspots_do::3::102:117
EFECTO0                         = $4A88 ; addr, local, , mk1_c, code_compiler, my/wyz/efectos.h::hotspots_do::0::103:4
EFECTO1                         = $4B2B ; addr, local, , mk1_c, code_compiler, my/wyz/efectos.h::hotspots_do::0::103:4
EFECTO2                         = $4B3B ; addr, local, , mk1_c, code_compiler, my/wyz/efectos.h::hotspots_do::0::103:4
EFECTO3                         = $4B5A ; addr, local, , mk1_c, code_compiler, my/wyz/efectos.h::hotspots_do::0::103:4
EFECTO4                         = $4B6A ; addr, local, , mk1_c, code_compiler, my/wyz/efectos.h::hotspots_do::0::103:4
EFECTO5                         = $4BA7 ; addr, local, , mk1_c, code_compiler, my/wyz/efectos.h::hotspots_do::0::103:4
EFECTO6                         = $4BC6 ; addr, local, , mk1_c, code_compiler, my/wyz/efectos.h::hotspots_do::0::103:4
EFECTO7                         = $4BE5 ; addr, local, , mk1_c, code_compiler, my/wyz/efectos.h::hotspots_do::0::103:4
EFECTO8                         = $4BF5 ; addr, local, , mk1_c, code_compiler, my/wyz/efectos.h::hotspots_do::0::103:4
EFECTO9                         = $4C14 ; addr, local, , mk1_c, code_compiler, my/wyz/efectos.h::hotspots_do::0::103:4
EFECTO10                        = $4C24 ; addr, local, , mk1_c, code_compiler, my/wyz/efectos.h::hotspots_do::0::103:4
EFECTO11                        = $4C43 ; addr, local, , mk1_c, code_compiler, my/wyz/efectos.h::hotspots_do::0::103:4
EFECTO12                        = $4CB3 ; addr, local, , mk1_c, code_compiler, my/wyz/efectos.h::hotspots_do::0::103:4
EFECTO13                        = $4CCF ; addr, local, , mk1_c, code_compiler, my/wyz/efectos.h::hotspots_do::0::103:4
EFECTO14                        = $4CDF ; addr, local, , mk1_c, code_compiler, my/wyz/efectos.h::hotspots_do::0::103:4
TABLA_PAUTAS                    = $4CEF ; addr, local, , mk1_c, code_compiler, my/wyz/instrumentos.h::hotspots_do::0::103:7
PAUTA_0                         = $4D03 ; addr, local, , mk1_c, code_compiler, my/wyz/instrumentos.h::hotspots_do::0::103:7
PAUTA_1                         = $4D0E ; addr, local, , mk1_c, code_compiler, my/wyz/instrumentos.h::hotspots_do::0::103:7
PAUTA_2                         = $4D21 ; addr, local, , mk1_c, code_compiler, my/wyz/instrumentos.h::hotspots_do::0::103:7
PAUTA_3                         = $4D36 ; addr, local, , mk1_c, code_compiler, my/wyz/instrumentos.h::hotspots_do::0::103:7
PAUTA_4                         = $4D5D ; addr, local, , mk1_c, code_compiler, my/wyz/instrumentos.h::hotspots_do::0::103:7
PAUTA_5                         = $4D68 ; addr, local, , mk1_c, code_compiler, my/wyz/instrumentos.h::hotspots_do::0::103:7
TABLA_SONIDOS                   = $4CFB ; addr, local, , mk1_c, code_compiler, my/wyz/instrumentos.h::hotspots_do::0::103:7
SONIDO0                         = $4D75 ; addr, local, , mk1_c, code_compiler, my/wyz/instrumentos.h::hotspots_do::0::103:7
SONIDO1                         = $4D7C ; addr, local, , mk1_c, code_compiler, my/wyz/instrumentos.h::hotspots_do::0::103:7
SONIDO2                         = $4D83 ; addr, local, , mk1_c, code_compiler, my/wyz/instrumentos.h::hotspots_do::0::103:7
SONIDO3                         = $4D8A ; addr, local, , mk1_c, code_compiler, my/wyz/instrumentos.h::hotspots_do::0::103:7
_00_title_mus_bin               = $4D94 ; addr, local, , mk1_c, code_compiler, my/wyz/songs.h::hotspots_do::0::103:6
_01_ingame_mus_bin              = $4E19 ; addr, local, , mk1_c, code_compiler, my/wyz/songs.h::hotspots_do::0::103:6
WYZPLAYER_INIT                  = $5010 ; addr, local, , mk1_c, code_compiler, wyz_player.h::wyz_stop_sound::0::107:50
CARGA_CANCION                   = $5174 ; addr, local, , mk1_c, code_compiler, wyz_player.h::wyz_stop_sound::0::107:50
INICIA_EFECTO                   = $5050 ; addr, local, , mk1_c, code_compiler, wyz_player.h::wyz_stop_sound::0::107:50
PLAYER_OFF                      = $5151 ; addr, local, , mk1_c, code_compiler, wyz_player.h::wyz_stop_sound::0::107:50
CANAL_A                         = $558A ; addr, local, , mk1_c, code_compiler, wyz_player.h::wyz_stop_sound::0::107:50
CANAL_B                         = $558C ; addr, local, , mk1_c, code_compiler, wyz_player.h::wyz_stop_sound::0::107:50
CANAL_C                         = $558E ; addr, local, , mk1_c, code_compiler, wyz_player.h::wyz_stop_sound::0::107:50
CANAL_P                         = $55B8 ; addr, local, , mk1_c, code_compiler, wyz_player.h::wyz_stop_sound::0::107:50
INICIO                          = $5029 ; addr, local, , mk1_c, code_compiler, wyz_player.h::wyz_stop_sound::0::107:50
WYZ_PLAYER_ISR                  = $5029 ; addr, local, , mk1_c, code_compiler, wyz_player.h::wyz_stop_sound::0::107:50
ROUT                            = $5115 ; addr, local, , mk1_c, code_compiler, wyz_player.h::wyz_stop_sound::0::107:50
PSG_REG                         = $55CF ; addr, local, , mk1_c, code_compiler, wyz_player.h::wyz_stop_sound::0::107:50
PSG_REG_SEC                     = $55DF ; addr, local, , mk1_c, code_compiler, wyz_player.h::wyz_stop_sound::0::107:50
REPRODUCE_SONIDO                = $506B ; addr, local, , mk1_c, code_compiler, wyz_player.h::wyz_stop_sound::0::107:50
PLAY                            = $52AD ; addr, local, , mk1_c, code_compiler, wyz_player.h::wyz_stop_sound::0::107:50
REPRODUCE_EFECTO                = $508A ; addr, local, , mk1_c, code_compiler, wyz_player.h::wyz_stop_sound::0::107:50
INICIA_SONIDO                   = $5040 ; addr, local, , mk1_c, code_compiler, wyz_player.h::wyz_stop_sound::0::107:50
EXT_WORD                        = $555C ; addr, local, , mk1_c, code_compiler, wyz_player.h::wyz_stop_sound::0::107:50
PUNTERO_SONIDO                  = $55C9 ; addr, local, , mk1_c, code_compiler, wyz_player.h::wyz_stop_sound::0::107:50
INTERR                          = $5580 ; addr, local, , mk1_c, code_compiler, wyz_player.h::wyz_stop_sound::0::107:50
TABLA_EFECTOS                   = $566F ; addr, local, , mk1_c, code_compiler, wyz_player.h::wyz_stop_sound::0::107:50
PUNTERO_EFECTO                  = $55A8 ; addr, local, , mk1_c, code_compiler, wyz_player.h::wyz_stop_sound::0::107:50
TABLA_DATOS_CANAL_SFX           = $5565 ; addr, local, , mk1_c, code_compiler, wyz_player.h::wyz_stop_sound::0::107:50
EFECTO_REGS                     = $55CB ; addr, local, , mk1_c, code_compiler, wyz_player.h::wyz_stop_sound::0::107:50
SONIDO_REGS                     = $55CD ; addr, local, , mk1_c, code_compiler, wyz_player.h::wyz_stop_sound::0::107:50
REPRODUCE_SONIDO_O_EFECTO       = $50A9 ; addr, local, , mk1_c, code_compiler, wyz_player.h::wyz_stop_sound::0::107:50
REPRODUCE_SONIDO_LIMPIA_BIT     = $5084 ; addr, local, , mk1_c, code_compiler, wyz_player.h::wyz_stop_sound::0::107:50
REPRODUCE_EFECTO_LIMPIA_BIT     = $50A3 ; addr, local, , mk1_c, code_compiler, wyz_player.h::wyz_stop_sound::0::107:50
FIN_SONIDO                      = $5105 ; addr, local, , mk1_c, code_compiler, wyz_player.h::wyz_stop_sound::0::107:50
NO_ENVOLVENTES_SONIDO           = $50EB ; addr, local, , mk1_c, code_compiler, wyz_player.h::wyz_stop_sound::0::107:50
NO_RUIDO                        = $50F8 ; addr, local, , mk1_c, code_compiler, wyz_player.h::wyz_stop_sound::0::107:50
SI_RUIDO                        = $50FE ; addr, local, , mk1_c, code_compiler, wyz_player.h::wyz_stop_sound::0::107:50
ENVOLVENTE_BACK                 = $55F0 ; addr, local, , mk1_c, code_compiler, wyz_player.h::wyz_stop_sound::0::107:50
FIN_NOPLAYER                    = $510E ; addr, local, , mk1_c, code_compiler, wyz_player.h::wyz_stop_sound::0::107:50
NO_BACKUP_ENVOLVENTE            = $511F ; addr, local, , mk1_c, code_compiler, wyz_player.h::wyz_stop_sound::0::107:50
LOUT                            = $5122 ; addr, local, , mk1_c, code_compiler, wyz_player.h::wyz_stop_sound::0::107:50
WRITEPSGHL                      = $513A ; addr, local, , mk1_c, code_compiler, wyz_player.h::wyz_stop_sound::0::107:50
CLEAR_PSG_BUFFER                = $5155 ; addr, local, , mk1_c, code_compiler, wyz_player.h::wyz_stop_sound::0::107:50
SONG                            = $5581 ; addr, local, , mk1_c, code_compiler, wyz_player.h::wyz_stop_sound::0::107:50
DECODE_SONG                     = $517D ; addr, local, , mk1_c, code_compiler, wyz_player.h::wyz_stop_sound::0::107:50
TABLA_SONG                      = $566D ; addr, local, , mk1_c, code_compiler, wyz_player.h::wyz_stop_sound::0::107:50
TEMPO                           = $5582 ; addr, local, , mk1_c, code_compiler, wyz_player.h::wyz_stop_sound::0::107:50
TTEMPO                          = $5583 ; addr, local, , mk1_c, code_compiler, wyz_player.h::wyz_stop_sound::0::107:50
NPTJP0                          = $5199 ; addr, local, , mk1_c, code_compiler, wyz_player.h::wyz_stop_sound::0::107:50
PUNTERO_P_DECA                  = $559C ; addr, local, , mk1_c, code_compiler, wyz_player.h::wyz_stop_sound::0::107:50
PUNTERO_L_DECA                  = $55B0 ; addr, local, , mk1_c, code_compiler, wyz_player.h::wyz_stop_sound::0::107:50
BGICMODBC1                      = $522A ; addr, local, , mk1_c, code_compiler, wyz_player.h::wyz_stop_sound::0::107:50
PUNTERO_P_DECB                  = $559E ; addr, local, , mk1_c, code_compiler, wyz_player.h::wyz_stop_sound::0::107:50
PUNTERO_L_DECB                  = $55B2 ; addr, local, , mk1_c, code_compiler, wyz_player.h::wyz_stop_sound::0::107:50
PUNTERO_P_DECC                  = $55A0 ; addr, local, , mk1_c, code_compiler, wyz_player.h::wyz_stop_sound::0::107:50
PUNTERO_L_DECC                  = $55B4 ; addr, local, , mk1_c, code_compiler, wyz_player.h::wyz_stop_sound::0::107:50
PUNTERO_P_DECP                  = $55BA ; addr, local, , mk1_c, code_compiler, wyz_player.h::wyz_stop_sound::0::107:50
PUNTERO_L_DECP                  = $55BE ; addr, local, , mk1_c, code_compiler, wyz_player.h::wyz_stop_sound::0::107:50
INIT_DECODER                    = $51E5 ; addr, local, , mk1_c, code_compiler, wyz_player.h::wyz_stop_sound::0::107:50
PUNTERO_A                       = $5584 ; addr, local, , mk1_c, code_compiler, wyz_player.h::wyz_stop_sound::0::107:50
DECODE_CANAL                    = $5244 ; addr, local, , mk1_c, code_compiler, wyz_player.h::wyz_stop_sound::0::107:50
PUNTERO_DECA                    = $55A2 ; addr, local, , mk1_c, code_compiler, wyz_player.h::wyz_stop_sound::0::107:50
PUNTERO_B                       = $5586 ; addr, local, , mk1_c, code_compiler, wyz_player.h::wyz_stop_sound::0::107:50
PUNTERO_DECB                    = $55A4 ; addr, local, , mk1_c, code_compiler, wyz_player.h::wyz_stop_sound::0::107:50
PUNTERO_C                       = $5588 ; addr, local, , mk1_c, code_compiler, wyz_player.h::wyz_stop_sound::0::107:50
PUNTERO_DECC                    = $55A6 ; addr, local, , mk1_c, code_compiler, wyz_player.h::wyz_stop_sound::0::107:50
PUNTERO_P                       = $55B6 ; addr, local, , mk1_c, code_compiler, wyz_player.h::wyz_stop_sound::0::107:50
PUNTERO_DECP                    = $55BC ; addr, local, , mk1_c, code_compiler, wyz_player.h::wyz_stop_sound::0::107:50
BGICMODBC2                      = $522C ; addr, local, , mk1_c, code_compiler, wyz_player.h::wyz_stop_sound::0::107:50
FIN_DEC_CANAL                   = $5295 ; addr, local, , mk1_c, code_compiler, wyz_player.h::wyz_stop_sound::0::107:50
GETLEN                          = $529A ; addr, local, , mk1_c, code_compiler, wyz_player.h::wyz_stop_sound::0::107:50
NO_SILENCIO                     = $5253 ; addr, local, , mk1_c, code_compiler, wyz_player.h::wyz_stop_sound::0::107:50
NO_MODIFICA                     = $528A ; addr, local, , mk1_c, code_compiler, wyz_player.h::wyz_stop_sound::0::107:50
NO_PUNTILLO                     = $525D ; addr, local, , mk1_c, code_compiler, wyz_player.h::wyz_stop_sound::0::107:50
NO_INSTRUMENTO                  = $5270 ; addr, local, , mk1_c, code_compiler, wyz_player.h::wyz_stop_sound::0::107:50
NO_ENVOLVENTE                   = $527D ; addr, local, , mk1_c, code_compiler, wyz_player.h::wyz_stop_sound::0::107:50
DCBC0                           = $52A7 ; addr, local, , mk1_c, code_compiler, wyz_player.h::wyz_stop_sound::0::107:50
PAUTAS                          = $52F0 ; addr, local, , mk1_c, code_compiler, wyz_player.h::wyz_stop_sound::0::107:50
LOCALIZA_NOTA                   = $531A ; addr, local, , mk1_c, code_compiler, wyz_player.h::wyz_stop_sound::0::107:50
LOCALIZA_EFECTO                 = $5415 ; addr, local, , mk1_c, code_compiler, wyz_player.h::wyz_stop_sound::0::107:50
PUNTERO_P_A                     = $5590 ; addr, local, , mk1_c, code_compiler, wyz_player.h::wyz_stop_sound::0::107:50
PAUTA                           = $545C ; addr, local, , mk1_c, code_compiler, wyz_player.h::wyz_stop_sound::0::107:50
PUNTERO_P_B                     = $5592 ; addr, local, , mk1_c, code_compiler, wyz_player.h::wyz_stop_sound::0::107:50
PUNTERO_P_C                     = $5594 ; addr, local, , mk1_c, code_compiler, wyz_player.h::wyz_stop_sound::0::107:50
LNJP0                           = $5391 ; addr, local, , mk1_c, code_compiler, wyz_player.h::wyz_stop_sound::0::107:50
COMANDOS                        = $5327 ; addr, local, , mk1_c, code_compiler, wyz_player.h::wyz_stop_sound::0::107:50
COM_EFECTO                      = $536C ; addr, local, , mk1_c, code_compiler, wyz_player.h::wyz_stop_sound::0::107:50
NO_DEC_TEMPO                    = $5339 ; addr, local, , mk1_c, code_compiler, wyz_player.h::wyz_stop_sound::0::107:50
NO_INC_TEMPO                    = $533E ; addr, local, , mk1_c, code_compiler, wyz_player.h::wyz_stop_sound::0::107:50
VOL_INST_A                      = $55AB ; addr, local, , mk1_c, code_compiler, wyz_player.h::wyz_stop_sound::0::107:50
PUNTERO_P_A0                    = $5596 ; addr, local, , mk1_c, code_compiler, wyz_player.h::wyz_stop_sound::0::107:50
COM_ENVOLVENTE                  = $537C ; addr, local, , mk1_c, code_compiler, wyz_player.h::wyz_stop_sound::0::107:50
ENVOLVENTE                      = $55EF ; addr, local, , mk1_c, code_compiler, wyz_player.h::wyz_stop_sound::0::107:50
NO_FIN_CANAL_A                  = $53D4 ; addr, local, , mk1_c, code_compiler, wyz_player.h::wyz_stop_sound::0::107:50
FIN_CANAL_A                     = $53BB ; addr, local, , mk1_c, code_compiler, wyz_player.h::wyz_stop_sound::0::107:50
FIN_NOTA_A                      = $539B ; addr, local, , mk1_c, code_compiler, wyz_player.h::wyz_stop_sound::0::107:50
FCA_CONT                        = $53C6 ; addr, local, , mk1_c, code_compiler, wyz_player.h::wyz_stop_sound::0::107:50
FIN_RUTINA                      = $5414 ; addr, local, , mk1_c, code_compiler, wyz_player.h::wyz_stop_sound::0::107:50
NO_SILENCIO_A                   = $5402 ; addr, local, , mk1_c, code_compiler, wyz_player.h::wyz_stop_sound::0::107:50
SILENCIO_ENVOLVENTE             = $53EF ; addr, local, , mk1_c, code_compiler, wyz_player.h::wyz_stop_sound::0::107:50
REG_NOTA_A                      = $55AA ; addr, local, , mk1_c, code_compiler, wyz_player.h::wyz_stop_sound::0::107:50
NOTA                            = $54FC ; addr, local, , mk1_c, code_compiler, wyz_player.h::wyz_stop_sound::0::107:50
LEJP0                           = $542C ; addr, local, , mk1_c, code_compiler, wyz_player.h::wyz_stop_sound::0::107:50
NO_FIN_CANAL_P                  = $5455 ; addr, local, , mk1_c, code_compiler, wyz_player.h::wyz_stop_sound::0::107:50
FIN_CANAL_P                     = $544D ; addr, local, , mk1_c, code_compiler, wyz_player.h::wyz_stop_sound::0::107:50
FIN_NOTA_P                      = $5435 ; addr, local, , mk1_c, code_compiler, wyz_player.h::wyz_stop_sound::0::107:50
PCAJP4                          = $5468 ; addr, local, , mk1_c, code_compiler, wyz_player.h::wyz_stop_sound::0::107:50
PCAJP0                          = $547C ; addr, local, , mk1_c, code_compiler, wyz_player.h::wyz_stop_sound::0::107:50
PCAJP1                          = $5493 ; addr, local, , mk1_c, code_compiler, wyz_player.h::wyz_stop_sound::0::107:50
PCAJP2                          = $54A8 ; addr, local, , mk1_c, code_compiler, wyz_player.h::wyz_stop_sound::0::107:50
PCAJP6                          = $54DA ; addr, local, , mk1_c, code_compiler, wyz_player.h::wyz_stop_sound::0::107:50
ORNMJP1                         = $54E6 ; addr, local, , mk1_c, code_compiler, wyz_player.h::wyz_stop_sound::0::107:50
ORNNEG                          = $54C8 ; addr, local, , mk1_c, code_compiler, wyz_player.h::wyz_stop_sound::0::107:50
PCAJP3                          = $54CA ; addr, local, , mk1_c, code_compiler, wyz_player.h::wyz_stop_sound::0::107:50
TABLA_NOTAS                     = $5504 ; addr, local, , mk1_c, code_compiler, wyz_player.h::wyz_stop_sound::0::107:50
PCAJP5                          = $54EE ; addr, local, , mk1_c, code_compiler, wyz_player.h::wyz_stop_sound::0::107:50
PCAJP7                          = $54F8 ; addr, local, , mk1_c, code_compiler, wyz_player.h::wyz_stop_sound::0::107:50
EVOLVENTES                      = $5511 ; addr, local, , mk1_c, code_compiler, wyz_player.h::wyz_stop_sound::0::107:50
DATOS_NOTAS                     = $55F1 ; addr, local, , mk1_c, code_compiler, wyz_player.h::wyz_stop_sound::0::107:50
FRECUENCIA_OFF                  = $552B ; addr, local, , mk1_c, code_compiler, wyz_player.h::wyz_stop_sound::0::107:50
CONT_ENV                        = $5534 ; addr, local, , mk1_c, code_compiler, wyz_player.h::wyz_stop_sound::0::107:50
CRTBC0                          = $553E ; addr, local, , mk1_c, code_compiler, wyz_player.h::wyz_stop_sound::0::107:50
SELECT_CANAL_A                  = $556B ; addr, local, , mk1_c, code_compiler, wyz_player.h::wyz_stop_sound::0::107:50
SELECT_CANAL_B                  = $5572 ; addr, local, , mk1_c, code_compiler, wyz_player.h::wyz_stop_sound::0::107:50
SELECT_CANAL_C                  = $5579 ; addr, local, , mk1_c, code_compiler, wyz_player.h::wyz_stop_sound::0::107:50
PUNTERO_P_B0                    = $5598 ; addr, local, , mk1_c, code_compiler, wyz_player.h::wyz_stop_sound::0::107:50
PUNTERO_P_C0                    = $559A ; addr, local, , mk1_c, code_compiler, wyz_player.h::wyz_stop_sound::0::107:50
REG_NOTA_B                      = $55AC ; addr, local, , mk1_c, code_compiler, wyz_player.h::wyz_stop_sound::0::107:50
VOL_INST_B                      = $55AD ; addr, local, , mk1_c, code_compiler, wyz_player.h::wyz_stop_sound::0::107:50
REG_NOTA_C                      = $55AE ; addr, local, , mk1_c, code_compiler, wyz_player.h::wyz_stop_sound::0::107:50
VOL_INST_C                      = $55AF ; addr, local, , mk1_c, code_compiler, wyz_player.h::wyz_stop_sound::0::107:50
SFX_L                           = $55C0 ; addr, local, , mk1_c, code_compiler, wyz_player.h::wyz_stop_sound::0::107:50
SFX_H                           = $55C2 ; addr, local, , mk1_c, code_compiler, wyz_player.h::wyz_stop_sound::0::107:50
SFX_V                           = $55C4 ; addr, local, , mk1_c, code_compiler, wyz_player.h::wyz_stop_sound::0::107:50
SFX_MIX                         = $55C6 ; addr, local, , mk1_c, code_compiler, wyz_player.h::wyz_stop_sound::0::107:50
N_SONIDO                        = $55C8 ; addr, local, , mk1_c, code_compiler, wyz_player.h::wyz_stop_sound::0::107:50
i_159                           = $56A9 ; addr, local, , mk1_c, code_compiler, my/title_screen.h::title_screen::0::107:6
i_161                           = $56C1 ; addr, local, , mk1_c, code_compiler, my/title_screen.h::title_screen::0::107:6
i_160                           = $56DA ; addr, local, , mk1_c, code_compiler, my/title_screen.h::title_screen::0::107:6
i_162                           = $56A9 ; addr, local, , mk1_c, code_compiler, my/title_screen.h::title_screen::0::107:6
_copy_keys_to_extern            = $56DD ; addr, local, , mk1_c, code_compiler, my/title_screen.h::title_screen::0::107:6
i_163                           = $5702 ; addr, local, , mk1_c, code_compiler, mainloop/hud.h::draw_hud::0::111:6
i_164                           = $572D ; addr, local, , mk1_c, code_compiler, mainloop/hud.h::draw_hud::0::111:6
i_165                           = $575B ; addr, local, , mk1_c, code_compiler, mainloop/hud.h::draw_hud::0::111:6
_isr                            = $577B ; addr, local, , mk1_c, code_compiler, mainloop.h::main::0::116:7
isr_done                        = $57AB ; addr, local, , mk1_c, code_compiler, mainloop.h::main::0::116:7
isr_c1                          = $57A9 ; addr, local, , mk1_c, code_compiler, mainloop.h::main::0::116:7
_skip_player                    = $57A3 ; addr, local, , mk1_c, code_compiler, mainloop.h::main::0::116:7
isr_c2                          = $57AA ; addr, local, , mk1_c, code_compiler, mainloop.h::main::0::116:7
i_168                           = $5840 ; addr, local, , mk1_c, code_compiler, mainloop.h::main::0::116:7
i_166                           = $583B ; addr, local, , mk1_c, code_compiler, mainloop.h::main::0::116:7
i_167                           = $587F ; addr, local, , mk1_c, code_compiler, mainloop.h::main::0::116:7
i_171                           = $588D ; addr, local, , mk1_c, code_compiler, mainloop.h::main::0::116:7
i_169                           = $5886 ; addr, local, , mk1_c, code_compiler, mainloop.h::main::0::116:7
i_170                           = $58CD ; addr, local, , mk1_c, code_compiler, mainloop.h::main::0::116:7
_spr_on                         = $E648 ; const, local, , mk1_c, code_compiler, mk1.c::main::0::135:118
i_172                           = $58CE ; addr, local, , mk1_c, code_compiler, mainloop.h::main::1::119:178
_game_loop_init                 = $58EB ; addr, local, , mk1_c, code_compiler, mainloop/game_loop.h::main::3::121:0
i_174                           = $592F ; addr, local, , mk1_c, code_compiler, mainloop/game_loop.h::main::3::121:54
i_175                           = $5A9F ; addr, local, , mk1_c, code_compiler, mainloop/game_loop.h::main::4::133:340
_game_loop_do                   = $5937 ; addr, local, , mk1_c, code_compiler, mainloop/game_loop.h::main::3::121:54
i_176                           = $5958 ; addr, local, , mk1_c, code_compiler, mainloop/game_loop.h::main::5::123:108
i_177                           = $5985 ; addr, local, , mk1_c, code_compiler, mainloop/game_loop.h::main::5::123:108
i_178                           = $59A0 ; addr, local, , mk1_c, code_compiler, mainloop/game_loop.h::main::5::123:108
i_179                           = $59A0 ; addr, local, , mk1_c, code_compiler, mainloop/game_loop.h::main::5::123:108
i_180                           = $59C5 ; addr, local, , mk1_c, code_compiler, ./mainloop/flick_screen.h::main::4::127:0
i_181                           = $59BE ; addr, local, , mk1_c, code_compiler, mainloop/game_loop.h::main::6::127:239
i_182                           = $59C5 ; addr, local, , mk1_c, code_compiler, mainloop/game_loop.h::main::6::127:239
i_184                           = $59E6 ; addr, local, , mk1_c, code_compiler, ./mainloop/flick_screen.h::main::4::127:0
i_183                           = $59E6 ; addr, local, , mk1_c, code_compiler, ./mainloop/flick_screen.h::main::4::127:0
i_185_i_184                     = $59D4 ; addr, local, , mk1_c, code_compiler, ./mainloop/flick_screen.h::main::4::127:0
i_187                           = $5A0E ; addr, local, , mk1_c, code_compiler, ./mainloop/flick_screen.h::main::4::127:0
i_186                           = $5A0E ; addr, local, , mk1_c, code_compiler, ./mainloop/flick_screen.h::main::4::127:0
i_188_i_187                     = $59FB ; addr, local, , mk1_c, code_compiler, ./mainloop/flick_screen.h::main::4::127:0
i_190                           = $5A3B ; addr, local, , mk1_c, code_compiler, ./mainloop/flick_screen.h::main::4::127:0
i_189                           = $5A3B ; addr, local, , mk1_c, code_compiler, ./mainloop/flick_screen.h::main::4::127:0
i_191_i_190                     = $5A29 ; addr, local, , mk1_c, code_compiler, ./mainloop/flick_screen.h::main::4::127:0
i_193                           = $5A80 ; addr, local, , mk1_c, code_compiler, ./mainloop/flick_screen.h::main::4::127:0
i_192                           = $5A80 ; addr, local, , mk1_c, code_compiler, mainloop/game_loop.h::main::4::132:303
i_194_i_193                     = $5A54 ; addr, local, , mk1_c, code_compiler, ./mainloop/flick_screen.h::main::4::127:0
i_195                           = $5A80 ; addr, local, , mk1_c, code_compiler, ./mainloop/flick_screen.h::main::4::127:0
i_196                           = $5A80 ; addr, local, , mk1_c, code_compiler, ./mainloop/flick_screen.h::main::4::127:0
i_198                           = $5A90 ; addr, local, , mk1_c, code_compiler, mainloop/game_loop.h::main::4::132:303
i_197                           = $592F ; addr, local, , mk1_c, code_compiler, mainloop/game_loop.h::main::4::133:340
i_200                           = $5AB0 ; addr, local, , mk1_c, code_compiler, mainloop.h::main::3::133:239
i_201                           = $5AB3 ; addr, local, , mk1_c, code_compiler, mainloop.h::main::4::135:277
i_173                           = $5AC1 ; addr, local, , mk1_c, code_compiler, mainloop.h::main::2::135:284
soloCopia                       = $0593 ; addr, local, , cpc_ShowTileMap, , cpc_ShowTileMap.asm:37
contador_tiles                  = $05E5 ; addr, local, , cpc_ShowTileMap, , cpc_ShowTileMap.asm:109
contador_tiles2                 = $05E6 ; addr, local, , cpc_ShowTileMap, , cpc_ShowTileMap.asm:111
transferir_pantalla_a_superbuffer = $05A0 ; addr, local, , cpc_ShowTileMap, , cpc_ShowTileMap.asm:50
cpc_PutSp                       = $05FC ; addr, local, , cpc_ShowTileMap, , cpc_ShowTileMap.asm:142
bucle_dibujado_fondo            = $05A7 ; addr, local, , cpc_ShowTileMap, , cpc_ShowTileMap.asm:57
transferir_map_sbuffer          = $05E8 ; addr, local, , cpc_ShowTileMap, , cpc_ShowTileMap.asm:114
incremento2                     = $05D8 ; addr, local, , cpc_ShowTileMap, , cpc_ShowTileMap.asm:100
loop_alto_map_sbuffer           = $05EE ; addr, local, , cpc_ShowTileMap, , cpc_ShowTileMap.asm:120
loop_ancho_map_sbuffer          = $05EE ; addr, local, , cpc_ShowTileMap, , cpc_ShowTileMap.asm:121
loop_alto_2                     = $05FE ; addr, local, , cpc_ShowTileMap, , cpc_ShowTileMap.asm:147
sig_linea_2                     = $0615 ; addr, local, , cpc_ShowTileMap, , cpc_ShowTileMap.asm:184
PASARPORDETRAS                  = $0001 ; const, local, , cpc_UpdScr, , CPCconfig.def:8
_tiles_tocados_ptr              = $064A ; addr, local, , cpc_UpdScr, , cpc_UpdScr.asm:56
main_loop                       = $0635 ; addr, local, , cpc_UpdScr, , cpc_UpdScr.asm:38
process_touched_byte            = $064C ; addr, local, , cpc_UpdScr, , cpc_UpdScr.asm:59
bit0_skip                       = $065D ; addr, local, , cpc_UpdScr, , cpc_UpdScr.asm:71
ucopyTile                       = $06A7 ; addr, local, , cpc_UpdScr, , cpc_UpdScr.asm:134
bit1_skip                       = $0667 ; addr, local, , cpc_UpdScr, , cpc_UpdScr.asm:79
bit2_skip                       = $0671 ; addr, local, , cpc_UpdScr, , cpc_UpdScr.asm:87
bit3_skip                       = $067B ; addr, local, , cpc_UpdScr, , cpc_UpdScr.asm:95
bit4_skip                       = $0685 ; addr, local, , cpc_UpdScr, , cpc_UpdScr.asm:103
bit5_skip                       = $068F ; addr, local, , cpc_UpdScr, , cpc_UpdScr.asm:111
bit6_skip                       = $0699 ; addr, local, , cpc_UpdScr, , cpc_UpdScr.asm:119
bit7_skip                       = $06A3 ; addr, local, , cpc_UpdScr, , cpc_UpdScr.asm:127
skeep                           = $0700 ; addr, local, , cpc_UpdScr, , cpc_UpdScr.asm:242
transferir_map_sbuffer_grey     = $06C3 ; addr, local, , cpc_UpdScr, , cpc_UpdScr.asm:169
PASARPORDETRAS                  = $0001 ; const, local, , cpc_ShowTouchedTiles, , CPCconfig.def:8
bucle_cpc_ShowTouchedTiles      = $0710 ; addr, local, , cpc_ShowTouchedTiles, , cpc_ShowTouchedTiles.asm:46
process                         = $0721 ; addr, local, , cpc_ShowTouchedTiles, , cpc_ShowTouchedTiles.asm:65
skipall                         = $074D ; addr, local, , cpc_ShowTouchedTiles, , cpc_ShowTouchedTiles.asm:99
checkbit                        = $0759 ; addr, local, , cpc_ShowTouchedTiles, , cpc_ShowTouchedTiles.asm:113
noincd                          = $0755 ; addr, local, , cpc_ShowTouchedTiles, , cpc_ShowTouchedTiles.asm:107
checkbit_done                   = $0810 ; addr, local, , cpc_ShowTouchedTiles, , cpc_ShowTouchedTiles.asm:373
copyTile                        = $075C ; addr, local, , cpc_ShowTouchedTiles, , cpc_ShowTouchedTiles.asm:116
posicionar_superbuffer          = $075E ; addr, local, , cpc_ShowTouchedTiles, , cpc_ShowTouchedTiles.asm:122
posicionar_pantalla             = $0767 ; addr, local, , cpc_ShowTouchedTiles, , cpc_ShowTouchedTiles.asm:135
transf_bloque_sb_pantalla       = $0775 ; addr, local, , cpc_ShowTouchedTiles, , cpc_ShowTouchedTiles.asm:151
copycell                        = $07D2 ; addr, local, , cpc_ShowTouchedTiles, , cpc_ShowTouchedTiles.asm:275
copybgtile                      = $0786 ; addr, local, , cpc_ShowTouchedTiles, , cpc_ShowTouchedTiles.asm:168
copycell_done                   = $080E ; addr, local, , cpc_ShowTouchedTiles, , cpc_ShowTouchedTiles.asm:368
do_update                       = $082E ; addr, local, , cpc_PutSpTileMap4x8, , cpc_PutSpTileMap4x8.asm:49
origin_next_row                 = $084E ; addr, local, , cpc_PutSpTileMap4x8, , cpc_PutSpTileMap4x8.asm:79
fin                             = $0860 ; addr, local, , cpc_PutSpTileMap4x8, , cpc_PutSpTileMap4x8.asm:96
do_update                       = $087B ; addr, local, , cpc_PutSpTileMap8x16Px, , cpc_PutSpTileMap8x16Px.asm:50
origin_next_row                 = $08A0 ; addr, local, , cpc_PutSpTileMap8x16Px, , cpc_PutSpTileMap8x16Px.asm:85
origin_last_row                 = $08B3 ; addr, local, , cpc_PutSpTileMap8x16Px, , cpc_PutSpTileMap8x16Px.asm:105
fin                             = $08CA ; addr, local, , cpc_PutSpTileMap8x16Px, , cpc_PutSpTileMap8x16Px.asm:130
pulsado                         = $08E2 ; addr, local, , cpc_TestKey, , cpc_TestKey.asm:34
bucle_deteccion_tecla           = $090B ; addr, local, , cpc_AnyKeyPressed, , cpc_AnyKeyPressed.asm:13
tecla_pulsada                   = $091E ; addr, local, , cpc_AnyKeyPressed, , cpc_AnyKeyPressed.asm:25
CHURRERA_CLIPPING               = $0001 ; const, local, , cpc_UpdTileTable, , CPCconfig.def:16
pasa_bloque_a_sbuffer           = $0978 ; addr, local, , cpc_PutTrSp4x8TileMap2b, , cpc_PutTrSp4x8TileMap2b.asm:30
transferir_sprite               = $0978 ; addr, local, , cpc_PutTrSp4x8TileMap2b, , cpc_PutTrSp4x8TileMap2b.asm:32
sp_buffer_mask                  = $098F ; addr, local, , cpc_PutTrSp4x8TileMap2b, , cpc_PutTrSp4x8TileMap2b.asm:52
loop_alto_map_sbuffer           = $0995 ; addr, local, , cpc_PutTrSp4x8TileMap2b, , cpc_PutTrSp4x8TileMap2b.asm:58
pasa_bloque_a_sbuffer           = $09C0 ; addr, local, , cpc_PutTrSp8x16TileMap2bPx, , cpc_PutTrSp8x16TileMap2bPx.asm:33
transferir_sprite               = $09C0 ; addr, local, , cpc_PutTrSp8x16TileMap2bPx, , cpc_PutTrSp8x16TileMap2bPx.asm:35
sp_buffer_mask                  = $09D7 ; addr, local, , cpc_PutTrSp8x16TileMap2bPx, , cpc_PutTrSp8x16TileMap2bPx.asm:55
loop_alto_map_sbuffer_shifted   = $0A0E ; addr, local, , cpc_PutTrSp8x16TileMap2bPx, , cpc_PutTrSp8x16TileMap2bPx.asm:119
loop_alto_map_sbuffer           = $09E1 ; addr, local, , cpc_PutTrSp8x16TileMap2bPx, , cpc_PutTrSp8x16TileMap2bPx.asm:65
keymap0                         = $0A8C ; addr, local, , cpc_KeysData, , cpc_KeysData.asm:16
tecla_0                         = $0A96 ; addr, local, , cpc_KeysData, , cpc_KeysData.asm:18
tabla_teclas0                   = $0A98 ; addr, local, , cpc_KeysData, , cpc_KeysData.asm:20
noinc                           = $0ABE ; addr, local, , cpc_TblLookup, , cpc_TblLookup.asm:17
cpc_InvalidateRect_P            = $0AC8 ; addr, local, , cpc_InvalidateRect, , cpc_InvalidateRect.asm:42
noinc1                          = $0AEE ; addr, local, , cpc_InvalidateRect, , cpc_InvalidateRect.asm:86
invcollp                        = $0AF2 ; addr, local, , cpc_InvalidateRect, , cpc_InvalidateRect.asm:92
invfullchar                     = $0B05 ; addr, local, , cpc_InvalidateRect, , cpc_InvalidateRect.asm:109
noinc2                          = $0B01 ; addr, local, , cpc_InvalidateRect, , cpc_InvalidateRect.asm:103
invrowlp                        = $0B07 ; addr, local, , cpc_InvalidateRect, , cpc_InvalidateRect.asm:113
noinc3                          = $0B12 ; addr, local, , cpc_InvalidateRect, , cpc_InvalidateRect.asm:124
__CLIB_OPT_IMATH                = $0000 ; const, local, , l_divu_16_16x16, , ../config_private.inc:27
divide_zero                     = $5C3D ; addr, local, , l_small_divu_16_16x16, code_math, ../_DEVELOPMENT/math/integer/small/l_small_divu_16_16x16.asm:141
divisor_sixteen_bit             = $5C0F ; addr, local, , l_small_divu_16_16x16, code_math, ../_DEVELOPMENT/math/integer/small/l_small_divu_16_16x16.asm:50
loop_16_0                       = $5C15 ; addr, local, , l_small_divu_16_16x16, code_math, ../_DEVELOPMENT/math/integer/small/l_small_divu_16_16x16.asm:60
loop_16_1                       = $5C1D ; addr, local, , l_small_divu_16_16x16, code_math, ../_DEVELOPMENT/math/integer/small/l_small_divu_16_16x16.asm:69
loop_8_0                        = $5C2F ; addr, local, , l_small_divu_16_16x16, code_math, ../_DEVELOPMENT/math/integer/small/l_small_divu_16_16x16.asm:118
loop_8_2                        = $5C36 ; addr, local, , l_small_divu_16_16x16, code_math, ../_DEVELOPMENT/math/integer/small/l_small_divu_16_16x16.asm:127
loop_8_1                        = $5C38 ; addr, local, , l_small_divu_16_16x16, code_math, ../_DEVELOPMENT/math/integer/small/l_small_divu_16_16x16.asm:132
l_sxt                           = $5B9A ; addr, local, , l_gchar, code_crt0_sccz80, sccz80/crt0_z80/l_gchar.asm:12
__CLIB_OPT_IMATH                = $0000 ; const, local, , l_mulu_16_16x16, , ../config_private.inc:27
eight_bit_1                     = $5C50 ; addr, local, , l_small_mul_16_16x16, code_math, ../_DEVELOPMENT/math/integer/small/l_small_mul_16_16x16.asm:40
eight_bit_0                     = $5C4F ; addr, local, , l_small_mul_16_16x16, code_math, ../_DEVELOPMENT/math/integer/small/l_small_mul_16_16x16.asm:36
rejoin                          = $5C53 ; addr, local, , l_small_mul_16_16x16, code_math, ../_DEVELOPMENT/math/integer/small/l_small_mul_16_16x16.asm:57
loop_0                          = $5C56 ; addr, local, , l_small_mul_16_16x16, code_math, ../_DEVELOPMENT/math/integer/small/l_small_mul_16_16x16.asm:61
loop_1                          = $5C5D ; addr, local, , l_small_mul_16_16x16, code_math, ../_DEVELOPMENT/math/integer/small/l_small_mul_16_16x16.asm:75
TileMapConf                     = $0406 ; addr, public, , tilemap_conf_asm, , tilemap_conf.asm:75
_nametable                      = $0100 ; const, public, , tilemap_conf_asm, , tilemap_conf.asm:60
pantalla_juego                  = $0100 ; const, public, , tilemap_conf_asm, , tilemap_conf.asm:61
tiles_tocados                   = $CE00 ; const, public, , tilemap_conf_asm, , tilemap_conf.asm:58
posiciones_pantalla             = $0406 ; addr, public, , tilemap_conf_asm, , tilemap_conf.asm:77
posiciones_super_buffer         = $0436 ; addr, public, , tilemap_conf_asm, , tilemap_conf.asm:106
posicion_inicial_area_visible   = $C000 ; const, public, , tilemap_conf_asm, , tilemap_conf.asm:63
posicion_inicial_superbuffer    = $9000 ; const, public, , tilemap_conf_asm, , tilemap_conf.asm:64
ancho_pantalla_bytes            = $0040 ; const, public, , tilemap_conf_asm, , tilemap_conf.asm:69
alto_pantalla_bytes             = $00C0 ; const, public, , tilemap_conf_asm, , tilemap_conf.asm:70
ancho_pantalla_bytes_visible    = $0040 ; const, public, , tilemap_conf_asm, , tilemap_conf.asm:71
mascara1                        = $0000 ; const, public, , tilemap_conf_asm, , tilemap_conf.asm:53
mascara2                        = $0000 ; const, public, , tilemap_conf_asm, , tilemap_conf.asm:54
behindtilemasks                 = $0466 ; addr, public, , tilemap_conf_asm, , tilemap_conf.asm:139
viewport_x                      = $0001 ; const, public, , mk1_c, code_compiler, autodefs.h:8
viewport_y                      = $0002 ; const, public, , mk1_c, code_compiler, autodefs.h:8
tiles                           = $2235 ; addr, public, , mk1_c, code_compiler, assets/tileset.h::show_buffer_and_tiles::0::3:5
_def_keys                       = $0566 ; addr, public, , mk1_c, , my/config.h:256
_behs                           = $0B30 ; addr, public, , mk1_c, data_compiler, my/config.h:380
_enems_load                     = $444D ; addr, public, , mk1_c, code_compiler, engine/enengine.h::enems_load::0::75:79
_enems_kill                     = $461E ; addr, public, , mk1_c, code_compiler, engine/enengine.h::enems_kill::0::82:235
_enems_move                     = $462F ; addr, public, , mk1_c, code_compiler, engine/enengine.h::enems_move::0::83:265
_collide                        = $3965 ; addr, public, , mk1_c, code_compiler, engine/general.h::collide::0::22:14
_cm_two_points                  = $3997 ; addr, public, , mk1_c, code_compiler, engine/general.h::cm_two_points::0::23:63
_rand                           = $39F4 ; addr, public, , mk1_c, code_compiler, engine/general.h::rand::0::24:138
_abs                            = $3A1D ; addr, public, , mk1_c, code_compiler, engine/general.h::abs::0::25:182
_hotspots_init                  = $499A ; addr, public, , mk1_c, code_compiler, engine/hotspots.h::hotspots_init::0::98:7
_hotspots_do                    = $49A9 ; addr, public, , mk1_c, code_compiler, engine/hotspots.h::hotspots_do::0::99:30
_player_init                    = $3D7F ; addr, public, , mk1_c, code_compiler, engine/player.h::player_init::0::38:13
_player_calc_bounding_box       = $3DE0 ; addr, public, , mk1_c, code_compiler, engine/player.h::player_calc_bounding_box::0::39:73
_player_move                    = $3E2F ; addr, public, , mk1_c, code_compiler, engine/player.h::player_move::0::40:247
_player_deplete                 = $43F3 ; addr, public, , mk1_c, code_compiler, engine/player.h::player_deplete::0::73:1485
_player_kill                    = $441E ; addr, public, , mk1_c, code_compiler, engine/player.h::player_kill::0::74:1489
_draw_hud                       = $56E9 ; addr, public, , mk1_c, code_compiler, mainloop/hud.h::draw_hud::0::111:6
_unpack                         = $1904 ; addr, public, , mk1_c, code_compiler, aplib.h::unpack::0::0:155
_game_ending                    = $3A34 ; addr, public, , mk1_c, code_compiler, my/fixed_screens.h::game_ending::0::26:4
_game_over                      = $3A5C ; addr, public, , mk1_c, code_compiler, my/fixed_screens.h::game_over::0::27:19
_addsign                        = $3AA6 ; addr, public, , mk1_c, code_compiler, engine.h::addsign::0::28:20
_espera_activa                  = $3AC0 ; addr, public, , mk1_c, code_compiler, engine.h::espera_activa::0::29:28
_locks_init                     = $3AE1 ; addr, public, , mk1_c, code_compiler, engine.h::locks_init::0::31:45
_process_tile                   = $3AF0 ; addr, public, , mk1_c, code_compiler, engine.h::process_tile::0::32:85
_draw_scr_background            = $3B4D ; addr, public, , mk1_c, code_compiler, engine.h::draw_scr_background::0::33:352
_draw_scr                       = $3BFF ; addr, public, , mk1_c, code_compiler, engine.h::draw_scr::0::35:523
_mons_col_sc_x                  = $3CB7 ; addr, public, , mk1_c, code_compiler, engine.h::mons_col_sc_x::0::36:768
_mons_col_sc_y                  = $3D23 ; addr, public, , mk1_c, code_compiler, engine.h::mons_col_sc_y::0::37:849
_blackout                       = $2209 ; addr, public, , mk1_c, code_compiler, pantallas.h::blackout::0::1:32
_attr                           = $36DC ; addr, public, , mk1_c, code_compiler, printer.h::attr::0::3:6
_qtile                          = $370C ; addr, public, , mk1_c, code_compiler, printer.h::qtile::0::4:61
_draw_coloured_tile             = $3742 ; addr, public, , mk1_c, code_compiler, printer.h::draw_coloured_tile::0::6:167
_invalidate_tile                = $375D ; addr, public, , mk1_c, code_compiler, printer.h::invalidate_tile::0::7:450
_invalidate_viewport            = $3776 ; addr, public, , mk1_c, code_compiler, printer.h::invalidate_viewport::0::8:470
_draw_invalidate_coloured_tile_gamearea = $3782 ; addr, public, , mk1_c, code_compiler, printer.h::draw_invalidate_coloured_tile_gamearea::0::9:482
_draw_coloured_tile_gamearea    = $3789 ; addr, public, , mk1_c, code_compiler, printer.h::draw_coloured_tile_gamearea::0::10:487
_draw_decorations               = $37A6 ; addr, public, , mk1_c, code_compiler, printer.h::draw_decorations::0::11:491
_update_tile                    = $37D9 ; addr, public, , mk1_c, code_compiler, printer.h::update_tile::0::12:536
_print_number2                  = $380A ; addr, public, , mk1_c, code_compiler, printer.h::print_number2::0::13:578
_draw_objs                      = $3851 ; addr, public, , mk1_c, code_compiler, printer.h::draw_objs::0::14:600
_print_str                      = $3867 ; addr, public, , mk1_c, code_compiler, printer.h::print_str::0::15:663
_clear_sprites                  = $3896 ; addr, public, , mk1_c, code_compiler, printer.h::clear_sprites::0::16:717
_cpc_UpdateNow                  = $38F2 ; addr, public, , mk1_c, code_compiler, engine/update.h::cpc_UpdateNow::0::19:9
_wyz_init                       = $4FCC ; addr, public, , mk1_c, code_compiler, wyz_player.h::wyz_init::0::103:8
_wyz_play_music                 = $4FD7 ; addr, public, , mk1_c, code_compiler, wyz_player.h::wyz_play_music::0::104:17
_wyz_play_sound                 = $4FFF ; addr, public, , mk1_c, code_compiler, wyz_player.h::wyz_play_sound::0::105:29
_wyz_stop_sound                 = $5008 ; addr, public, , mk1_c, code_compiler, wyz_player.h::wyz_stop_sound::0::106:40
_pad0                           = $5AEC ; addr, public, , mk1_c, bss_compiler, mk1.c::main::0::135:118
_enoffs                         = $5AED ; addr, public, , mk1_c, bss_compiler, mk1.c::main::0::135:118
_asm_number                     = $5AEF ; addr, public, , mk1_c, bss_compiler, mk1.c::main::0::135:118
_asm_int                        = $5AF0 ; addr, public, , mk1_c, bss_compiler, mk1.c::main::0::135:118
_asm_int_2                      = $5AF2 ; addr, public, , mk1_c, bss_compiler, mk1.c::main::0::135:118
_seed                           = $5AF4 ; addr, public, , mk1_c, bss_compiler, mk1.c::main::0::135:118
_half_life                      = $5AF6 ; addr, public, , mk1_c, bss_compiler, mk1.c::main::0::135:118
_p_x                            = $5AF7 ; addr, public, , mk1_c, bss_compiler, mk1.c::main::0::135:118
_p_y                            = $5AF9 ; addr, public, , mk1_c, bss_compiler, mk1.c::main::0::135:118
_p_vx                           = $5AFB ; addr, public, , mk1_c, bss_compiler, mk1.c::main::0::135:118
_p_vy                           = $5AFD ; addr, public, , mk1_c, bss_compiler, mk1.c::main::0::135:118
_p_saltando                     = $5AFF ; addr, public, , mk1_c, bss_compiler, mk1.c::main::0::135:118
_p_cont_salto                   = $5B00 ; addr, public, , mk1_c, bss_compiler, mk1.c::main::0::135:118
_p_frame                        = $5B01 ; addr, public, , mk1_c, bss_compiler, mk1.c::main::0::135:118
_p_subframe                     = $5B02 ; addr, public, , mk1_c, bss_compiler, mk1.c::main::0::135:118
_p_facing                       = $5B03 ; addr, public, , mk1_c, bss_compiler, mk1.c::main::0::135:118
_p_estado                       = $5B04 ; addr, public, , mk1_c, bss_compiler, mk1.c::main::0::135:118
_p_ct_estado                    = $5B05 ; addr, public, , mk1_c, bss_compiler, mk1.c::main::0::135:118
_p_gotten                       = $5B06 ; addr, public, , mk1_c, bss_compiler, mk1.c::main::0::135:118
_pregotten                      = $5B07 ; addr, public, , mk1_c, bss_compiler, mk1.c::main::0::135:118
_p_life                         = $5B08 ; addr, public, , mk1_c, bss_compiler, mk1.c::main::0::135:118
_p_objs                         = $5B09 ; addr, public, , mk1_c, bss_compiler, mk1.c::main::0::135:118
_p_keys                         = $5B0A ; addr, public, , mk1_c, bss_compiler, mk1.c::main::0::135:118
_p_fuel                         = $5B0B ; addr, public, , mk1_c, bss_compiler, mk1.c::main::0::135:118
_p_killed                       = $5B0C ; addr, public, , mk1_c, bss_compiler, mk1.c::main::0::135:118
_p_disparando                   = $5B0D ; addr, public, , mk1_c, bss_compiler, mk1.c::main::0::135:118
_p_facing_v                     = $5B0E ; addr, public, , mk1_c, bss_compiler, mk1.c::main::0::135:118
_p_facing_h                     = $5B0F ; addr, public, , mk1_c, bss_compiler, mk1.c::main::0::135:118
_p_ammo                         = $5B10 ; addr, public, , mk1_c, bss_compiler, mk1.c::main::0::135:118
_p_killme                       = $5B11 ; addr, public, , mk1_c, bss_compiler, mk1.c::main::0::135:118
_p_kill_amt                     = $5B12 ; addr, public, , mk1_c, bss_compiler, mk1.c::main::0::135:118
_p_tx                           = $5B13 ; addr, public, , mk1_c, bss_compiler, mk1.c::main::0::135:118
_p_ty                           = $5B14 ; addr, public, , mk1_c, bss_compiler, mk1.c::main::0::135:118
_ptgmx                          = $5B15 ; addr, public, , mk1_c, bss_compiler, mk1.c::main::0::135:118
_ptgmy                          = $5B17 ; addr, public, , mk1_c, bss_compiler, mk1.c::main::0::135:118
_spacer                         = $0B60 ; addr, public, , mk1_c, data_compiler, definitions.h:127
_enit                           = $5B19 ; addr, public, , mk1_c, bss_compiler, mk1.c::main::0::135:118
_enspit                         = $5B1A ; addr, public, , mk1_c, bss_compiler, mk1.c::main::0::135:118
__en_x                          = $5B1B ; addr, public, , mk1_c, bss_compiler, mk1.c::main::0::135:118
__en_y                          = $5B1C ; addr, public, , mk1_c, bss_compiler, mk1.c::main::0::135:118
__en_x1                         = $5B1D ; addr, public, , mk1_c, bss_compiler, mk1.c::main::0::135:118
__en_y1                         = $5B1E ; addr, public, , mk1_c, bss_compiler, mk1.c::main::0::135:118
__en_x2                         = $5B1F ; addr, public, , mk1_c, bss_compiler, mk1.c::main::0::135:118
__en_y2                         = $5B20 ; addr, public, , mk1_c, bss_compiler, mk1.c::main::0::135:118
__en_mx                         = $5B21 ; addr, public, , mk1_c, bss_compiler, mk1.c::main::0::135:118
__en_my                         = $5B22 ; addr, public, , mk1_c, bss_compiler, mk1.c::main::0::135:118
__en_t                          = $5B23 ; addr, public, , mk1_c, bss_compiler, mk1.c::main::0::135:118
__en_life                       = $5B24 ; addr, public, , mk1_c, bss_compiler, mk1.c::main::0::135:118
__baddies_pointer               = $5B25 ; addr, public, , mk1_c, bss_compiler, mk1.c::main::0::135:118
_hotspot_x                      = $5B27 ; addr, public, , mk1_c, bss_compiler, mk1.c::main::0::135:118
_hotspot_y                      = $5B28 ; addr, public, , mk1_c, bss_compiler, mk1.c::main::0::135:118
_hotspot_destroy                = $5B29 ; addr, public, , mk1_c, bss_compiler, mk1.c::main::0::135:118
_orig_tile                      = $5B2A ; addr, public, , mk1_c, bss_compiler, mk1.c::main::0::135:118
_flags                          = $5B2B ; addr, public, , mk1_c, bss_compiler, mk1.c::main::0::135:118
_o_pant                         = $5B3B ; addr, public, , mk1_c, bss_compiler, mk1.c::main::0::135:118
_n_pant                         = $5B3C ; addr, public, , mk1_c, bss_compiler, mk1.c::main::0::135:118
_is_rendering                   = $5B3D ; addr, public, , mk1_c, bss_compiler, mk1.c::main::0::135:118
_level                          = $5B3E ; addr, public, , mk1_c, bss_compiler, mk1.c::main::0::135:118
_slevel                         = $5B3F ; addr, public, , mk1_c, bss_compiler, mk1.c::main::0::135:118
_warp_to_level                  = $0B62 ; addr, public, , mk1_c, data_compiler, definitions.h:209
_maincounter                    = $5B40 ; addr, public, , mk1_c, bss_compiler, mk1.c::main::0::135:118
_gpx                            = $5B41 ; addr, public, , mk1_c, bss_compiler, mk1.c::main::0::135:118
_gpox                           = $5B42 ; addr, public, , mk1_c, bss_compiler, mk1.c::main::0::135:118
_gpy                            = $5B43 ; addr, public, , mk1_c, bss_compiler, mk1.c::main::0::135:118
_gpd                            = $5B44 ; addr, public, , mk1_c, bss_compiler, mk1.c::main::0::135:118
_gpc                            = $5B45 ; addr, public, , mk1_c, bss_compiler, mk1.c::main::0::135:118
_gpt                            = $5B46 ; addr, public, , mk1_c, bss_compiler, mk1.c::main::0::135:118
_gpxx                           = $5B47 ; addr, public, , mk1_c, bss_compiler, mk1.c::main::0::135:118
_gpyy                           = $5B48 ; addr, public, , mk1_c, bss_compiler, mk1.c::main::0::135:118
_gpcx                           = $5B49 ; addr, public, , mk1_c, bss_compiler, mk1.c::main::0::135:118
_gpcy                           = $5B4A ; addr, public, , mk1_c, bss_compiler, mk1.c::main::0::135:118
_possee                         = $5B4B ; addr, public, , mk1_c, bss_compiler, mk1.c::main::0::135:118
_hit_v                          = $5B4C ; addr, public, , mk1_c, bss_compiler, mk1.c::main::0::135:118
_hit_h                          = $5B4D ; addr, public, , mk1_c, bss_compiler, mk1.c::main::0::135:118
_hit                            = $5B4E ; addr, public, , mk1_c, bss_compiler, mk1.c::main::0::135:118
_wall_h                         = $5B4F ; addr, public, , mk1_c, bss_compiler, mk1.c::main::0::135:118
_wall_v                         = $5B50 ; addr, public, , mk1_c, bss_compiler, mk1.c::main::0::135:118
_gpen_x                         = $5B51 ; addr, public, , mk1_c, bss_compiler, mk1.c::main::0::135:118
_gpen_y                         = $5B52 ; addr, public, , mk1_c, bss_compiler, mk1.c::main::0::135:118
_gpen_cx                        = $5B53 ; addr, public, , mk1_c, bss_compiler, mk1.c::main::0::135:118
_gpen_cy                        = $5B54 ; addr, public, , mk1_c, bss_compiler, mk1.c::main::0::135:118
_gpaux                          = $5B55 ; addr, public, , mk1_c, bss_compiler, mk1.c::main::0::135:118
_tocado                         = $5B56 ; addr, public, , mk1_c, bss_compiler, mk1.c::main::0::135:118
_active                         = $5B57 ; addr, public, , mk1_c, bss_compiler, mk1.c::main::0::135:118
_gpit                           = $5B58 ; addr, public, , mk1_c, bss_compiler, mk1.c::main::0::135:118
_gpjt                           = $5B59 ; addr, public, , mk1_c, bss_compiler, mk1.c::main::0::135:118
_enoffsmasi                     = $5B5A ; addr, public, , mk1_c, bss_compiler, mk1.c::main::0::135:118
_gpint                          = $5B5C ; addr, public, , mk1_c, bss_compiler, mk1.c::main::0::135:118
_map_pointer                    = $5B5E ; addr, public, , mk1_c, bss_compiler, mk1.c::main::0::135:118
_rdx                            = $5B60 ; addr, public, , mk1_c, bss_compiler, mk1.c::main::0::135:118
_rdy                            = $5B61 ; addr, public, , mk1_c, bss_compiler, mk1.c::main::0::135:118
_rda                            = $5B62 ; addr, public, , mk1_c, bss_compiler, mk1.c::main::0::135:118
_rdb                            = $5B63 ; addr, public, , mk1_c, bss_compiler, mk1.c::main::0::135:118
_rdc                            = $5B64 ; addr, public, , mk1_c, bss_compiler, mk1.c::main::0::135:118
_rdd                            = $5B65 ; addr, public, , mk1_c, bss_compiler, mk1.c::main::0::135:118
_rdn                            = $5B66 ; addr, public, , mk1_c, bss_compiler, mk1.c::main::0::135:118
_rdt                            = $5B67 ; addr, public, , mk1_c, bss_compiler, mk1.c::main::0::135:118
_itj                            = $5B68 ; addr, public, , mk1_c, bss_compiler, mk1.c::main::0::135:118
_objs_old                       = $5B6A ; addr, public, , mk1_c, bss_compiler, mk1.c::main::0::135:118
_keys_old                       = $5B6B ; addr, public, , mk1_c, bss_compiler, mk1.c::main::0::135:118
_life_old                       = $5B6C ; addr, public, , mk1_c, bss_compiler, mk1.c::main::0::135:118
_killed_old                     = $5B6D ; addr, public, , mk1_c, bss_compiler, mk1.c::main::0::135:118
_gen_pt                         = $5B6E ; addr, public, , mk1_c, bss_compiler, mk1.c::main::0::135:118
_playing                        = $5B70 ; addr, public, , mk1_c, bss_compiler, mk1.c::main::0::135:118
_success                        = $5B71 ; addr, public, , mk1_c, bss_compiler, mk1.c::main::0::135:118
__x                             = $5B72 ; addr, public, , mk1_c, bss_compiler, mk1.c::main::0::135:118
__y                             = $5B73 ; addr, public, , mk1_c, bss_compiler, mk1.c::main::0::135:118
__n                             = $5B74 ; addr, public, , mk1_c, bss_compiler, mk1.c::main::0::135:118
__t                             = $5B75 ; addr, public, , mk1_c, bss_compiler, mk1.c::main::0::135:118
_cx1                            = $5B76 ; addr, public, , mk1_c, bss_compiler, mk1.c::main::0::135:118
_cy1                            = $5B77 ; addr, public, , mk1_c, bss_compiler, mk1.c::main::0::135:118
_cx2                            = $5B78 ; addr, public, , mk1_c, bss_compiler, mk1.c::main::0::135:118
_cy2                            = $5B79 ; addr, public, , mk1_c, bss_compiler, mk1.c::main::0::135:118
_at1                            = $5B7A ; addr, public, , mk1_c, bss_compiler, mk1.c::main::0::135:118
_at2                            = $5B7B ; addr, public, , mk1_c, bss_compiler, mk1.c::main::0::135:118
_x0                             = $5B7C ; addr, public, , mk1_c, bss_compiler, mk1.c::main::0::135:118
_y0                             = $5B7D ; addr, public, , mk1_c, bss_compiler, mk1.c::main::0::135:118
_x1                             = $5B7E ; addr, public, , mk1_c, bss_compiler, mk1.c::main::0::135:118
_y1                             = $5B7F ; addr, public, , mk1_c, bss_compiler, mk1.c::main::0::135:118
_ptx1                           = $5B80 ; addr, public, , mk1_c, bss_compiler, mk1.c::main::0::135:118
_pty1                           = $5B81 ; addr, public, , mk1_c, bss_compiler, mk1.c::main::0::135:118
_ptx2                           = $5B82 ; addr, public, , mk1_c, bss_compiler, mk1.c::main::0::135:118
_pty2                           = $5B83 ; addr, public, , mk1_c, bss_compiler, mk1.c::main::0::135:118
_pty2b                          = $5B84 ; addr, public, , mk1_c, bss_compiler, mk1.c::main::0::135:118
__gp_gen                        = $5B85 ; addr, public, , mk1_c, bss_compiler, mk1.c::main::0::135:118
_def_keys_joy                   = $182A ; addr, public, , mk1_c, code_compiler, definitions.h:327
_isr_player_on                  = $5B87 ; addr, public, , mk1_c, bss_compiler, mk1.c::main::0::135:118
_t_seconds                      = $5B88 ; addr, public, , mk1_c, bss_compiler, mk1.c::main::0::135:118
_is_joystick                    = $5B8A ; addr, public, , mk1_c, bss_compiler, mk1.c::main::0::135:118
_ram_address                    = $5B8B ; addr, public, , mk1_c, bss_compiler, mk1.c::main::0::135:118
_ram_destination                = $5B8D ; addr, public, , mk1_c, bss_compiler, mk1.c::main::0::135:118
_s_title                        = $191F ; addr, public, , mk1_c, code_compiler, pantallas.h::unpack::0::1:13
_s_marco                        = $1DA6 ; addr, public, , mk1_c, code_compiler, pantallas.h::unpack::0::1:13
_s_ending                       = $1ED5 ; addr, public, , mk1_c, code_compiler, pantallas.h::unpack::0::1:25
_show_buffer_and_tiles          = $2228 ; addr, public, , mk1_c, code_compiler, pantallas.h::show_buffer_and_tiles::0::2:55
_my_inks                        = $5AC2 ; addr, public, , mk1_c, rodata_compiler, assets/pal.h::show_buffer_and_tiles::0::3:5
_mapa                           = $0B63 ; addr, public, , mk1_c, data_compiler, assets/mapa.h::show_buffer_and_tiles::0::3:5
_cerrojos                       = $142D ; addr, public, , mk1_c, data_compiler, assets/mapa.h::show_buffer_and_tiles::0::3:48
_tileset                        = $2235 ; addr, public, , mk1_c, code_compiler, assets/tileset.h::show_buffer_and_tiles::0::3:5
_malotes                        = $143D ; addr, public, , mk1_c, data_compiler, assets/enems.h::show_buffer_and_tiles::0::3:17
_hotspots                       = $1767 ; addr, public, , mk1_c, data_compiler, assets/enems.h::show_buffer_and_tiles::0::3:186
_sprites                        = $3235 ; addr, public, , mk1_c, code_compiler, assets/sprites.h::show_buffer_and_tiles::0::3:10
_sprite_18_a                    = $3635 ; addr, public, , mk1_c, code_compiler, assets/extrasprites.h::show_buffer_and_tiles::0::3:29
_sm_cox                         = $17C1 ; addr, public, , mk1_c, data_compiler, assets/spriteset_mappings.h::show_buffer_and_tiles::0::3:9
_sm_coy                         = $17D1 ; addr, public, , mk1_c, data_compiler, assets/spriteset_mappings.h::show_buffer_and_tiles::0::3:14
_sm_invfunc                     = $17E1 ; addr, public, , mk1_c, data_compiler, assets/spriteset_mappings.h::show_buffer_and_tiles::0::3:19
_sm_updfunc                     = $1801 ; addr, public, , mk1_c, data_compiler, assets/spriteset_mappings.h::show_buffer_and_tiles::0::3:26
_sm_sprptr                      = $3695 ; addr, public, , mk1_c, code_compiler, assets/spriteset_mappings.h::show_buffer_and_tiles::0::3:34
_trpixlutc                      = $36B5 ; addr, public, , mk1_c, code_compiler, assets/trpixlut.h::show_buffer_and_tiles::0::3:6
__tile_address                  = $372A ; addr, public, , mk1_c, code_compiler, printer.h::_tile_address::0::5:134
_utaux                          = $1821 ; addr, public, , mk1_c, data_compiler, printer.h::draw_decorations::0::12:535
_pal_set                        = $38C4 ; addr, public, , mk1_c, code_compiler, printer.h::pal_set::0::18:727
_wyz_songs                      = $4FC8 ; addr, public, , mk1_c, code_compiler, my/wyz/songs.h::hotspots_do::0::103:6
_title_screen                   = $568D ; addr, public, , mk1_c, code_compiler, my/title_screen.h::title_screen::0::107:6
_main                           = $575C ; addr, public, , mk1_c, code_compiler, mainloop.h::main::0::116:7
cpc_ShowTileMap                 = $057E ; addr, public, , cpc_ShowTileMap, , cpc_ShowTileMap.asm:20
cpc_ResetTouchedTiles           = $0619 ; addr, public, , cpc_ResetTouchedTiles, , cpc_ResetTouchedTiles.asm:18
cpc_UpdScr                      = $0627 ; addr, public, , cpc_UpdScr, , cpc_UpdScr.asm:29
cpc_ShowTouchedTiles            = $0704 ; addr, public, , cpc_ShowTouchedTiles, , cpc_ShowTouchedTiles.asm:36
cpc_PutSpTileMap4x8             = $0814 ; addr, public, , cpc_PutSpTileMap4x8, , cpc_PutSpTileMap4x8.asm:25
cpc_PutSpTileMap8x16Px          = $0861 ; addr, public, , cpc_PutSpTileMap8x16Px, , cpc_PutSpTileMap8x16Px.asm:26
cpc_TestKey                     = $08CB ; addr, public, , cpc_TestKey, , cpc_TestKey.asm:14
cpc_TestKeyboard                = $08E5 ; addr, public, , cpc_TestKeyboard, , cpc_TestKeyboard.asm:3
cpc_AnyKeyPressed               = $0909 ; addr, public, , cpc_AnyKeyPressed, , cpc_AnyKeyPressed.asm:11
cpc_SetMode                     = $0923 ; addr, public, , cpc_SetMode, , cpc_SetMode.asm:8
cpc_SetColour                   = $092D ; addr, public, , cpc_SetColour, , cpc_SetColour.asm:8
cpc_UpdTileTable                = $094E ; addr, public, , cpc_UpdTileTable, , cpc_UpdTileTable.asm:54
cpc_UpdTileTableClp             = $0940 ; addr, public, , cpc_UpdTileTable, , cpc_UpdTileTable.asm:32
cpc_PutTrSp4x8TileMap2b         = $096D ; addr, public, , cpc_PutTrSp4x8TileMap2b, , cpc_PutTrSp4x8TileMap2b.asm:19
cpc_PutTrSp8x16TileMap2bPx      = $09B2 ; addr, public, , cpc_PutTrSp8x16TileMap2bPx, , cpc_PutTrSp8x16TileMap2bPx.asm:20
cpc_KeysData                    = $0A8C ; addr, public, , cpc_KeysData, , cpc_KeysData.asm:14
tabla_teclas                    = $0A98 ; addr, public, , cpc_KeysData, , cpc_KeysData.asm:40
keymap                          = $0A8C ; addr, public, , cpc_KeysData, , cpc_KeysData.asm:41
cpc_Bit2Mask                    = $0AB1 ; addr, public, , cpc_Bit2Mask, , cpc_Bit2Mask.asm:5
cpc_TblLookup                   = $0AB9 ; addr, public, , cpc_TblLookup, , cpc_TblLookup.asm:11
cpc_InvalidateRect              = $0AC0 ; addr, public, , cpc_InvalidateRect, , cpc_InvalidateRect.asm:29
cpc_bitright2mask               = $0B20 ; addr, public, , cpc_bitright2mask, , cpc_bitright2mask.asm:4
cpc_bitleft2mask                = $0B28 ; addr, public, , cpc_bitleft2mask, , cpc_bitleft2mask.asm:4
l_div_u                         = $5C06 ; addr, public, , l_div_u, code_crt0_sccz80, sccz80/crt0_z80/l_div_u.asm:17
l_divu_16_16x16                 = $5C07 ; addr, public, , l_divu_16_16x16, code_math, ../_DEVELOPMENT/math/integer/l_divu_16_16x16.asm:22
l0_divu_16_16x16                = $5C0B ; addr, public, , l_divu_16_16x16, code_math, ../_DEVELOPMENT/math/integer/l_divu_16_16x16.asm:23
l_small_divu_16_16x16           = $5C07 ; addr, public, , l_small_divu_16_16x16, code_math, ../_DEVELOPMENT/math/integer/small/l_small_divu_16_16x16.asm:17
l0_small_divu_16_16x16          = $5C0B ; addr, public, , l_small_divu_16_16x16, code_math, ../_DEVELOPMENT/math/integer/small/l_small_divu_16_16x16.asm:42
l_small_divu_16_16x8            = $5C27 ; addr, public, , l_small_divu_16_16x16, code_math, ../_DEVELOPMENT/math/integer/small/l_small_divu_16_16x16.asm:87
l0_small_divu_16_16x8           = $5C2B ; addr, public, , l_small_divu_16_16x16, code_math, ../_DEVELOPMENT/math/integer/small/l_small_divu_16_16x16.asm:112
error_divide_by_zero_mc         = $5C64 ; addr, public, , error_divide_by_zero_mc, code_error, ../_DEVELOPMENT/error/z80/error_divide_by_zero_mc.asm:12
error_edom_mc                   = $5C64 ; addr, public, , error_edom_mc, code_error, ../_DEVELOPMENT/error/z80/error_edom_mc.asm:57
errno_mc                        = $5C66 ; addr, public, , errno_mc, code_error, ../_DEVELOPMENT/error/z80/errno_mc.asm:21
_errno                          = $5C76 ; addr, public, , _errno, bss_error, ../_DEVELOPMENT/error/z80/_errno.asm:7
error_mc                        = $5C71 ; addr, public, , error_mc, code_error, ../_DEVELOPMENT/error/z80/error_mc.asm:11
l_eq                            = $5B8F ; addr, public, , l_eq, code_crt0_sccz80, sccz80/crt0_z80/l_eq.asm:17
l_gchar                         = $5B99 ; addr, public, , l_gchar, code_crt0_sccz80, sccz80/crt0_z80/l_gchar.asm:11
l_gint                          = $5B9F ; addr, public, , l_gint, code_crt0_sccz80, sccz80/crt0_z80/l_gint.asm:11
l_gintsp                        = $5BA4 ; addr, public, , l_gintsp, code_crt0_sccz80, sccz80/crt0_z80/l_gintsp.asm:7
l_gt                            = $5BAC ; addr, public, , l_gt, code_crt0_sccz80, sccz80/crt0_z80/l_gt.asm:15
l_compare_result                = $5BBC ; addr, public, , l_compare_result, code_crt0_sccz80, sccz80/crt0_z80/l_compare_result.asm:4
l_lneg                          = $5BC2 ; addr, public, , l_lneg, code_crt0_sccz80, sccz80/crt0_z80/l_lneg.asm:14
l_lt                            = $5BCB ; addr, public, , l_lt, code_crt0_sccz80, sccz80/crt0_z80/l_lt.asm:15
l_mult                          = $5C41 ; addr, public, , l_mul, code_crt0_sccz80, sccz80/crt0_z80/l_mul.asm:12
l_mulu_16_16x16                 = $5C41 ; addr, public, , l_mulu_16_16x16, code_math, ../_DEVELOPMENT/math/integer/l_mulu_16_16x16.asm:36
l_small_mul_16_16x16            = $5C41 ; addr, public, , l_small_mul_16_16x16, code_math, ../_DEVELOPMENT/math/integer/small/l_small_mul_16_16x16.asm:10
l_small_mul_16_16x8             = $5C50 ; addr, public, , l_small_mul_16_16x16, code_math, ../_DEVELOPMENT/math/integer/small/l_small_mul_16_16x16.asm:42
l_ne                            = $5BDB ; addr, public, , l_ne, code_crt0_sccz80, sccz80/crt0_z80/l_ne.asm:16
l_neg                           = $5BE6 ; addr, public, , l_neg, code_crt0_sccz80, sccz80/crt0_z80/l_neg.asm:13
l_pint                          = $5BEE ; addr, public, , l_pint, code_crt0_sccz80, sccz80/crt0_z80/l_pint.asm:11
l_pint_pop                      = $5BF4 ; addr, public, , l_pint_pop, code_crt0_sccz80, sccz80/crt0_z80/l_pint_pop.asm:12
l_uge                           = $5BFA ; addr, public, , l_uge, code_crt0_sccz80, sccz80/crt0_z80/l_uge.asm:18
__head                          = $0400 ; const, public, def, , ,
__tail                          = $5C78 ; const, public, def, , ,
__size                          = $5878 ; const, public, def, , ,
__data_compiler_head            = $0B30 ; const, public, def, , ,
__data_compiler_tail            = $1822 ; const, public, def, , ,
__data_compiler_size            = $0CF2 ; const, public, def, , ,
__code_compiler_head            = $1822 ; const, public, def, , ,
__code_compiler_tail            = $5AC2 ; const, public, def, , ,
__code_compiler_size            = $42A0 ; const, public, def, , ,
__rodata_compiler_head          = $5AC2 ; const, public, def, , ,
__rodata_compiler_tail          = $5AEC ; const, public, def, , ,
__rodata_compiler_size          = $002A ; const, public, def, , ,
__bss_compiler_head             = $5AEC ; const, public, def, , ,
__bss_compiler_tail             = $5B8F ; const, public, def, , ,
__bss_compiler_size             = $00A3 ; const, public, def, , ,
__code_crt0_sccz80_head         = $5B8F ; const, public, def, , ,
__code_crt0_sccz80_tail         = $5C06 ; const, public, def, , ,
__code_crt0_sccz80_size         = $0077 ; const, public, def, , ,
__code_clib_head                = $5C06 ; const, public, def, , ,
__code_clib_tail                = $5C06 ; const, public, def, , ,
__code_clib_size                = $0000 ; const, public, def, , ,
__code_math_head                = $5C06 ; const, public, def, , ,
__code_math_tail                = $5C61 ; const, public, def, , ,
__code_math_size                = $005B ; const, public, def, , ,
__code_error_head               = $5C61 ; const, public, def, , ,
__code_error_tail               = $5C76 ; const, public, def, , ,
__code_error_size               = $0015 ; const, public, def, , ,
__bss_clib_head                 = $5C76 ; const, public, def, , ,
__bss_clib_tail                 = $5C76 ; const, public, def, , ,
__bss_clib_size                 = $0000 ; const, public, def, , ,
__bss_error_head                = $5C76 ; const, public, def, , ,
__bss_error_tail                = $5C78 ; const, public, def, , ,
__bss_error_size                = $0002 ; const, public, def, , ,
